
There are no discarded input sections

Memory Configuration

Name             Origin             Length             Attributes
flash            0x00000000         0x00008000
ram              0x10000000         0x00002000
*default*        0x00000000         0xffffffff

Linker script and memory map

LOAD build/blink.o
LOAD build/init.o
                0x00000000                        . = ORIGIN (flash)

.text           0x00000000      0x4b4
 *(.vectors)
 .vectors       0x00000000       0xc0 build/init.o
                0x00000000                Vectors
 *(.text)
 .text          0x000000c0      0x2f4 build/blink.o
                0x000000c0                main
                0x00000328                SysTick_Handler
                0x00000348                delay_ms
 .text          0x000003b4      0x100 build/init.o
                0x000003b4                clock_init
                0x00000434                init
                0x000004ac                Default_Handler

.glue_7         0x000004b4        0x0
 .glue_7        0x000004b4        0x0 linker stubs

.glue_7t        0x000004b4        0x0
 .glue_7t       0x000004b4        0x0 linker stubs

.vfp11_veneer   0x000004b4        0x0
 .vfp11_veneer  0x000004b4        0x0 linker stubs

.v4_bx          0x000004b4        0x0
 .v4_bx         0x000004b4        0x0 linker stubs

.iplt           0x000004b4        0x0
 .iplt          0x000004b4        0x0 build/blink.o

.rel.dyn        0x000004b4        0x0
 .rel.iplt      0x000004b4        0x0 build/blink.o
                0x10000000                        . = ORIGIN (ram)

.data           0x10000000        0x0 load address 0x000004b4
                0x000004b4                        INIT_DATA_VALUES = LOADADDR (.data)
                0x10000000                        INIT_DATA_START = .
 *(.data)
 .data          0x10000000        0x0 build/blink.o
 .data          0x10000000        0x0 build/init.o
                0x10000000                        INIT_DATA_END = .
                0x10000000                        BSS_START = .

.igot.plt       0x10000000        0x0 load address 0x000004b4
 .igot.plt      0x10000000        0x0 build/blink.o

.bss            0x10000000        0x4 load address 0x000004b4
 *(.bss)
 .bss           0x10000000        0x4 build/blink.o
                0x10000000                delaytime
 .bss           0x10000004        0x0 build/init.o
                0x10000004                        BSS_END = .
OUTPUT(build/blink.elf elf32-littlearm)
LOAD linker stubs

.debug_info     0x00000000      0x238
 .debug_info    0x00000000      0x123 build/blink.o
 .debug_info    0x00000123      0x115 build/init.o

.debug_abbrev   0x00000000      0x1f9
 .debug_abbrev  0x00000000       0xf0 build/blink.o
 .debug_abbrev  0x000000f0      0x109 build/init.o

.debug_aranges  0x00000000       0x40
 .debug_aranges
                0x00000000       0x20 build/blink.o
 .debug_aranges
                0x00000020       0x20 build/init.o

.debug_line     0x00000000      0x36e
 .debug_line    0x00000000      0x292 build/blink.o
 .debug_line    0x00000292       0xdc build/init.o

.debug_str      0x00000000      0x205
 .debug_str     0x00000000      0x205 build/blink.o
                                0x1a7 (size before relaxing)
 .debug_str     0x00000205      0x124 build/init.o

.comment        0x00000000       0x45
 .comment       0x00000000       0x45 build/blink.o
                                 0x46 (size before relaxing)
 .comment       0x00000045       0x46 build/init.o

.ARM.attributes
                0x00000000       0x2c
 .ARM.attributes
                0x00000000       0x2c build/blink.o
 .ARM.attributes
                0x0000002c       0x2c build/init.o

.debug_frame    0x00000000       0xf4
 .debug_frame   0x00000000       0x8c build/blink.o
 .debug_frame   0x0000008c       0x68 build/init.o

Cross Reference Table

Symbol                                            File
BSS_END                                           build/init.o
BSS_START                                         build/init.o
Default_Handler                                   build/init.o
INIT_DATA_END                                     build/init.o
INIT_DATA_START                                   build/init.o
INIT_DATA_VALUES                                  build/init.o
SysTick_Handler                                   build/blink.o
                                                  build/init.o
Vectors                                           build/init.o
clock_init                                        build/init.o
delay_ms                                          build/blink.o
delaytime                                         build/blink.o
init                                              build/init.o
main                                              build/blink.o
                                                  build/init.o
