Archive member included to satisfy reference by file (symbol)

C:/Program Files (x86)/Arm GNU Toolchain arm-none-eabi/13.3 rel1/bin/../lib/gcc/arm-none-eabi/13.3.1/thumb/v6-m/nofp\libgcc.a(_thumb1_case_uqi.o)
                              build/fsl_clock.o (__gnu_thumb1_case_uqi)
C:/Program Files (x86)/Arm GNU Toolchain arm-none-eabi/13.3 rel1/bin/../lib/gcc/arm-none-eabi/13.3.1/thumb/v6-m/nofp\libgcc.a(_udivsi3.o)
                              build/EX2_PART1.o (__aeabi_uidiv)
C:/Program Files (x86)/Arm GNU Toolchain arm-none-eabi/13.3 rel1/bin/../lib/gcc/arm-none-eabi/13.3.1/thumb/v6-m/nofp\libgcc.a(_divsi3.o)
                              build/system_LPC824.o (__aeabi_idiv)
C:/Program Files (x86)/Arm GNU Toolchain arm-none-eabi/13.3 rel1/bin/../lib/gcc/arm-none-eabi/13.3.1/thumb/v6-m/nofp\libgcc.a(_dvmd_tls.o)
                              C:/Program Files (x86)/Arm GNU Toolchain arm-none-eabi/13.3 rel1/bin/../lib/gcc/arm-none-eabi/13.3.1/thumb/v6-m/nofp\libgcc.a(_udivsi3.o) (__aeabi_idiv0)
C:/Program Files (x86)/Arm GNU Toolchain arm-none-eabi/13.3 rel1/bin/../lib/gcc/arm-none-eabi/13.3.1/thumb/v6-m/nofp\libgcc.a(_aeabi_ldivmod.o)
                              build/fsl_clock.o (__aeabi_ldivmod)
C:/Program Files (x86)/Arm GNU Toolchain arm-none-eabi/13.3 rel1/bin/../lib/gcc/arm-none-eabi/13.3.1/thumb/v6-m/nofp\libgcc.a(_aeabi_uldivmod.o)
                              build/fsl_common_arm.o (__aeabi_uldivmod)
C:/Program Files (x86)/Arm GNU Toolchain arm-none-eabi/13.3 rel1/bin/../lib/gcc/arm-none-eabi/13.3.1/thumb/v6-m/nofp\libgcc.a(_muldi3.o)
                              build/fsl_common_arm.o (__aeabi_lmul)
C:/Program Files (x86)/Arm GNU Toolchain arm-none-eabi/13.3 rel1/bin/../lib/gcc/arm-none-eabi/13.3.1/thumb/v6-m/nofp\libgcc.a(_udivmoddi4.o)
                              C:/Program Files (x86)/Arm GNU Toolchain arm-none-eabi/13.3 rel1/bin/../lib/gcc/arm-none-eabi/13.3.1/thumb/v6-m/nofp\libgcc.a(_aeabi_uldivmod.o) (__udivmoddi4)
C:/Program Files (x86)/Arm GNU Toolchain arm-none-eabi/13.3 rel1/bin/../lib/gcc/arm-none-eabi/13.3.1/thumb/v6-m/nofp\libgcc.a(bpabi.o)
                              C:/Program Files (x86)/Arm GNU Toolchain arm-none-eabi/13.3 rel1/bin/../lib/gcc/arm-none-eabi/13.3.1/thumb/v6-m/nofp\libgcc.a(_aeabi_ldivmod.o) (__gnu_ldivmod_helper)
C:/Program Files (x86)/Arm GNU Toolchain arm-none-eabi/13.3 rel1/bin/../lib/gcc/arm-none-eabi/13.3.1/thumb/v6-m/nofp\libgcc.a(_clzdi2.o)
                              C:/Program Files (x86)/Arm GNU Toolchain arm-none-eabi/13.3 rel1/bin/../lib/gcc/arm-none-eabi/13.3.1/thumb/v6-m/nofp\libgcc.a(_udivmoddi4.o) (__clzdi2)
C:/Program Files (x86)/Arm GNU Toolchain arm-none-eabi/13.3 rel1/bin/../lib/gcc/arm-none-eabi/13.3.1/thumb/v6-m/nofp\libgcc.a(_divdi3.o)
                              C:/Program Files (x86)/Arm GNU Toolchain arm-none-eabi/13.3 rel1/bin/../lib/gcc/arm-none-eabi/13.3.1/thumb/v6-m/nofp\libgcc.a(bpabi.o) (__divdi3)
C:/Program Files (x86)/Arm GNU Toolchain arm-none-eabi/13.3 rel1/bin/../lib/gcc/arm-none-eabi/13.3.1/thumb/v6-m/nofp\libgcc.a(_clzsi2.o)
                              C:/Program Files (x86)/Arm GNU Toolchain arm-none-eabi/13.3 rel1/bin/../lib/gcc/arm-none-eabi/13.3.1/thumb/v6-m/nofp\libgcc.a(_clzdi2.o) (__clzsi2)
C:/Program Files (x86)/Arm GNU Toolchain arm-none-eabi/13.3 rel1/bin/../lib/gcc/arm-none-eabi/13.3.1/thumb/v6-m/nofp\libc_nano.a(libc_a-exit.o)
                              C:/Program Files (x86)/Arm GNU Toolchain arm-none-eabi/13.3 rel1/bin/../lib/gcc/arm-none-eabi/13.3.1/thumb/v6-m/nofp/crt0.o (exit)
C:/Program Files (x86)/Arm GNU Toolchain arm-none-eabi/13.3 rel1/bin/../lib/gcc/arm-none-eabi/13.3.1/thumb/v6-m/nofp\libc_nano.a(libc_a-malloc.o)
                              build/fsl_common.o (malloc)
C:/Program Files (x86)/Arm GNU Toolchain arm-none-eabi/13.3 rel1/bin/../lib/gcc/arm-none-eabi/13.3.1/thumb/v6-m/nofp\libc_nano.a(libc_a-mallocr.o)
                              C:/Program Files (x86)/Arm GNU Toolchain arm-none-eabi/13.3 rel1/bin/../lib/gcc/arm-none-eabi/13.3.1/thumb/v6-m/nofp\libc_nano.a(libc_a-malloc.o) (_malloc_r)
C:/Program Files (x86)/Arm GNU Toolchain arm-none-eabi/13.3 rel1/bin/../lib/gcc/arm-none-eabi/13.3.1/thumb/v6-m/nofp\libc_nano.a(libc_a-mlock.o)
                              C:/Program Files (x86)/Arm GNU Toolchain arm-none-eabi/13.3 rel1/bin/../lib/gcc/arm-none-eabi/13.3.1/thumb/v6-m/nofp\libc_nano.a(libc_a-mallocr.o) (__malloc_lock)
C:/Program Files (x86)/Arm GNU Toolchain arm-none-eabi/13.3 rel1/bin/../lib/gcc/arm-none-eabi/13.3.1/thumb/v6-m/nofp\libc_nano.a(libc_a-findfp.o)
                              C:/Program Files (x86)/Arm GNU Toolchain arm-none-eabi/13.3 rel1/bin/../lib/gcc/arm-none-eabi/13.3.1/thumb/v6-m/nofp\libc_nano.a(libc_a-exit.o) (__stdio_exit_handler)
C:/Program Files (x86)/Arm GNU Toolchain arm-none-eabi/13.3 rel1/bin/../lib/gcc/arm-none-eabi/13.3.1/thumb/v6-m/nofp\libc_nano.a(libc_a-fwalk.o)
                              C:/Program Files (x86)/Arm GNU Toolchain arm-none-eabi/13.3 rel1/bin/../lib/gcc/arm-none-eabi/13.3.1/thumb/v6-m/nofp\libc_nano.a(libc_a-findfp.o) (_fwalk_sglue)
C:/Program Files (x86)/Arm GNU Toolchain arm-none-eabi/13.3 rel1/bin/../lib/gcc/arm-none-eabi/13.3.1/thumb/v6-m/nofp\libc_nano.a(libc_a-stdio.o)
                              C:/Program Files (x86)/Arm GNU Toolchain arm-none-eabi/13.3 rel1/bin/../lib/gcc/arm-none-eabi/13.3.1/thumb/v6-m/nofp\libc_nano.a(libc_a-findfp.o) (__sread)
C:/Program Files (x86)/Arm GNU Toolchain arm-none-eabi/13.3 rel1/bin/../lib/gcc/arm-none-eabi/13.3.1/thumb/v6-m/nofp\libc_nano.a(libc_a-memset.o)
                              C:/Program Files (x86)/Arm GNU Toolchain arm-none-eabi/13.3 rel1/bin/../lib/gcc/arm-none-eabi/13.3.1/thumb/v6-m/nofp/crt0.o (memset)
C:/Program Files (x86)/Arm GNU Toolchain arm-none-eabi/13.3 rel1/bin/../lib/gcc/arm-none-eabi/13.3.1/thumb/v6-m/nofp\libc_nano.a(libc_a-closer.o)
                              C:/Program Files (x86)/Arm GNU Toolchain arm-none-eabi/13.3 rel1/bin/../lib/gcc/arm-none-eabi/13.3.1/thumb/v6-m/nofp\libc_nano.a(libc_a-stdio.o) (_close_r)
C:/Program Files (x86)/Arm GNU Toolchain arm-none-eabi/13.3 rel1/bin/../lib/gcc/arm-none-eabi/13.3.1/thumb/v6-m/nofp\libc_nano.a(libc_a-reent.o)
                              C:/Program Files (x86)/Arm GNU Toolchain arm-none-eabi/13.3 rel1/bin/../lib/gcc/arm-none-eabi/13.3.1/thumb/v6-m/nofp\libc_nano.a(libc_a-closer.o) (errno)
C:/Program Files (x86)/Arm GNU Toolchain arm-none-eabi/13.3 rel1/bin/../lib/gcc/arm-none-eabi/13.3.1/thumb/v6-m/nofp\libc_nano.a(libc_a-impure.o)
                              C:/Program Files (x86)/Arm GNU Toolchain arm-none-eabi/13.3 rel1/bin/../lib/gcc/arm-none-eabi/13.3.1/thumb/v6-m/nofp\libc_nano.a(libc_a-malloc.o) (_impure_ptr)
C:/Program Files (x86)/Arm GNU Toolchain arm-none-eabi/13.3 rel1/bin/../lib/gcc/arm-none-eabi/13.3.1/thumb/v6-m/nofp\libc_nano.a(libc_a-lseekr.o)
                              C:/Program Files (x86)/Arm GNU Toolchain arm-none-eabi/13.3 rel1/bin/../lib/gcc/arm-none-eabi/13.3.1/thumb/v6-m/nofp\libc_nano.a(libc_a-stdio.o) (_lseek_r)
C:/Program Files (x86)/Arm GNU Toolchain arm-none-eabi/13.3 rel1/bin/../lib/gcc/arm-none-eabi/13.3.1/thumb/v6-m/nofp\libc_nano.a(libc_a-readr.o)
                              C:/Program Files (x86)/Arm GNU Toolchain arm-none-eabi/13.3 rel1/bin/../lib/gcc/arm-none-eabi/13.3.1/thumb/v6-m/nofp\libc_nano.a(libc_a-stdio.o) (_read_r)
C:/Program Files (x86)/Arm GNU Toolchain arm-none-eabi/13.3 rel1/bin/../lib/gcc/arm-none-eabi/13.3.1/thumb/v6-m/nofp\libc_nano.a(libc_a-sbrkr.o)
                              C:/Program Files (x86)/Arm GNU Toolchain arm-none-eabi/13.3 rel1/bin/../lib/gcc/arm-none-eabi/13.3.1/thumb/v6-m/nofp\libc_nano.a(libc_a-mallocr.o) (_sbrk_r)
C:/Program Files (x86)/Arm GNU Toolchain arm-none-eabi/13.3 rel1/bin/../lib/gcc/arm-none-eabi/13.3.1/thumb/v6-m/nofp\libc_nano.a(libc_a-writer.o)
                              C:/Program Files (x86)/Arm GNU Toolchain arm-none-eabi/13.3 rel1/bin/../lib/gcc/arm-none-eabi/13.3.1/thumb/v6-m/nofp\libc_nano.a(libc_a-stdio.o) (_write_r)
C:/Program Files (x86)/Arm GNU Toolchain arm-none-eabi/13.3 rel1/bin/../lib/gcc/arm-none-eabi/13.3.1/thumb/v6-m/nofp\libc_nano.a(libc_a-init.o)
                              C:/Program Files (x86)/Arm GNU Toolchain arm-none-eabi/13.3 rel1/bin/../lib/gcc/arm-none-eabi/13.3.1/thumb/v6-m/nofp/crt0.o (__libc_init_array)
C:/Program Files (x86)/Arm GNU Toolchain arm-none-eabi/13.3 rel1/bin/../lib/gcc/arm-none-eabi/13.3.1/thumb/v6-m/nofp\libc_nano.a(libc_a-lock.o)
                              C:/Program Files (x86)/Arm GNU Toolchain arm-none-eabi/13.3 rel1/bin/../lib/gcc/arm-none-eabi/13.3.1/thumb/v6-m/nofp\libc_nano.a(libc_a-findfp.o) (__retarget_lock_init_recursive)
C:/Program Files (x86)/Arm GNU Toolchain arm-none-eabi/13.3 rel1/bin/../lib/gcc/arm-none-eabi/13.3.1/thumb/v6-m/nofp\libc_nano.a(libc_a-freer.o)
                              C:/Program Files (x86)/Arm GNU Toolchain arm-none-eabi/13.3 rel1/bin/../lib/gcc/arm-none-eabi/13.3.1/thumb/v6-m/nofp\libc_nano.a(libc_a-malloc.o) (_free_r)
C:/Program Files (x86)/Arm GNU Toolchain arm-none-eabi/13.3 rel1/bin/../lib/gcc/arm-none-eabi/13.3.1/thumb/v6-m/nofp\libc_nano.a(libc_a-fflush.o)
                              C:/Program Files (x86)/Arm GNU Toolchain arm-none-eabi/13.3 rel1/bin/../lib/gcc/arm-none-eabi/13.3.1/thumb/v6-m/nofp\libc_nano.a(libc_a-findfp.o) (_fflush_r)
C:/Program Files (x86)/Arm GNU Toolchain arm-none-eabi/13.3 rel1/bin/../lib/gcc/arm-none-eabi/13.3.1/thumb/v6-m/nofp\libnosys.a(close.o)
                              C:/Program Files (x86)/Arm GNU Toolchain arm-none-eabi/13.3 rel1/bin/../lib/gcc/arm-none-eabi/13.3.1/thumb/v6-m/nofp\libc_nano.a(libc_a-closer.o) (_close)
C:/Program Files (x86)/Arm GNU Toolchain arm-none-eabi/13.3 rel1/bin/../lib/gcc/arm-none-eabi/13.3.1/thumb/v6-m/nofp\libnosys.a(lseek.o)
                              C:/Program Files (x86)/Arm GNU Toolchain arm-none-eabi/13.3 rel1/bin/../lib/gcc/arm-none-eabi/13.3.1/thumb/v6-m/nofp\libc_nano.a(libc_a-lseekr.o) (_lseek)
C:/Program Files (x86)/Arm GNU Toolchain arm-none-eabi/13.3 rel1/bin/../lib/gcc/arm-none-eabi/13.3.1/thumb/v6-m/nofp\libnosys.a(read.o)
                              C:/Program Files (x86)/Arm GNU Toolchain arm-none-eabi/13.3 rel1/bin/../lib/gcc/arm-none-eabi/13.3.1/thumb/v6-m/nofp\libc_nano.a(libc_a-readr.o) (_read)
C:/Program Files (x86)/Arm GNU Toolchain arm-none-eabi/13.3 rel1/bin/../lib/gcc/arm-none-eabi/13.3.1/thumb/v6-m/nofp\libnosys.a(sbrk.o)
                              C:/Program Files (x86)/Arm GNU Toolchain arm-none-eabi/13.3 rel1/bin/../lib/gcc/arm-none-eabi/13.3.1/thumb/v6-m/nofp\libc_nano.a(libc_a-sbrkr.o) (_sbrk)
C:/Program Files (x86)/Arm GNU Toolchain arm-none-eabi/13.3 rel1/bin/../lib/gcc/arm-none-eabi/13.3.1/thumb/v6-m/nofp\libnosys.a(write.o)
                              C:/Program Files (x86)/Arm GNU Toolchain arm-none-eabi/13.3 rel1/bin/../lib/gcc/arm-none-eabi/13.3.1/thumb/v6-m/nofp\libc_nano.a(libc_a-writer.o) (_write)
C:/Program Files (x86)/Arm GNU Toolchain arm-none-eabi/13.3 rel1/bin/../lib/gcc/arm-none-eabi/13.3.1/thumb/v6-m/nofp\libnosys.a(_exit.o)
                              C:/Program Files (x86)/Arm GNU Toolchain arm-none-eabi/13.3 rel1/bin/../lib/gcc/arm-none-eabi/13.3.1/thumb/v6-m/nofp\libc_nano.a(libc_a-exit.o) (_exit)

Discarded input sections

 .gnu.warning._close
                0x00000000        0x0 C:/Program Files (x86)/Arm GNU Toolchain arm-none-eabi/13.3 rel1/bin/../lib/gcc/arm-none-eabi/13.3.1/thumb/v6-m/nofp\libnosys.a(close.o)
 .gnu.warning._lseek
                0x00000000        0x0 C:/Program Files (x86)/Arm GNU Toolchain arm-none-eabi/13.3 rel1/bin/../lib/gcc/arm-none-eabi/13.3.1/thumb/v6-m/nofp\libnosys.a(lseek.o)
 .gnu.warning._read
                0x00000000        0x0 C:/Program Files (x86)/Arm GNU Toolchain arm-none-eabi/13.3 rel1/bin/../lib/gcc/arm-none-eabi/13.3.1/thumb/v6-m/nofp\libnosys.a(read.o)
 .gnu.warning._write
                0x00000000        0x0 C:/Program Files (x86)/Arm GNU Toolchain arm-none-eabi/13.3 rel1/bin/../lib/gcc/arm-none-eabi/13.3.1/thumb/v6-m/nofp\libnosys.a(write.o)

Memory Configuration

Name             Origin             Length             Attributes
m_interrupts     0x00000000         0x00000200         xr
m_crp            0x000002fc         0x00000004         xr
m_text           0x00000300         0x00007d00         xr
m_data           0x10000000         0x00001fe0         rw
*default*        0x00000000         0xffffffff

Linker script and memory map

LOAD C:/Program Files (x86)/Arm GNU Toolchain arm-none-eabi/13.3 rel1/bin/../lib/gcc/arm-none-eabi/13.3.1/thumb/v6-m/nofp/crti.o
LOAD C:/Program Files (x86)/Arm GNU Toolchain arm-none-eabi/13.3 rel1/bin/../lib/gcc/arm-none-eabi/13.3.1/thumb/v6-m/nofp/crtbegin.o
LOAD C:/Program Files (x86)/Arm GNU Toolchain arm-none-eabi/13.3 rel1/bin/../lib/gcc/arm-none-eabi/13.3.1/thumb/v6-m/nofp/crt0.o
LOAD build/EX2_PART1.o
LOAD build/pin_mux.o
LOAD build/system_LPC824.o
LOAD build/fsl_common.o
LOAD build/fsl_common_arm.o
LOAD build/fsl_gpio.o
LOAD build/fsl_power.o
LOAD build/fsl_clock.o
LOAD build/fsl_reset.o
LOAD build/fsl_swm.o
LOAD build/fsl_syscon.o
LOAD build/fsl_mrt.o
LOAD build/fsl_sctimer.o
LOAD build/fsl_pint.o
LOAD build/startup_LPC824.o
START GROUP
LOAD C:/Program Files (x86)/Arm GNU Toolchain arm-none-eabi/13.3 rel1/bin/../lib/gcc/arm-none-eabi/13.3.1/thumb/v6-m/nofp\libgcc.a
LOAD C:/Program Files (x86)/Arm GNU Toolchain arm-none-eabi/13.3 rel1/bin/../lib/gcc/arm-none-eabi/13.3.1/thumb/v6-m/nofp\libc_nano.a
END GROUP
START GROUP
LOAD C:/Program Files (x86)/Arm GNU Toolchain arm-none-eabi/13.3 rel1/bin/../lib/gcc/arm-none-eabi/13.3.1/thumb/v6-m/nofp\libgcc.a
LOAD C:/Program Files (x86)/Arm GNU Toolchain arm-none-eabi/13.3 rel1/bin/../lib/gcc/arm-none-eabi/13.3.1/thumb/v6-m/nofp\libc_nano.a
LOAD C:/Program Files (x86)/Arm GNU Toolchain arm-none-eabi/13.3 rel1/bin/../lib/gcc/arm-none-eabi/13.3.1/thumb/v6-m/nofp\libnosys.a
END GROUP
START GROUP
LOAD C:/Program Files (x86)/Arm GNU Toolchain arm-none-eabi/13.3 rel1/bin/../lib/gcc/arm-none-eabi/13.3.1/thumb/v6-m/nofp\libgcc.a
LOAD C:/Program Files (x86)/Arm GNU Toolchain arm-none-eabi/13.3 rel1/bin/../lib/gcc/arm-none-eabi/13.3.1/thumb/v6-m/nofp\libc_nano.a
LOAD C:/Program Files (x86)/Arm GNU Toolchain arm-none-eabi/13.3 rel1/bin/../lib/gcc/arm-none-eabi/13.3.1/thumb/v6-m/nofp\libnosys.a
END GROUP
LOAD C:/Program Files (x86)/Arm GNU Toolchain arm-none-eabi/13.3 rel1/bin/../lib/gcc/arm-none-eabi/13.3.1/thumb/v6-m/nofp/crtend.o
LOAD C:/Program Files (x86)/Arm GNU Toolchain arm-none-eabi/13.3 rel1/bin/../lib/gcc/arm-none-eabi/13.3.1/thumb/v6-m/nofp/crtn.o
                0x00000400                        HEAP_SIZE = DEFINED (__heap_size__)?__heap_size__:0x400
                0x00000800                        STACK_SIZE = DEFINED (__stack_size__)?__stack_size__:0x800

.interrupts     0x00000000       0xc0
                0x00000000                        . = ALIGN (0x4)
 *(.isr_vector)
 .isr_vector    0x00000000       0xc0 build/startup_LPC824.o
                0x00000000                __Vectors
                0x000000c0                        . = ALIGN (0x4)

.crp            0x000002fc        0x4
                0x000002fc                        . = ALIGN (0x4)
 *(.crp)
 .crp           0x000002fc        0x4 build/startup_LPC824.o
                0x00000300                        . = ALIGN (0x4)

.text           0x00000300     0x27e4
                0x00000300                        . = ALIGN (0x4)
 *(.text)
 .text          0x00000300        0x0 C:/Program Files (x86)/Arm GNU Toolchain arm-none-eabi/13.3 rel1/bin/../lib/gcc/arm-none-eabi/13.3.1/thumb/v6-m/nofp/crti.o
 .text          0x00000300        0x0 C:/Program Files (x86)/Arm GNU Toolchain arm-none-eabi/13.3 rel1/bin/../lib/gcc/arm-none-eabi/13.3.1/thumb/v6-m/nofp/crtbegin.o
 .text          0x00000300       0x80 C:/Program Files (x86)/Arm GNU Toolchain arm-none-eabi/13.3 rel1/bin/../lib/gcc/arm-none-eabi/13.3.1/thumb/v6-m/nofp/crt0.o
                0x00000300                _stack_init
                0x0000030c                _start
                0x0000030c                _mainCRTStartup
 .text          0x00000380       0x5c build/EX2_PART1.o
                0x00000380                MRT0_IRQHandler
 .text          0x000003dc       0x58 build/pin_mux.o
                0x000003dc                InitPins
 .text          0x00000434       0xbc build/system_LPC824.o
                0x00000434                SystemCoreClockUpdate
                0x000004c8                SystemInitHook
                0x000004ca                SystemInit
 .text          0x000004f0       0x60 build/fsl_common.o
                0x000004f0                SDK_Malloc
                0x00000534                SDK_Free
 .text          0x00000550       0x28 build/fsl_common_arm.o
                0x00000550                SDK_DelayAtLeastUs
 .text          0x00000578       0x64 build/fsl_gpio.o
                0x00000578                GPIO_PortInit
                0x00000590                GPIO_PinInit
 .text          0x000005dc      0x178 build/fsl_power.o
                0x000005dc                POWER_EnterSleep
                0x00000608                POWER_EnterDeepSleep
                0x00000650                POWER_EnterPowerDown
                0x00000698                POWER_EnterDeepPowerDownMode
                0x000006cc                EnableDeepSleepIRQ
                0x00000710                DisableDeepSleepIRQ
 .text          0x00000754      0x428 build/fsl_clock.o
                0x00000768                CLOCK_GetIrcFreq
                0x00000770                CLOCK_GetSysOscFreq
                0x0000078c                CLOCK_GetSystemPLLInClockRate
                0x000007c4                CLOCK_GetMainClkFreq
                0x00000808                CLOCK_GetClockOutClkFreq
                0x00000858                CLOCK_GetUartClkFreq
                0x00000890                CLOCK_GetUart0ClkFreq
                0x00000898                CLOCK_GetUart2ClkFreq
                0x000008a0                CLOCK_GetUart1ClkFreq
                0x000008a8                CLOCK_GetFreq
                0x00000904                CLOCK_InitSystemPll
                0x000009a0                CLOCK_InitExtClkin
                0x000009d0                CLOCK_InitXtalin
                0x00000a28                CLOCK_InitSysOsc
                0x00000a98                CLOCK_InitWdtOsc
                0x00000adc                CLOCK_SetMainClkSrc
                0x00000b10                CLOCK_SetUARTFRGClkFreq
                0x00000b6c                CLOCK_UpdateClkOUTsrc
 .text          0x00000b7c       0x18 build/fsl_reset.o
                0x00000b7c                RESET_PeripheralReset
 .text          0x00000b94       0x42 build/fsl_swm.o
                0x00000b94                SWM_SetMovablePinSelect
                0x00000bb2                SWM_SetFixedPinSelect
 .text          0x00000bd6        0xe build/fsl_syscon.o
                0x00000bd6                SYSCON_AttachSignal
 .text          0x00000be4       0x5c build/fsl_mrt.o
                0x00000be4                MRT_Init
                0x00000c00                MRT_Deinit
                0x00000c20                MRT_UpdateTimerPeriod
 .text          0x00000c40      0x554 build/fsl_sctimer.o
                0x00000c40                SCTIMER_EventHandleIRQ
                0x00000c80                SCTIMER_Init
                0x00000d28                SCTIMER_Deinit
                0x00000d48                SCTIMER_GetDefaultConfig
                0x00000d60                SCTIMER_UpdatePwmDutycycle
                0x00000dea                SCTIMER_CreateAndScheduleEvent
                0x00000f08                SCTIMER_SetupPwm
                0x00001070                SCTIMER_ScheduleEvent
                0x00001090                SCTIMER_IncreaseState
                0x000010a8                SCTIMER_GetCurrentState
                0x000010b4                SCTIMER_SetupOutputToggleAction
                0x000010e4                SCTIMER_SetupCaptureAction
                0x00001174                SCTIMER_SetCallback
                0x00001180                SCT0_DriverIRQHandler
 .text          0x00001194      0x4c0 build/fsl_pint.o
                0x000011b0                PINT_Init
                0x00001200                PINT_PinInterruptConfig
                0x00001244                PINT_PinInterruptGetConfig
                0x00001298                PINT_PatternMatchConfig
                0x000012f0                PINT_PatternMatchGetConfig
                0x00001340                PINT_PatternMatchResetDetectLogic
                0x0000134e                PINT_PinInterruptClrStatus
                0x00001364                PINT_PinInterruptClrStatusAll
                0x000013a0                PINT_EnableCallback
                0x000013e0                PINT_EnableCallbackByIndex
                0x0000140c                PINT_DisableCallback
                0x00001458                PINT_DisableCallbackByIndex
                0x00001498                PINT_Deinit
                0x000014d0                PIN_INT0_DriverIRQHandler
                0x00001504                PIN_INT1_DriverIRQHandler
                0x00001534                PIN_INT2_DriverIRQHandler
                0x00001564                PIN_INT3_DriverIRQHandler
                0x00001594                PIN_INT4_DriverIRQHandler
                0x000015c4                PIN_INT5_DAC1_IRQHandler
                0x000015f4                PIN_INT6_USART3_IRQHandler
                0x00001624                PIN_INT7_USART4_IRQHandler
 .text          0x00001654      0x164 build/startup_LPC824.o
                0x00001654                Reset_Handler
                0x00001688                I2C0_DriverIRQHandler
                0x00001688                FLASH_DriverIRQHandler
                0x00001688                Reserved39_DriverIRQHandler
                0x00001688                SPI0_DriverIRQHandler
                0x00001688                ADC0_OVR_DriverIRQHandler
                0x00001688                ADC0_SEQA_DriverIRQHandler
                0x00001688                DMA0_DriverIRQHandler
                0x00001688                PIN_INT7_DriverIRQHandler
                0x00001688                SPI1_DriverIRQHandler
                0x00001688                CMP_DriverIRQHandler
                0x00001688                ADC0_THCMP_DriverIRQHandler
                0x00001688                ADC0_SEQB_DriverIRQHandler
                0x00001688                PIN_INT5_DriverIRQHandler
                0x00001688                I2C1_DriverIRQHandler
                0x00001688                USART2_DriverIRQHandler
                0x00001688                I2C3_DriverIRQHandler
                0x00001688                BOD_DriverIRQHandler
                0x00001688                USART0_DriverIRQHandler
                0x00001688                MRT0_DriverIRQHandler
                0x00001688                I2C2_DriverIRQHandler
                0x00001688                USART1_DriverIRQHandler
                0x00001688                WDT_DriverIRQHandler
                0x00001688                WKT_DriverIRQHandler
                0x00001688                Reserved18_DriverIRQHandler
                0x00001688                DefaultISR
                0x00001688                PIN_INT6_DriverIRQHandler
                0x00001688                Reserved22_DriverIRQHandler
                0x0000168c                NMI_Handler
                0x00001690                HardFault_Handler
                0x00001694                SVC_Handler
                0x00001698                PendSV_Handler
                0x0000169c                SysTick_Handler
                0x000016a0                SPI0_IRQHandler
                0x000016a4                SPI1_IRQHandler
                0x000016a8                Reserved18_IRQHandler
                0x000016ac                USART0_IRQHandler
                0x000016b0                USART1_IRQHandler
                0x000016b4                USART2_IRQHandler
                0x000016b8                Reserved22_IRQHandler
                0x000016bc                I2C1_IRQHandler
                0x000016c0                I2C0_IRQHandler
                0x000016c4                SCT0_IRQHandler
                0x000016cc                CMP_IRQHandler
                0x000016d0                WDT_IRQHandler
                0x000016d4                BOD_IRQHandler
                0x000016d8                FLASH_IRQHandler
                0x000016dc                WKT_IRQHandler
                0x000016e0                ADC0_SEQA_IRQHandler
                0x000016e4                ADC0_SEQB_IRQHandler
                0x000016e8                ADC0_THCMP_IRQHandler
                0x000016ec                ADC0_OVR_IRQHandler
                0x000016f0                DMA0_IRQHandler
                0x000016f4                I2C2_IRQHandler
                0x000016f8                I2C3_IRQHandler
                0x000016fc                Reserved39_IRQHandler
                0x00001700                PIN_INT0_IRQHandler
                0x00001704                PIN_INT1_IRQHandler
                0x00001708                PIN_INT2_IRQHandler
                0x0000170c                PIN_INT3_IRQHandler
                0x00001710                PIN_INT4_IRQHandler
                0x00001714                PIN_INT5_IRQHandler
                0x00001718                PIN_INT6_IRQHandler
                0x0000171c                PIN_INT7_IRQHandler
 .text          0x000017b8       0x14 C:/Program Files (x86)/Arm GNU Toolchain arm-none-eabi/13.3 rel1/bin/../lib/gcc/arm-none-eabi/13.3.1/thumb/v6-m/nofp\libgcc.a(_thumb1_case_uqi.o)
                0x000017b8                __gnu_thumb1_case_uqi
 .text          0x000017cc      0x114 C:/Program Files (x86)/Arm GNU Toolchain arm-none-eabi/13.3 rel1/bin/../lib/gcc/arm-none-eabi/13.3.1/thumb/v6-m/nofp\libgcc.a(_udivsi3.o)
                0x000017cc                __aeabi_uidiv
                0x000017cc                __udivsi3
                0x000018d8                __aeabi_uidivmod
 .text          0x000018e0      0x1d4 C:/Program Files (x86)/Arm GNU Toolchain arm-none-eabi/13.3 rel1/bin/../lib/gcc/arm-none-eabi/13.3.1/thumb/v6-m/nofp\libgcc.a(_divsi3.o)
                0x000018e0                __divsi3
                0x000018e0                __aeabi_idiv
                0x00001aac                __aeabi_idivmod
 .text          0x00001ab4        0x4 C:/Program Files (x86)/Arm GNU Toolchain arm-none-eabi/13.3 rel1/bin/../lib/gcc/arm-none-eabi/13.3.1/thumb/v6-m/nofp\libgcc.a(_dvmd_tls.o)
                0x00001ab4                __aeabi_idiv0
                0x00001ab4                __aeabi_ldiv0
 .text          0x00001ab8       0x48 C:/Program Files (x86)/Arm GNU Toolchain arm-none-eabi/13.3 rel1/bin/../lib/gcc/arm-none-eabi/13.3.1/thumb/v6-m/nofp\libgcc.a(_aeabi_ldivmod.o)
                0x00001ab8                __aeabi_ldivmod
 .text          0x00001b00       0x40 C:/Program Files (x86)/Arm GNU Toolchain arm-none-eabi/13.3 rel1/bin/../lib/gcc/arm-none-eabi/13.3.1/thumb/v6-m/nofp\libgcc.a(_aeabi_uldivmod.o)
                0x00001b00                __aeabi_uldivmod
 .text          0x00001b40        0x0 C:/Program Files (x86)/Arm GNU Toolchain arm-none-eabi/13.3 rel1/bin/../lib/gcc/arm-none-eabi/13.3.1/thumb/v6-m/nofp\libgcc.a(_muldi3.o)
 .text          0x00001b40        0x0 C:/Program Files (x86)/Arm GNU Toolchain arm-none-eabi/13.3 rel1/bin/../lib/gcc/arm-none-eabi/13.3.1/thumb/v6-m/nofp\libgcc.a(_udivmoddi4.o)
 .text          0x00001b40        0x0 C:/Program Files (x86)/Arm GNU Toolchain arm-none-eabi/13.3 rel1/bin/../lib/gcc/arm-none-eabi/13.3.1/thumb/v6-m/nofp\libgcc.a(bpabi.o)
 .text          0x00001b40       0x18 C:/Program Files (x86)/Arm GNU Toolchain arm-none-eabi/13.3 rel1/bin/../lib/gcc/arm-none-eabi/13.3.1/thumb/v6-m/nofp\libgcc.a(_clzdi2.o)
                0x00001b40                __clzdi2
 .text          0x00001b58        0x0 C:/Program Files (x86)/Arm GNU Toolchain arm-none-eabi/13.3 rel1/bin/../lib/gcc/arm-none-eabi/13.3.1/thumb/v6-m/nofp\libgcc.a(_divdi3.o)
 .text          0x00001b58       0x3c C:/Program Files (x86)/Arm GNU Toolchain arm-none-eabi/13.3 rel1/bin/../lib/gcc/arm-none-eabi/13.3.1/thumb/v6-m/nofp\libgcc.a(_clzsi2.o)
                0x00001b58                __clzsi2
 .text          0x00001b94        0x0 C:/Program Files (x86)/Arm GNU Toolchain arm-none-eabi/13.3 rel1/bin/../lib/gcc/arm-none-eabi/13.3.1/thumb/v6-m/nofp\libc_nano.a(libc_a-exit.o)
 .text          0x00001b94        0x0 C:/Program Files (x86)/Arm GNU Toolchain arm-none-eabi/13.3 rel1/bin/../lib/gcc/arm-none-eabi/13.3.1/thumb/v6-m/nofp\libc_nano.a(libc_a-malloc.o)
 .text          0x00001b94        0x0 C:/Program Files (x86)/Arm GNU Toolchain arm-none-eabi/13.3 rel1/bin/../lib/gcc/arm-none-eabi/13.3.1/thumb/v6-m/nofp\libc_nano.a(libc_a-mallocr.o)
 .text          0x00001b94        0x0 C:/Program Files (x86)/Arm GNU Toolchain arm-none-eabi/13.3 rel1/bin/../lib/gcc/arm-none-eabi/13.3.1/thumb/v6-m/nofp\libc_nano.a(libc_a-mlock.o)
 .text          0x00001b94        0x0 C:/Program Files (x86)/Arm GNU Toolchain arm-none-eabi/13.3 rel1/bin/../lib/gcc/arm-none-eabi/13.3.1/thumb/v6-m/nofp\libc_nano.a(libc_a-findfp.o)
 .text          0x00001b94        0x0 C:/Program Files (x86)/Arm GNU Toolchain arm-none-eabi/13.3 rel1/bin/../lib/gcc/arm-none-eabi/13.3.1/thumb/v6-m/nofp\libc_nano.a(libc_a-fwalk.o)
 .text          0x00001b94        0x0 C:/Program Files (x86)/Arm GNU Toolchain arm-none-eabi/13.3 rel1/bin/../lib/gcc/arm-none-eabi/13.3.1/thumb/v6-m/nofp\libc_nano.a(libc_a-stdio.o)
 .text          0x00001b94        0x0 C:/Program Files (x86)/Arm GNU Toolchain arm-none-eabi/13.3 rel1/bin/../lib/gcc/arm-none-eabi/13.3.1/thumb/v6-m/nofp\libc_nano.a(libc_a-memset.o)
 .text          0x00001b94        0x0 C:/Program Files (x86)/Arm GNU Toolchain arm-none-eabi/13.3 rel1/bin/../lib/gcc/arm-none-eabi/13.3.1/thumb/v6-m/nofp\libc_nano.a(libc_a-closer.o)
 .text          0x00001b94        0x0 C:/Program Files (x86)/Arm GNU Toolchain arm-none-eabi/13.3 rel1/bin/../lib/gcc/arm-none-eabi/13.3.1/thumb/v6-m/nofp\libc_nano.a(libc_a-reent.o)
 .text          0x00001b94        0x0 C:/Program Files (x86)/Arm GNU Toolchain arm-none-eabi/13.3 rel1/bin/../lib/gcc/arm-none-eabi/13.3.1/thumb/v6-m/nofp\libc_nano.a(libc_a-impure.o)
 .text          0x00001b94        0x0 C:/Program Files (x86)/Arm GNU Toolchain arm-none-eabi/13.3 rel1/bin/../lib/gcc/arm-none-eabi/13.3.1/thumb/v6-m/nofp\libc_nano.a(libc_a-lseekr.o)
 .text          0x00001b94        0x0 C:/Program Files (x86)/Arm GNU Toolchain arm-none-eabi/13.3 rel1/bin/../lib/gcc/arm-none-eabi/13.3.1/thumb/v6-m/nofp\libc_nano.a(libc_a-readr.o)
 .text          0x00001b94        0x0 C:/Program Files (x86)/Arm GNU Toolchain arm-none-eabi/13.3 rel1/bin/../lib/gcc/arm-none-eabi/13.3.1/thumb/v6-m/nofp\libc_nano.a(libc_a-sbrkr.o)
 .text          0x00001b94        0x0 C:/Program Files (x86)/Arm GNU Toolchain arm-none-eabi/13.3 rel1/bin/../lib/gcc/arm-none-eabi/13.3.1/thumb/v6-m/nofp\libc_nano.a(libc_a-writer.o)
 .text          0x00001b94        0x0 C:/Program Files (x86)/Arm GNU Toolchain arm-none-eabi/13.3 rel1/bin/../lib/gcc/arm-none-eabi/13.3.1/thumb/v6-m/nofp\libc_nano.a(libc_a-init.o)
 .text          0x00001b94        0x0 C:/Program Files (x86)/Arm GNU Toolchain arm-none-eabi/13.3 rel1/bin/../lib/gcc/arm-none-eabi/13.3.1/thumb/v6-m/nofp\libc_nano.a(libc_a-lock.o)
 .text          0x00001b94        0x0 C:/Program Files (x86)/Arm GNU Toolchain arm-none-eabi/13.3 rel1/bin/../lib/gcc/arm-none-eabi/13.3.1/thumb/v6-m/nofp\libc_nano.a(libc_a-freer.o)
 .text          0x00001b94        0x0 C:/Program Files (x86)/Arm GNU Toolchain arm-none-eabi/13.3 rel1/bin/../lib/gcc/arm-none-eabi/13.3.1/thumb/v6-m/nofp\libc_nano.a(libc_a-fflush.o)
 .text          0x00001b94        0x0 C:/Program Files (x86)/Arm GNU Toolchain arm-none-eabi/13.3 rel1/bin/../lib/gcc/arm-none-eabi/13.3.1/thumb/v6-m/nofp\libnosys.a(close.o)
 .text          0x00001b94        0x0 C:/Program Files (x86)/Arm GNU Toolchain arm-none-eabi/13.3 rel1/bin/../lib/gcc/arm-none-eabi/13.3.1/thumb/v6-m/nofp\libnosys.a(lseek.o)
 .text          0x00001b94        0x0 C:/Program Files (x86)/Arm GNU Toolchain arm-none-eabi/13.3 rel1/bin/../lib/gcc/arm-none-eabi/13.3.1/thumb/v6-m/nofp\libnosys.a(read.o)
 .text          0x00001b94        0x0 C:/Program Files (x86)/Arm GNU Toolchain arm-none-eabi/13.3 rel1/bin/../lib/gcc/arm-none-eabi/13.3.1/thumb/v6-m/nofp\libnosys.a(sbrk.o)
 .text          0x00001b94        0x0 C:/Program Files (x86)/Arm GNU Toolchain arm-none-eabi/13.3 rel1/bin/../lib/gcc/arm-none-eabi/13.3.1/thumb/v6-m/nofp\libnosys.a(write.o)
 .text          0x00001b94        0x0 C:/Program Files (x86)/Arm GNU Toolchain arm-none-eabi/13.3 rel1/bin/../lib/gcc/arm-none-eabi/13.3.1/thumb/v6-m/nofp\libnosys.a(_exit.o)
 .text          0x00001b94        0x0 C:/Program Files (x86)/Arm GNU Toolchain arm-none-eabi/13.3 rel1/bin/../lib/gcc/arm-none-eabi/13.3.1/thumb/v6-m/nofp/crtend.o
 .text          0x00001b94        0x0 C:/Program Files (x86)/Arm GNU Toolchain arm-none-eabi/13.3 rel1/bin/../lib/gcc/arm-none-eabi/13.3.1/thumb/v6-m/nofp/crtn.o
 *(.text*)
 .text.deregister_tm_clones
                0x00001b94       0x20 C:/Program Files (x86)/Arm GNU Toolchain arm-none-eabi/13.3 rel1/bin/../lib/gcc/arm-none-eabi/13.3.1/thumb/v6-m/nofp/crtbegin.o
 .text.register_tm_clones
                0x00001bb4       0x28 C:/Program Files (x86)/Arm GNU Toolchain arm-none-eabi/13.3 rel1/bin/../lib/gcc/arm-none-eabi/13.3.1/thumb/v6-m/nofp/crtbegin.o
 .text.__do_global_dtors_aux
                0x00001bdc       0x2c C:/Program Files (x86)/Arm GNU Toolchain arm-none-eabi/13.3 rel1/bin/../lib/gcc/arm-none-eabi/13.3.1/thumb/v6-m/nofp/crtbegin.o
 .text.frame_dummy
                0x00001c08       0x24 C:/Program Files (x86)/Arm GNU Toolchain arm-none-eabi/13.3 rel1/bin/../lib/gcc/arm-none-eabi/13.3.1/thumb/v6-m/nofp/crtbegin.o
 .text.startup  0x00001c2c       0x88 build/EX2_PART1.o
                0x00001c2c                main
 .text.__muldi3
                0x00001cb4       0x5c C:/Program Files (x86)/Arm GNU Toolchain arm-none-eabi/13.3 rel1/bin/../lib/gcc/arm-none-eabi/13.3.1/thumb/v6-m/nofp\libgcc.a(_muldi3.o)
                0x00001cb4                __muldi3
                0x00001cb4                __aeabi_lmul
 .text.__udivmoddi4
                0x00001d10      0x198 C:/Program Files (x86)/Arm GNU Toolchain arm-none-eabi/13.3 rel1/bin/../lib/gcc/arm-none-eabi/13.3.1/thumb/v6-m/nofp\libgcc.a(_udivmoddi4.o)
                0x00001d10                __udivmoddi4
 .text.__gnu_ldivmod_helper
                0x00001ea8       0x3c C:/Program Files (x86)/Arm GNU Toolchain arm-none-eabi/13.3 rel1/bin/../lib/gcc/arm-none-eabi/13.3.1/thumb/v6-m/nofp\libgcc.a(bpabi.o)
                0x00001ea8                __gnu_ldivmod_helper
 .text.__divdi3
                0x00001ee4      0x1e4 C:/Program Files (x86)/Arm GNU Toolchain arm-none-eabi/13.3 rel1/bin/../lib/gcc/arm-none-eabi/13.3.1/thumb/v6-m/nofp\libgcc.a(_divdi3.o)
                0x00001ee4                __divdi3
 .text.exit     0x000020c8       0x28 C:/Program Files (x86)/Arm GNU Toolchain arm-none-eabi/13.3 rel1/bin/../lib/gcc/arm-none-eabi/13.3.1/thumb/v6-m/nofp\libc_nano.a(libc_a-exit.o)
                0x000020c8                exit
 .text.malloc   0x000020f0       0x14 C:/Program Files (x86)/Arm GNU Toolchain arm-none-eabi/13.3 rel1/bin/../lib/gcc/arm-none-eabi/13.3.1/thumb/v6-m/nofp\libc_nano.a(libc_a-malloc.o)
                0x000020f0                malloc
 .text.free     0x00002104       0x14 C:/Program Files (x86)/Arm GNU Toolchain arm-none-eabi/13.3 rel1/bin/../lib/gcc/arm-none-eabi/13.3.1/thumb/v6-m/nofp\libc_nano.a(libc_a-malloc.o)
                0x00002104                free
 .text.sbrk_aligned
                0x00002118       0x44 C:/Program Files (x86)/Arm GNU Toolchain arm-none-eabi/13.3 rel1/bin/../lib/gcc/arm-none-eabi/13.3.1/thumb/v6-m/nofp\libc_nano.a(libc_a-mallocr.o)
 .text._malloc_r
                0x0000215c      0x100 C:/Program Files (x86)/Arm GNU Toolchain arm-none-eabi/13.3 rel1/bin/../lib/gcc/arm-none-eabi/13.3.1/thumb/v6-m/nofp\libc_nano.a(libc_a-mallocr.o)
                0x0000215c                _malloc_r
 .text.__malloc_lock
                0x0000225c       0x10 C:/Program Files (x86)/Arm GNU Toolchain arm-none-eabi/13.3 rel1/bin/../lib/gcc/arm-none-eabi/13.3.1/thumb/v6-m/nofp\libc_nano.a(libc_a-mlock.o)
                0x0000225c                __malloc_lock
 .text.__malloc_unlock
                0x0000226c       0x10 C:/Program Files (x86)/Arm GNU Toolchain arm-none-eabi/13.3 rel1/bin/../lib/gcc/arm-none-eabi/13.3.1/thumb/v6-m/nofp\libc_nano.a(libc_a-mlock.o)
                0x0000226c                __malloc_unlock
 .text.std      0x0000227c       0x6c C:/Program Files (x86)/Arm GNU Toolchain arm-none-eabi/13.3 rel1/bin/../lib/gcc/arm-none-eabi/13.3.1/thumb/v6-m/nofp\libc_nano.a(libc_a-findfp.o)
 .text.stdio_exit_handler
                0x000022e8       0x1c C:/Program Files (x86)/Arm GNU Toolchain arm-none-eabi/13.3 rel1/bin/../lib/gcc/arm-none-eabi/13.3.1/thumb/v6-m/nofp\libc_nano.a(libc_a-findfp.o)
 .text.cleanup_stdio
                0x00002304       0x3c C:/Program Files (x86)/Arm GNU Toolchain arm-none-eabi/13.3 rel1/bin/../lib/gcc/arm-none-eabi/13.3.1/thumb/v6-m/nofp\libc_nano.a(libc_a-findfp.o)
 .text.__fp_lock
                0x00002340       0x18 C:/Program Files (x86)/Arm GNU Toolchain arm-none-eabi/13.3 rel1/bin/../lib/gcc/arm-none-eabi/13.3.1/thumb/v6-m/nofp\libc_nano.a(libc_a-findfp.o)
 .text.__fp_unlock
                0x00002358       0x18 C:/Program Files (x86)/Arm GNU Toolchain arm-none-eabi/13.3 rel1/bin/../lib/gcc/arm-none-eabi/13.3.1/thumb/v6-m/nofp\libc_nano.a(libc_a-findfp.o)
 .text.global_stdio_init.part.0
                0x00002370       0x3c C:/Program Files (x86)/Arm GNU Toolchain arm-none-eabi/13.3 rel1/bin/../lib/gcc/arm-none-eabi/13.3.1/thumb/v6-m/nofp\libc_nano.a(libc_a-findfp.o)
 .text.__sfp_lock_acquire
                0x000023ac       0x10 C:/Program Files (x86)/Arm GNU Toolchain arm-none-eabi/13.3 rel1/bin/../lib/gcc/arm-none-eabi/13.3.1/thumb/v6-m/nofp\libc_nano.a(libc_a-findfp.o)
                0x000023ac                __sfp_lock_acquire
 .text.__sfp_lock_release
                0x000023bc       0x10 C:/Program Files (x86)/Arm GNU Toolchain arm-none-eabi/13.3 rel1/bin/../lib/gcc/arm-none-eabi/13.3.1/thumb/v6-m/nofp\libc_nano.a(libc_a-findfp.o)
                0x000023bc                __sfp_lock_release
 .text.__sfp    0x000023cc       0xa8 C:/Program Files (x86)/Arm GNU Toolchain arm-none-eabi/13.3 rel1/bin/../lib/gcc/arm-none-eabi/13.3.1/thumb/v6-m/nofp\libc_nano.a(libc_a-findfp.o)
                0x000023cc                __sfp
 .text.__sinit  0x00002474       0x30 C:/Program Files (x86)/Arm GNU Toolchain arm-none-eabi/13.3 rel1/bin/../lib/gcc/arm-none-eabi/13.3.1/thumb/v6-m/nofp\libc_nano.a(libc_a-findfp.o)
                0x00002474                __sinit
 .text.__fp_lock_all
                0x000024a4       0x1c C:/Program Files (x86)/Arm GNU Toolchain arm-none-eabi/13.3 rel1/bin/../lib/gcc/arm-none-eabi/13.3.1/thumb/v6-m/nofp\libc_nano.a(libc_a-findfp.o)
                0x000024a4                __fp_lock_all
 .text.__fp_unlock_all
                0x000024c0       0x1c C:/Program Files (x86)/Arm GNU Toolchain arm-none-eabi/13.3 rel1/bin/../lib/gcc/arm-none-eabi/13.3.1/thumb/v6-m/nofp\libc_nano.a(libc_a-findfp.o)
                0x000024c0                __fp_unlock_all
 .text._fwalk_sglue
                0x000024dc       0x38 C:/Program Files (x86)/Arm GNU Toolchain arm-none-eabi/13.3 rel1/bin/../lib/gcc/arm-none-eabi/13.3.1/thumb/v6-m/nofp\libc_nano.a(libc_a-fwalk.o)
                0x000024dc                _fwalk_sglue
 .text.__sread  0x00002514       0x28 C:/Program Files (x86)/Arm GNU Toolchain arm-none-eabi/13.3 rel1/bin/../lib/gcc/arm-none-eabi/13.3.1/thumb/v6-m/nofp\libc_nano.a(libc_a-stdio.o)
                0x00002514                __sread
 .text.__seofread
                0x0000253c        0x4 C:/Program Files (x86)/Arm GNU Toolchain arm-none-eabi/13.3 rel1/bin/../lib/gcc/arm-none-eabi/13.3.1/thumb/v6-m/nofp\libc_nano.a(libc_a-stdio.o)
                0x0000253c                __seofread
 .text.__swrite
                0x00002540       0x38 C:/Program Files (x86)/Arm GNU Toolchain arm-none-eabi/13.3 rel1/bin/../lib/gcc/arm-none-eabi/13.3.1/thumb/v6-m/nofp\libc_nano.a(libc_a-stdio.o)
                0x00002540                __swrite
 .text.__sseek  0x00002578       0x2c C:/Program Files (x86)/Arm GNU Toolchain arm-none-eabi/13.3 rel1/bin/../lib/gcc/arm-none-eabi/13.3.1/thumb/v6-m/nofp\libc_nano.a(libc_a-stdio.o)
                0x00002578                __sseek
 .text.__sclose
                0x000025a4        0xc C:/Program Files (x86)/Arm GNU Toolchain arm-none-eabi/13.3 rel1/bin/../lib/gcc/arm-none-eabi/13.3.1/thumb/v6-m/nofp\libc_nano.a(libc_a-stdio.o)
                0x000025a4                __sclose
 .text.memset   0x000025b0       0x10 C:/Program Files (x86)/Arm GNU Toolchain arm-none-eabi/13.3 rel1/bin/../lib/gcc/arm-none-eabi/13.3.1/thumb/v6-m/nofp\libc_nano.a(libc_a-memset.o)
                0x000025b0                memset
 .text._close_r
                0x000025c0       0x24 C:/Program Files (x86)/Arm GNU Toolchain arm-none-eabi/13.3 rel1/bin/../lib/gcc/arm-none-eabi/13.3.1/thumb/v6-m/nofp\libc_nano.a(libc_a-closer.o)
                0x000025c0                _close_r
 .text._reclaim_reent
                0x000025e4       0xd4 C:/Program Files (x86)/Arm GNU Toolchain arm-none-eabi/13.3 rel1/bin/../lib/gcc/arm-none-eabi/13.3.1/thumb/v6-m/nofp\libc_nano.a(libc_a-reent.o)
                0x000025e4                _reclaim_reent
 .text._lseek_r
                0x000026b8       0x28 C:/Program Files (x86)/Arm GNU Toolchain arm-none-eabi/13.3 rel1/bin/../lib/gcc/arm-none-eabi/13.3.1/thumb/v6-m/nofp\libc_nano.a(libc_a-lseekr.o)
                0x000026b8                _lseek_r
 .text._read_r  0x000026e0       0x28 C:/Program Files (x86)/Arm GNU Toolchain arm-none-eabi/13.3 rel1/bin/../lib/gcc/arm-none-eabi/13.3.1/thumb/v6-m/nofp\libc_nano.a(libc_a-readr.o)
                0x000026e0                _read_r
 .text._sbrk_r  0x00002708       0x24 C:/Program Files (x86)/Arm GNU Toolchain arm-none-eabi/13.3 rel1/bin/../lib/gcc/arm-none-eabi/13.3.1/thumb/v6-m/nofp\libc_nano.a(libc_a-sbrkr.o)
                0x00002708                _sbrk_r
 .text._write_r
                0x0000272c       0x28 C:/Program Files (x86)/Arm GNU Toolchain arm-none-eabi/13.3 rel1/bin/../lib/gcc/arm-none-eabi/13.3.1/thumb/v6-m/nofp\libc_nano.a(libc_a-writer.o)
                0x0000272c                _write_r
 .text.__libc_init_array
                0x00002754       0x48 C:/Program Files (x86)/Arm GNU Toolchain arm-none-eabi/13.3 rel1/bin/../lib/gcc/arm-none-eabi/13.3.1/thumb/v6-m/nofp\libc_nano.a(libc_a-init.o)
                0x00002754                __libc_init_array
 .text.__retarget_lock_init
                0x0000279c        0x2 C:/Program Files (x86)/Arm GNU Toolchain arm-none-eabi/13.3 rel1/bin/../lib/gcc/arm-none-eabi/13.3.1/thumb/v6-m/nofp\libc_nano.a(libc_a-lock.o)
                0x0000279c                __retarget_lock_init
 .text.__retarget_lock_init_recursive
                0x0000279e        0x2 C:/Program Files (x86)/Arm GNU Toolchain arm-none-eabi/13.3 rel1/bin/../lib/gcc/arm-none-eabi/13.3.1/thumb/v6-m/nofp\libc_nano.a(libc_a-lock.o)
                0x0000279e                __retarget_lock_init_recursive
 .text.__retarget_lock_close
                0x000027a0        0x2 C:/Program Files (x86)/Arm GNU Toolchain arm-none-eabi/13.3 rel1/bin/../lib/gcc/arm-none-eabi/13.3.1/thumb/v6-m/nofp\libc_nano.a(libc_a-lock.o)
                0x000027a0                __retarget_lock_close
 .text.__retarget_lock_close_recursive
                0x000027a2        0x2 C:/Program Files (x86)/Arm GNU Toolchain arm-none-eabi/13.3 rel1/bin/../lib/gcc/arm-none-eabi/13.3.1/thumb/v6-m/nofp\libc_nano.a(libc_a-lock.o)
                0x000027a2                __retarget_lock_close_recursive
 .text.__retarget_lock_acquire
                0x000027a4        0x2 C:/Program Files (x86)/Arm GNU Toolchain arm-none-eabi/13.3 rel1/bin/../lib/gcc/arm-none-eabi/13.3.1/thumb/v6-m/nofp\libc_nano.a(libc_a-lock.o)
                0x000027a4                __retarget_lock_acquire
 .text.__retarget_lock_acquire_recursive
                0x000027a6        0x2 C:/Program Files (x86)/Arm GNU Toolchain arm-none-eabi/13.3 rel1/bin/../lib/gcc/arm-none-eabi/13.3.1/thumb/v6-m/nofp\libc_nano.a(libc_a-lock.o)
                0x000027a6                __retarget_lock_acquire_recursive
 .text.__retarget_lock_try_acquire
                0x000027a8        0x4 C:/Program Files (x86)/Arm GNU Toolchain arm-none-eabi/13.3 rel1/bin/../lib/gcc/arm-none-eabi/13.3.1/thumb/v6-m/nofp\libc_nano.a(libc_a-lock.o)
                0x000027a8                __retarget_lock_try_acquire
 .text.__retarget_lock_try_acquire_recursive
                0x000027ac        0x4 C:/Program Files (x86)/Arm GNU Toolchain arm-none-eabi/13.3 rel1/bin/../lib/gcc/arm-none-eabi/13.3.1/thumb/v6-m/nofp\libc_nano.a(libc_a-lock.o)
                0x000027ac                __retarget_lock_try_acquire_recursive
 .text.__retarget_lock_release
                0x000027b0        0x2 C:/Program Files (x86)/Arm GNU Toolchain arm-none-eabi/13.3 rel1/bin/../lib/gcc/arm-none-eabi/13.3.1/thumb/v6-m/nofp\libc_nano.a(libc_a-lock.o)
                0x000027b0                __retarget_lock_release
 .text.__retarget_lock_release_recursive
                0x000027b2        0x2 C:/Program Files (x86)/Arm GNU Toolchain arm-none-eabi/13.3 rel1/bin/../lib/gcc/arm-none-eabi/13.3.1/thumb/v6-m/nofp\libc_nano.a(libc_a-lock.o)
                0x000027b2                __retarget_lock_release_recursive
 .text._free_r  0x000027b4       0x94 C:/Program Files (x86)/Arm GNU Toolchain arm-none-eabi/13.3 rel1/bin/../lib/gcc/arm-none-eabi/13.3.1/thumb/v6-m/nofp\libc_nano.a(libc_a-freer.o)
                0x000027b4                _free_r
 .text.__sflush_r
                0x00002848      0x10c C:/Program Files (x86)/Arm GNU Toolchain arm-none-eabi/13.3 rel1/bin/../lib/gcc/arm-none-eabi/13.3.1/thumb/v6-m/nofp\libc_nano.a(libc_a-fflush.o)
                0x00002848                __sflush_r
 .text._fflush_r
                0x00002954       0x56 C:/Program Files (x86)/Arm GNU Toolchain arm-none-eabi/13.3 rel1/bin/../lib/gcc/arm-none-eabi/13.3.1/thumb/v6-m/nofp\libc_nano.a(libc_a-fflush.o)
                0x00002954                _fflush_r
 *fill*         0x000029aa        0x2 
 .text.fflush   0x000029ac       0x30 C:/Program Files (x86)/Arm GNU Toolchain arm-none-eabi/13.3 rel1/bin/../lib/gcc/arm-none-eabi/13.3.1/thumb/v6-m/nofp\libc_nano.a(libc_a-fflush.o)
                0x000029ac                fflush
 .text._close   0x000029dc       0x10 C:/Program Files (x86)/Arm GNU Toolchain arm-none-eabi/13.3 rel1/bin/../lib/gcc/arm-none-eabi/13.3.1/thumb/v6-m/nofp\libnosys.a(close.o)
                0x000029dc                _close
 .text._lseek   0x000029ec       0x10 C:/Program Files (x86)/Arm GNU Toolchain arm-none-eabi/13.3 rel1/bin/../lib/gcc/arm-none-eabi/13.3.1/thumb/v6-m/nofp\libnosys.a(lseek.o)
                0x000029ec                _lseek
 .text._read    0x000029fc       0x10 C:/Program Files (x86)/Arm GNU Toolchain arm-none-eabi/13.3 rel1/bin/../lib/gcc/arm-none-eabi/13.3.1/thumb/v6-m/nofp\libnosys.a(read.o)
                0x000029fc                _read
 .text._sbrk    0x00002a0c       0x1c C:/Program Files (x86)/Arm GNU Toolchain arm-none-eabi/13.3 rel1/bin/../lib/gcc/arm-none-eabi/13.3.1/thumb/v6-m/nofp\libnosys.a(sbrk.o)
                0x00002a0c                _sbrk
 .text._write   0x00002a28       0x10 C:/Program Files (x86)/Arm GNU Toolchain arm-none-eabi/13.3 rel1/bin/../lib/gcc/arm-none-eabi/13.3.1/thumb/v6-m/nofp\libnosys.a(write.o)
                0x00002a28                _write
 .text._exit    0x00002a38        0x4 C:/Program Files (x86)/Arm GNU Toolchain arm-none-eabi/13.3 rel1/bin/../lib/gcc/arm-none-eabi/13.3.1/thumb/v6-m/nofp\libnosys.a(_exit.o)
                0x00002a38                _exit
 *(.rodata)
 .rodata        0x00002a3c       0x3c build/system_LPC824.o
 .rodata        0x00002a78        0x8 build/fsl_pint.o
 *(.rodata*)
 .rodata.all_implied_fbits
                0x00002a80       0x24 C:/Program Files (x86)/Arm GNU Toolchain arm-none-eabi/13.3 rel1/bin/../lib/gcc/arm-none-eabi/13.3.1/thumb/v6-m/nofp/crtbegin.o
 .rodata.all_implied_fbits
                0x00002aa4       0x24 C:/Program Files (x86)/Arm GNU Toolchain arm-none-eabi/13.3 rel1/bin/../lib/gcc/arm-none-eabi/13.3.1/thumb/v6-m/nofp/crtend.o
 *(.glue_7)
 .glue_7        0x00002ac8        0x0 linker stubs
 *(.glue_7t)
 .glue_7t       0x00002ac8        0x0 linker stubs
 *(.eh_frame)
 .eh_frame      0x00002ac8        0x0 C:/Program Files (x86)/Arm GNU Toolchain arm-none-eabi/13.3 rel1/bin/../lib/gcc/arm-none-eabi/13.3.1/thumb/v6-m/nofp/crtbegin.o
 .eh_frame      0x00002ac8        0x4 C:/Program Files (x86)/Arm GNU Toolchain arm-none-eabi/13.3 rel1/bin/../lib/gcc/arm-none-eabi/13.3.1/thumb/v6-m/nofp/crtend.o
 *(.init)
 .init          0x00002acc        0x4 C:/Program Files (x86)/Arm GNU Toolchain arm-none-eabi/13.3 rel1/bin/../lib/gcc/arm-none-eabi/13.3.1/thumb/v6-m/nofp/crti.o
                0x00002acc                _init
 .init          0x00002ad0        0x8 C:/Program Files (x86)/Arm GNU Toolchain arm-none-eabi/13.3 rel1/bin/../lib/gcc/arm-none-eabi/13.3.1/thumb/v6-m/nofp/crtn.o
 *(.fini)
 .fini          0x00002ad8        0x4 C:/Program Files (x86)/Arm GNU Toolchain arm-none-eabi/13.3 rel1/bin/../lib/gcc/arm-none-eabi/13.3.1/thumb/v6-m/nofp/crti.o
                0x00002ad8                _fini
 .fini          0x00002adc        0x8 C:/Program Files (x86)/Arm GNU Toolchain arm-none-eabi/13.3 rel1/bin/../lib/gcc/arm-none-eabi/13.3.1/thumb/v6-m/nofp/crtn.o
                0x00002ae4                        . = ALIGN (0x4)

.vfp11_veneer   0x00002ae4        0x0
 .vfp11_veneer  0x00002ae4        0x0 linker stubs

.v4_bx          0x00002ae4        0x0
 .v4_bx         0x00002ae4        0x0 linker stubs

.iplt           0x00002ae4        0x0
 .iplt          0x00002ae4        0x0 C:/Program Files (x86)/Arm GNU Toolchain arm-none-eabi/13.3 rel1/bin/../lib/gcc/arm-none-eabi/13.3.1/thumb/v6-m/nofp/crtbegin.o

.ARM.extab      0x00002ae4        0x0
 *(.ARM.extab* .gnu.linkonce.armextab.*)
 .ARM.extab     0x00002ae4        0x0 C:/Program Files (x86)/Arm GNU Toolchain arm-none-eabi/13.3 rel1/bin/../lib/gcc/arm-none-eabi/13.3.1/thumb/v6-m/nofp/crt0.o
 .ARM.extab.text.__udivmoddi4
                0x00002ae4        0x0 C:/Program Files (x86)/Arm GNU Toolchain arm-none-eabi/13.3 rel1/bin/../lib/gcc/arm-none-eabi/13.3.1/thumb/v6-m/nofp\libgcc.a(_udivmoddi4.o)
 .ARM.extab.text.__divdi3
                0x00002ae4        0x0 C:/Program Files (x86)/Arm GNU Toolchain arm-none-eabi/13.3 rel1/bin/../lib/gcc/arm-none-eabi/13.3.1/thumb/v6-m/nofp\libgcc.a(_divdi3.o)

.ARM            0x00002ae4        0x8
                0x00002ae4                        __exidx_start = .
 *(.ARM.exidx*)
 .ARM.exidx     0x00002ae4        0x8 C:/Program Files (x86)/Arm GNU Toolchain arm-none-eabi/13.3 rel1/bin/../lib/gcc/arm-none-eabi/13.3.1/thumb/v6-m/nofp/crt0.o
                                 0x10 (size before relaxing)
 .ARM.exidx.text.__udivmoddi4
                0x00002aec        0x0 C:/Program Files (x86)/Arm GNU Toolchain arm-none-eabi/13.3 rel1/bin/../lib/gcc/arm-none-eabi/13.3.1/thumb/v6-m/nofp\libgcc.a(_udivmoddi4.o)
                                  0x8 (size before relaxing)
 .ARM.exidx.text.__divdi3
                0x00002aec        0x0 C:/Program Files (x86)/Arm GNU Toolchain arm-none-eabi/13.3 rel1/bin/../lib/gcc/arm-none-eabi/13.3.1/thumb/v6-m/nofp\libgcc.a(_divdi3.o)
                                  0x8 (size before relaxing)
                0x00002aec                        __exidx_end = .

.rel.dyn        0x00002aec        0x0
 .rel.iplt      0x00002aec        0x0 C:/Program Files (x86)/Arm GNU Toolchain arm-none-eabi/13.3 rel1/bin/../lib/gcc/arm-none-eabi/13.3.1/thumb/v6-m/nofp/crtbegin.o

.ctors          0x00002aec        0x0
                0x00002aec                        __CTOR_LIST__ = .
 *crtbegin.o(.ctors)
 *crtbegin?.o(.ctors)
 *(EXCLUDE_FILE(*crtend.o *crtend?.o) .ctors)
 *(SORT_BY_NAME(.ctors.*))
 *(.ctors)
                0x00002aec                        __CTOR_END__ = .

.dtors          0x00002aec        0x0
                0x00002aec                        __DTOR_LIST__ = .
 *crtbegin.o(.dtors)
 *crtbegin?.o(.dtors)
 *(EXCLUDE_FILE(*crtend.o *crtend?.o) .dtors)
 *(SORT_BY_NAME(.dtors.*))
 *(.dtors)
                0x00002aec                        __DTOR_END__ = .

.preinit_array  0x00002aec        0x0
                0x00002aec                        PROVIDE (__preinit_array_start = .)
 *(.preinit_array*)
                0x00002aec                        PROVIDE (__preinit_array_end = .)

.init_array     0x00002aec        0x4
                0x00002aec                        PROVIDE (__init_array_start = .)
 *(SORT_BY_NAME(.init_array.*))
 *(.init_array*)
 .init_array    0x00002aec        0x4 C:/Program Files (x86)/Arm GNU Toolchain arm-none-eabi/13.3 rel1/bin/../lib/gcc/arm-none-eabi/13.3.1/thumb/v6-m/nofp/crtbegin.o
                0x00002af0                        PROVIDE (__init_array_end = .)

.fini_array     0x00002af0        0x4
                [!provide]                        PROVIDE (__fini_array_start = .)
 *(SORT_BY_NAME(.fini_array.*))
 *(.fini_array*)
 .fini_array    0x00002af0        0x4 C:/Program Files (x86)/Arm GNU Toolchain arm-none-eabi/13.3 rel1/bin/../lib/gcc/arm-none-eabi/13.3.1/thumb/v6-m/nofp/crtbegin.o
                [!provide]                        PROVIDE (__fini_array_end = .)
                0x00002af4                        __etext = .
                0x00002af4                        __DATA_ROM = .

.data           0x10000000       0x64 load address 0x00002af4
                0x10000000                        . = ALIGN (0x4)
                0x10000000                        __DATA_RAM = .
                0x10000000                        __data_start__ = .
 *(.ramfunc*)
 *(.data)
 .data          0x10000000        0x0 C:/Program Files (x86)/Arm GNU Toolchain arm-none-eabi/13.3 rel1/bin/../lib/gcc/arm-none-eabi/13.3.1/thumb/v6-m/nofp/crti.o
 .data          0x10000000        0x0 C:/Program Files (x86)/Arm GNU Toolchain arm-none-eabi/13.3 rel1/bin/../lib/gcc/arm-none-eabi/13.3.1/thumb/v6-m/nofp/crtbegin.o
 .data          0x10000000        0x0 C:/Program Files (x86)/Arm GNU Toolchain arm-none-eabi/13.3 rel1/bin/../lib/gcc/arm-none-eabi/13.3.1/thumb/v6-m/nofp/crt0.o
 .data          0x10000000        0x0 build/EX2_PART1.o
 .data          0x10000000        0x0 build/pin_mux.o
 .data          0x10000000        0x4 build/system_LPC824.o
                0x10000000                SystemCoreClock
 .data          0x10000004        0x0 build/fsl_common.o
 .data          0x10000004        0x0 build/fsl_common_arm.o
 .data          0x10000004        0x0 build/fsl_gpio.o
 .data          0x10000004        0x0 build/fsl_power.o
 .data          0x10000004        0x0 build/fsl_clock.o
 .data          0x10000004        0x0 build/fsl_reset.o
 .data          0x10000004        0x0 build/fsl_swm.o
 .data          0x10000004        0x0 build/fsl_syscon.o
 .data          0x10000004        0x0 build/fsl_mrt.o
 .data          0x10000004        0x0 build/fsl_sctimer.o
 .data          0x10000004        0x0 build/fsl_pint.o
 .data          0x10000004        0x0 build/startup_LPC824.o
 .data          0x10000004        0x0 C:/Program Files (x86)/Arm GNU Toolchain arm-none-eabi/13.3 rel1/bin/../lib/gcc/arm-none-eabi/13.3.1/thumb/v6-m/nofp\libgcc.a(_thumb1_case_uqi.o)
 .data          0x10000004        0x0 C:/Program Files (x86)/Arm GNU Toolchain arm-none-eabi/13.3 rel1/bin/../lib/gcc/arm-none-eabi/13.3.1/thumb/v6-m/nofp\libgcc.a(_udivsi3.o)
 .data          0x10000004        0x0 C:/Program Files (x86)/Arm GNU Toolchain arm-none-eabi/13.3 rel1/bin/../lib/gcc/arm-none-eabi/13.3.1/thumb/v6-m/nofp\libgcc.a(_divsi3.o)
 .data          0x10000004        0x0 C:/Program Files (x86)/Arm GNU Toolchain arm-none-eabi/13.3 rel1/bin/../lib/gcc/arm-none-eabi/13.3.1/thumb/v6-m/nofp\libgcc.a(_dvmd_tls.o)
 .data          0x10000004        0x0 C:/Program Files (x86)/Arm GNU Toolchain arm-none-eabi/13.3 rel1/bin/../lib/gcc/arm-none-eabi/13.3.1/thumb/v6-m/nofp\libgcc.a(_aeabi_ldivmod.o)
 .data          0x10000004        0x0 C:/Program Files (x86)/Arm GNU Toolchain arm-none-eabi/13.3 rel1/bin/../lib/gcc/arm-none-eabi/13.3.1/thumb/v6-m/nofp\libgcc.a(_aeabi_uldivmod.o)
 .data          0x10000004        0x0 C:/Program Files (x86)/Arm GNU Toolchain arm-none-eabi/13.3 rel1/bin/../lib/gcc/arm-none-eabi/13.3.1/thumb/v6-m/nofp\libgcc.a(_muldi3.o)
 .data          0x10000004        0x0 C:/Program Files (x86)/Arm GNU Toolchain arm-none-eabi/13.3 rel1/bin/../lib/gcc/arm-none-eabi/13.3.1/thumb/v6-m/nofp\libgcc.a(_udivmoddi4.o)
 .data          0x10000004        0x0 C:/Program Files (x86)/Arm GNU Toolchain arm-none-eabi/13.3 rel1/bin/../lib/gcc/arm-none-eabi/13.3.1/thumb/v6-m/nofp\libgcc.a(bpabi.o)
 .data          0x10000004        0x0 C:/Program Files (x86)/Arm GNU Toolchain arm-none-eabi/13.3 rel1/bin/../lib/gcc/arm-none-eabi/13.3.1/thumb/v6-m/nofp\libgcc.a(_clzdi2.o)
 .data          0x10000004        0x0 C:/Program Files (x86)/Arm GNU Toolchain arm-none-eabi/13.3 rel1/bin/../lib/gcc/arm-none-eabi/13.3.1/thumb/v6-m/nofp\libgcc.a(_divdi3.o)
 .data          0x10000004        0x0 C:/Program Files (x86)/Arm GNU Toolchain arm-none-eabi/13.3 rel1/bin/../lib/gcc/arm-none-eabi/13.3.1/thumb/v6-m/nofp\libgcc.a(_clzsi2.o)
 .data          0x10000004        0x0 C:/Program Files (x86)/Arm GNU Toolchain arm-none-eabi/13.3 rel1/bin/../lib/gcc/arm-none-eabi/13.3.1/thumb/v6-m/nofp\libc_nano.a(libc_a-exit.o)
 .data          0x10000004        0x0 C:/Program Files (x86)/Arm GNU Toolchain arm-none-eabi/13.3 rel1/bin/../lib/gcc/arm-none-eabi/13.3.1/thumb/v6-m/nofp\libc_nano.a(libc_a-malloc.o)
 .data          0x10000004        0x0 C:/Program Files (x86)/Arm GNU Toolchain arm-none-eabi/13.3 rel1/bin/../lib/gcc/arm-none-eabi/13.3.1/thumb/v6-m/nofp\libc_nano.a(libc_a-mallocr.o)
 .data          0x10000004        0x0 C:/Program Files (x86)/Arm GNU Toolchain arm-none-eabi/13.3 rel1/bin/../lib/gcc/arm-none-eabi/13.3.1/thumb/v6-m/nofp\libc_nano.a(libc_a-mlock.o)
 .data          0x10000004        0x0 C:/Program Files (x86)/Arm GNU Toolchain arm-none-eabi/13.3 rel1/bin/../lib/gcc/arm-none-eabi/13.3.1/thumb/v6-m/nofp\libc_nano.a(libc_a-findfp.o)
 .data          0x10000004        0x0 C:/Program Files (x86)/Arm GNU Toolchain arm-none-eabi/13.3 rel1/bin/../lib/gcc/arm-none-eabi/13.3.1/thumb/v6-m/nofp\libc_nano.a(libc_a-fwalk.o)
 .data          0x10000004        0x0 C:/Program Files (x86)/Arm GNU Toolchain arm-none-eabi/13.3 rel1/bin/../lib/gcc/arm-none-eabi/13.3.1/thumb/v6-m/nofp\libc_nano.a(libc_a-stdio.o)
 .data          0x10000004        0x0 C:/Program Files (x86)/Arm GNU Toolchain arm-none-eabi/13.3 rel1/bin/../lib/gcc/arm-none-eabi/13.3.1/thumb/v6-m/nofp\libc_nano.a(libc_a-memset.o)
 .data          0x10000004        0x0 C:/Program Files (x86)/Arm GNU Toolchain arm-none-eabi/13.3 rel1/bin/../lib/gcc/arm-none-eabi/13.3.1/thumb/v6-m/nofp\libc_nano.a(libc_a-closer.o)
 .data          0x10000004        0x0 C:/Program Files (x86)/Arm GNU Toolchain arm-none-eabi/13.3 rel1/bin/../lib/gcc/arm-none-eabi/13.3.1/thumb/v6-m/nofp\libc_nano.a(libc_a-reent.o)
 .data          0x10000004        0x0 C:/Program Files (x86)/Arm GNU Toolchain arm-none-eabi/13.3 rel1/bin/../lib/gcc/arm-none-eabi/13.3.1/thumb/v6-m/nofp\libc_nano.a(libc_a-impure.o)
 .data          0x10000004        0x0 C:/Program Files (x86)/Arm GNU Toolchain arm-none-eabi/13.3 rel1/bin/../lib/gcc/arm-none-eabi/13.3.1/thumb/v6-m/nofp\libc_nano.a(libc_a-lseekr.o)
 .data          0x10000004        0x0 C:/Program Files (x86)/Arm GNU Toolchain arm-none-eabi/13.3 rel1/bin/../lib/gcc/arm-none-eabi/13.3.1/thumb/v6-m/nofp\libc_nano.a(libc_a-readr.o)
 .data          0x10000004        0x0 C:/Program Files (x86)/Arm GNU Toolchain arm-none-eabi/13.3 rel1/bin/../lib/gcc/arm-none-eabi/13.3.1/thumb/v6-m/nofp\libc_nano.a(libc_a-sbrkr.o)
 .data          0x10000004        0x0 C:/Program Files (x86)/Arm GNU Toolchain arm-none-eabi/13.3 rel1/bin/../lib/gcc/arm-none-eabi/13.3.1/thumb/v6-m/nofp\libc_nano.a(libc_a-writer.o)
 .data          0x10000004        0x0 C:/Program Files (x86)/Arm GNU Toolchain arm-none-eabi/13.3 rel1/bin/../lib/gcc/arm-none-eabi/13.3.1/thumb/v6-m/nofp\libc_nano.a(libc_a-init.o)
 .data          0x10000004        0x0 C:/Program Files (x86)/Arm GNU Toolchain arm-none-eabi/13.3 rel1/bin/../lib/gcc/arm-none-eabi/13.3.1/thumb/v6-m/nofp\libc_nano.a(libc_a-lock.o)
 .data          0x10000004        0x0 C:/Program Files (x86)/Arm GNU Toolchain arm-none-eabi/13.3 rel1/bin/../lib/gcc/arm-none-eabi/13.3.1/thumb/v6-m/nofp\libc_nano.a(libc_a-freer.o)
 .data          0x10000004        0x0 C:/Program Files (x86)/Arm GNU Toolchain arm-none-eabi/13.3 rel1/bin/../lib/gcc/arm-none-eabi/13.3.1/thumb/v6-m/nofp\libc_nano.a(libc_a-fflush.o)
 .data          0x10000004        0x0 C:/Program Files (x86)/Arm GNU Toolchain arm-none-eabi/13.3 rel1/bin/../lib/gcc/arm-none-eabi/13.3.1/thumb/v6-m/nofp\libnosys.a(close.o)
 .data          0x10000004        0x0 C:/Program Files (x86)/Arm GNU Toolchain arm-none-eabi/13.3 rel1/bin/../lib/gcc/arm-none-eabi/13.3.1/thumb/v6-m/nofp\libnosys.a(lseek.o)
 .data          0x10000004        0x0 C:/Program Files (x86)/Arm GNU Toolchain arm-none-eabi/13.3 rel1/bin/../lib/gcc/arm-none-eabi/13.3.1/thumb/v6-m/nofp\libnosys.a(read.o)
 .data          0x10000004        0x0 C:/Program Files (x86)/Arm GNU Toolchain arm-none-eabi/13.3 rel1/bin/../lib/gcc/arm-none-eabi/13.3.1/thumb/v6-m/nofp\libnosys.a(sbrk.o)
 .data          0x10000004        0x0 C:/Program Files (x86)/Arm GNU Toolchain arm-none-eabi/13.3 rel1/bin/../lib/gcc/arm-none-eabi/13.3.1/thumb/v6-m/nofp\libnosys.a(write.o)
 .data          0x10000004        0x0 C:/Program Files (x86)/Arm GNU Toolchain arm-none-eabi/13.3 rel1/bin/../lib/gcc/arm-none-eabi/13.3.1/thumb/v6-m/nofp\libnosys.a(_exit.o)
 .data          0x10000004        0x0 C:/Program Files (x86)/Arm GNU Toolchain arm-none-eabi/13.3 rel1/bin/../lib/gcc/arm-none-eabi/13.3.1/thumb/v6-m/nofp/crtend.o
 .data          0x10000004        0x0 C:/Program Files (x86)/Arm GNU Toolchain arm-none-eabi/13.3 rel1/bin/../lib/gcc/arm-none-eabi/13.3.1/thumb/v6-m/nofp/crtn.o
 *(.data*)
 .data.__dso_handle
                0x10000004        0x4 C:/Program Files (x86)/Arm GNU Toolchain arm-none-eabi/13.3 rel1/bin/../lib/gcc/arm-none-eabi/13.3.1/thumb/v6-m/nofp/crtbegin.o
                0x10000004                __dso_handle
 .data.__sglue  0x10000008        0xc C:/Program Files (x86)/Arm GNU Toolchain arm-none-eabi/13.3 rel1/bin/../lib/gcc/arm-none-eabi/13.3.1/thumb/v6-m/nofp\libc_nano.a(libc_a-findfp.o)
                0x10000008                __sglue
 .data._impure_ptr
                0x10000014        0x4 C:/Program Files (x86)/Arm GNU Toolchain arm-none-eabi/13.3 rel1/bin/../lib/gcc/arm-none-eabi/13.3.1/thumb/v6-m/nofp\libc_nano.a(libc_a-impure.o)
                0x10000014                _impure_ptr
 .data._impure_data
                0x10000018       0x4c C:/Program Files (x86)/Arm GNU Toolchain arm-none-eabi/13.3 rel1/bin/../lib/gcc/arm-none-eabi/13.3.1/thumb/v6-m/nofp\libc_nano.a(libc_a-impure.o)
                0x10000018                _impure_data
 *(.jcr*)
                0x10000064                        . = ALIGN (0x4)
                0x10000064                        __data_end__ = .
                0x00002b58                        __DATA_END = (__DATA_ROM + (__data_end__ - __data_start__))
                0x00008000                        text_end = (ORIGIN (m_text) + LENGTH (m_text))
                0x00000001                        ASSERT ((__DATA_END <= text_end), region m_text overflowed with text and data)

.tm_clone_table
                0x10000064        0x0 load address 0x00002b58
 .tm_clone_table
                0x10000064        0x0 C:/Program Files (x86)/Arm GNU Toolchain arm-none-eabi/13.3 rel1/bin/../lib/gcc/arm-none-eabi/13.3.1/thumb/v6-m/nofp/crtbegin.o
 .tm_clone_table
                0x10000064        0x0 C:/Program Files (x86)/Arm GNU Toolchain arm-none-eabi/13.3 rel1/bin/../lib/gcc/arm-none-eabi/13.3.1/thumb/v6-m/nofp/crtend.o

.igot.plt       0x10000064        0x0 load address 0x00002b58
 .igot.plt      0x10000064        0x0 C:/Program Files (x86)/Arm GNU Toolchain arm-none-eabi/13.3 rel1/bin/../lib/gcc/arm-none-eabi/13.3.1/thumb/v6-m/nofp/crtbegin.o

.bss            0x10000064      0x1d4 load address 0x00002b58
                0x10000064                        . = ALIGN (0x4)
                0x10000064                        __START_BSS = .
                0x10000064                        __bss_start__ = .
 *(.bss)
 .bss           0x10000064        0x0 C:/Program Files (x86)/Arm GNU Toolchain arm-none-eabi/13.3 rel1/bin/../lib/gcc/arm-none-eabi/13.3.1/thumb/v6-m/nofp/crti.o
 .bss           0x10000064        0x0 C:/Program Files (x86)/Arm GNU Toolchain arm-none-eabi/13.3 rel1/bin/../lib/gcc/arm-none-eabi/13.3.1/thumb/v6-m/nofp/crtbegin.o
 .bss           0x10000064        0x0 C:/Program Files (x86)/Arm GNU Toolchain arm-none-eabi/13.3 rel1/bin/../lib/gcc/arm-none-eabi/13.3.1/thumb/v6-m/nofp/crt0.o
 .bss           0x10000064        0x4 build/EX2_PART1.o
                0x10000064                counter
 .bss           0x10000068        0x0 build/pin_mux.o
 .bss           0x10000068        0x0 build/system_LPC824.o
 .bss           0x10000068        0x0 build/fsl_common.o
 .bss           0x10000068        0x0 build/fsl_common_arm.o
 .bss           0x10000068        0x0 build/fsl_gpio.o
 .bss           0x10000068        0x0 build/fsl_power.o
 .bss           0x10000068        0xc build/fsl_clock.o
                0x10000068                g_Ext_Clk_Freq
                0x1000006c                g_Wdt_Osc_Freq
 .bss           0x10000074        0x0 build/fsl_reset.o
 .bss           0x10000074        0x0 build/fsl_swm.o
 .bss           0x10000074        0x0 build/fsl_syscon.o
 .bss           0x10000074        0x0 build/fsl_mrt.o
 .bss           0x10000074       0x34 build/fsl_sctimer.o
 .bss           0x100000a8       0x20 build/fsl_pint.o
 .bss           0x100000c8        0x0 build/startup_LPC824.o
 .bss           0x100000c8        0x0 C:/Program Files (x86)/Arm GNU Toolchain arm-none-eabi/13.3 rel1/bin/../lib/gcc/arm-none-eabi/13.3.1/thumb/v6-m/nofp\libgcc.a(_thumb1_case_uqi.o)
 .bss           0x100000c8        0x0 C:/Program Files (x86)/Arm GNU Toolchain arm-none-eabi/13.3 rel1/bin/../lib/gcc/arm-none-eabi/13.3.1/thumb/v6-m/nofp\libgcc.a(_udivsi3.o)
 .bss           0x100000c8        0x0 C:/Program Files (x86)/Arm GNU Toolchain arm-none-eabi/13.3 rel1/bin/../lib/gcc/arm-none-eabi/13.3.1/thumb/v6-m/nofp\libgcc.a(_divsi3.o)
 .bss           0x100000c8        0x0 C:/Program Files (x86)/Arm GNU Toolchain arm-none-eabi/13.3 rel1/bin/../lib/gcc/arm-none-eabi/13.3.1/thumb/v6-m/nofp\libgcc.a(_dvmd_tls.o)
 .bss           0x100000c8        0x0 C:/Program Files (x86)/Arm GNU Toolchain arm-none-eabi/13.3 rel1/bin/../lib/gcc/arm-none-eabi/13.3.1/thumb/v6-m/nofp\libgcc.a(_aeabi_ldivmod.o)
 .bss           0x100000c8        0x0 C:/Program Files (x86)/Arm GNU Toolchain arm-none-eabi/13.3 rel1/bin/../lib/gcc/arm-none-eabi/13.3.1/thumb/v6-m/nofp\libgcc.a(_aeabi_uldivmod.o)
 .bss           0x100000c8        0x0 C:/Program Files (x86)/Arm GNU Toolchain arm-none-eabi/13.3 rel1/bin/../lib/gcc/arm-none-eabi/13.3.1/thumb/v6-m/nofp\libgcc.a(_muldi3.o)
 .bss           0x100000c8        0x0 C:/Program Files (x86)/Arm GNU Toolchain arm-none-eabi/13.3 rel1/bin/../lib/gcc/arm-none-eabi/13.3.1/thumb/v6-m/nofp\libgcc.a(_udivmoddi4.o)
 .bss           0x100000c8        0x0 C:/Program Files (x86)/Arm GNU Toolchain arm-none-eabi/13.3 rel1/bin/../lib/gcc/arm-none-eabi/13.3.1/thumb/v6-m/nofp\libgcc.a(bpabi.o)
 .bss           0x100000c8        0x0 C:/Program Files (x86)/Arm GNU Toolchain arm-none-eabi/13.3 rel1/bin/../lib/gcc/arm-none-eabi/13.3.1/thumb/v6-m/nofp\libgcc.a(_clzdi2.o)
 .bss           0x100000c8        0x0 C:/Program Files (x86)/Arm GNU Toolchain arm-none-eabi/13.3 rel1/bin/../lib/gcc/arm-none-eabi/13.3.1/thumb/v6-m/nofp\libgcc.a(_divdi3.o)
 .bss           0x100000c8        0x0 C:/Program Files (x86)/Arm GNU Toolchain arm-none-eabi/13.3 rel1/bin/../lib/gcc/arm-none-eabi/13.3.1/thumb/v6-m/nofp\libgcc.a(_clzsi2.o)
 .bss           0x100000c8        0x0 C:/Program Files (x86)/Arm GNU Toolchain arm-none-eabi/13.3 rel1/bin/../lib/gcc/arm-none-eabi/13.3.1/thumb/v6-m/nofp\libc_nano.a(libc_a-exit.o)
 .bss           0x100000c8        0x0 C:/Program Files (x86)/Arm GNU Toolchain arm-none-eabi/13.3 rel1/bin/../lib/gcc/arm-none-eabi/13.3.1/thumb/v6-m/nofp\libc_nano.a(libc_a-malloc.o)
 .bss           0x100000c8        0x0 C:/Program Files (x86)/Arm GNU Toolchain arm-none-eabi/13.3 rel1/bin/../lib/gcc/arm-none-eabi/13.3.1/thumb/v6-m/nofp\libc_nano.a(libc_a-mallocr.o)
 .bss           0x100000c8        0x0 C:/Program Files (x86)/Arm GNU Toolchain arm-none-eabi/13.3 rel1/bin/../lib/gcc/arm-none-eabi/13.3.1/thumb/v6-m/nofp\libc_nano.a(libc_a-mlock.o)
 .bss           0x100000c8        0x0 C:/Program Files (x86)/Arm GNU Toolchain arm-none-eabi/13.3 rel1/bin/../lib/gcc/arm-none-eabi/13.3.1/thumb/v6-m/nofp\libc_nano.a(libc_a-findfp.o)
 .bss           0x100000c8        0x0 C:/Program Files (x86)/Arm GNU Toolchain arm-none-eabi/13.3 rel1/bin/../lib/gcc/arm-none-eabi/13.3.1/thumb/v6-m/nofp\libc_nano.a(libc_a-fwalk.o)
 .bss           0x100000c8        0x0 C:/Program Files (x86)/Arm GNU Toolchain arm-none-eabi/13.3 rel1/bin/../lib/gcc/arm-none-eabi/13.3.1/thumb/v6-m/nofp\libc_nano.a(libc_a-stdio.o)
 .bss           0x100000c8        0x0 C:/Program Files (x86)/Arm GNU Toolchain arm-none-eabi/13.3 rel1/bin/../lib/gcc/arm-none-eabi/13.3.1/thumb/v6-m/nofp\libc_nano.a(libc_a-memset.o)
 .bss           0x100000c8        0x0 C:/Program Files (x86)/Arm GNU Toolchain arm-none-eabi/13.3 rel1/bin/../lib/gcc/arm-none-eabi/13.3.1/thumb/v6-m/nofp\libc_nano.a(libc_a-closer.o)
 .bss           0x100000c8        0x0 C:/Program Files (x86)/Arm GNU Toolchain arm-none-eabi/13.3 rel1/bin/../lib/gcc/arm-none-eabi/13.3.1/thumb/v6-m/nofp\libc_nano.a(libc_a-reent.o)
 .bss           0x100000c8        0x0 C:/Program Files (x86)/Arm GNU Toolchain arm-none-eabi/13.3 rel1/bin/../lib/gcc/arm-none-eabi/13.3.1/thumb/v6-m/nofp\libc_nano.a(libc_a-impure.o)
 .bss           0x100000c8        0x0 C:/Program Files (x86)/Arm GNU Toolchain arm-none-eabi/13.3 rel1/bin/../lib/gcc/arm-none-eabi/13.3.1/thumb/v6-m/nofp\libc_nano.a(libc_a-lseekr.o)
 .bss           0x100000c8        0x0 C:/Program Files (x86)/Arm GNU Toolchain arm-none-eabi/13.3 rel1/bin/../lib/gcc/arm-none-eabi/13.3.1/thumb/v6-m/nofp\libc_nano.a(libc_a-readr.o)
 .bss           0x100000c8        0x0 C:/Program Files (x86)/Arm GNU Toolchain arm-none-eabi/13.3 rel1/bin/../lib/gcc/arm-none-eabi/13.3.1/thumb/v6-m/nofp\libc_nano.a(libc_a-sbrkr.o)
 .bss           0x100000c8        0x0 C:/Program Files (x86)/Arm GNU Toolchain arm-none-eabi/13.3 rel1/bin/../lib/gcc/arm-none-eabi/13.3.1/thumb/v6-m/nofp\libc_nano.a(libc_a-writer.o)
 .bss           0x100000c8        0x0 C:/Program Files (x86)/Arm GNU Toolchain arm-none-eabi/13.3 rel1/bin/../lib/gcc/arm-none-eabi/13.3.1/thumb/v6-m/nofp\libc_nano.a(libc_a-init.o)
 .bss           0x100000c8        0x0 C:/Program Files (x86)/Arm GNU Toolchain arm-none-eabi/13.3 rel1/bin/../lib/gcc/arm-none-eabi/13.3.1/thumb/v6-m/nofp\libc_nano.a(libc_a-lock.o)
 .bss           0x100000c8        0x0 C:/Program Files (x86)/Arm GNU Toolchain arm-none-eabi/13.3 rel1/bin/../lib/gcc/arm-none-eabi/13.3.1/thumb/v6-m/nofp\libc_nano.a(libc_a-freer.o)
 .bss           0x100000c8        0x0 C:/Program Files (x86)/Arm GNU Toolchain arm-none-eabi/13.3 rel1/bin/../lib/gcc/arm-none-eabi/13.3.1/thumb/v6-m/nofp\libc_nano.a(libc_a-fflush.o)
 .bss           0x100000c8        0x0 C:/Program Files (x86)/Arm GNU Toolchain arm-none-eabi/13.3 rel1/bin/../lib/gcc/arm-none-eabi/13.3.1/thumb/v6-m/nofp\libnosys.a(close.o)
 .bss           0x100000c8        0x0 C:/Program Files (x86)/Arm GNU Toolchain arm-none-eabi/13.3 rel1/bin/../lib/gcc/arm-none-eabi/13.3.1/thumb/v6-m/nofp\libnosys.a(lseek.o)
 .bss           0x100000c8        0x0 C:/Program Files (x86)/Arm GNU Toolchain arm-none-eabi/13.3 rel1/bin/../lib/gcc/arm-none-eabi/13.3.1/thumb/v6-m/nofp\libnosys.a(read.o)
 .bss           0x100000c8        0x0 C:/Program Files (x86)/Arm GNU Toolchain arm-none-eabi/13.3 rel1/bin/../lib/gcc/arm-none-eabi/13.3.1/thumb/v6-m/nofp\libnosys.a(sbrk.o)
 .bss           0x100000c8        0x0 C:/Program Files (x86)/Arm GNU Toolchain arm-none-eabi/13.3 rel1/bin/../lib/gcc/arm-none-eabi/13.3.1/thumb/v6-m/nofp\libnosys.a(write.o)
 .bss           0x100000c8        0x0 C:/Program Files (x86)/Arm GNU Toolchain arm-none-eabi/13.3 rel1/bin/../lib/gcc/arm-none-eabi/13.3.1/thumb/v6-m/nofp\libnosys.a(_exit.o)
 .bss           0x100000c8        0x0 C:/Program Files (x86)/Arm GNU Toolchain arm-none-eabi/13.3 rel1/bin/../lib/gcc/arm-none-eabi/13.3.1/thumb/v6-m/nofp/crtend.o
 .bss           0x100000c8        0x0 C:/Program Files (x86)/Arm GNU Toolchain arm-none-eabi/13.3 rel1/bin/../lib/gcc/arm-none-eabi/13.3.1/thumb/v6-m/nofp/crtn.o
 *(.bss*)
 .bss.completed.1
                0x100000c8        0x1 C:/Program Files (x86)/Arm GNU Toolchain arm-none-eabi/13.3 rel1/bin/../lib/gcc/arm-none-eabi/13.3.1/thumb/v6-m/nofp/crtbegin.o
 *fill*         0x100000c9        0x3 
 .bss.object.0  0x100000cc       0x18 C:/Program Files (x86)/Arm GNU Toolchain arm-none-eabi/13.3 rel1/bin/../lib/gcc/arm-none-eabi/13.3.1/thumb/v6-m/nofp/crtbegin.o
 .bss.__malloc_sbrk_start
                0x100000e4        0x4 C:/Program Files (x86)/Arm GNU Toolchain arm-none-eabi/13.3 rel1/bin/../lib/gcc/arm-none-eabi/13.3.1/thumb/v6-m/nofp\libc_nano.a(libc_a-mallocr.o)
                0x100000e4                __malloc_sbrk_start
 .bss.__malloc_free_list
                0x100000e8        0x4 C:/Program Files (x86)/Arm GNU Toolchain arm-none-eabi/13.3 rel1/bin/../lib/gcc/arm-none-eabi/13.3.1/thumb/v6-m/nofp\libc_nano.a(libc_a-mallocr.o)
                0x100000e8                __malloc_free_list
 .bss.__sf      0x100000ec      0x138 C:/Program Files (x86)/Arm GNU Toolchain arm-none-eabi/13.3 rel1/bin/../lib/gcc/arm-none-eabi/13.3.1/thumb/v6-m/nofp\libc_nano.a(libc_a-findfp.o)
                0x100000ec                __sf
 .bss.__stdio_exit_handler
                0x10000224        0x4 C:/Program Files (x86)/Arm GNU Toolchain arm-none-eabi/13.3 rel1/bin/../lib/gcc/arm-none-eabi/13.3.1/thumb/v6-m/nofp\libc_nano.a(libc_a-findfp.o)
                0x10000224                __stdio_exit_handler
 .bss.errno     0x10000228        0x4 C:/Program Files (x86)/Arm GNU Toolchain arm-none-eabi/13.3 rel1/bin/../lib/gcc/arm-none-eabi/13.3.1/thumb/v6-m/nofp\libc_nano.a(libc_a-reent.o)
                0x10000228                errno
 .bss.__lock___arc4random_mutex
                0x1000022c        0x1 C:/Program Files (x86)/Arm GNU Toolchain arm-none-eabi/13.3 rel1/bin/../lib/gcc/arm-none-eabi/13.3.1/thumb/v6-m/nofp\libc_nano.a(libc_a-lock.o)
                0x1000022c                __lock___arc4random_mutex
 .bss.__lock___dd_hash_mutex
                0x1000022d        0x1 C:/Program Files (x86)/Arm GNU Toolchain arm-none-eabi/13.3 rel1/bin/../lib/gcc/arm-none-eabi/13.3.1/thumb/v6-m/nofp\libc_nano.a(libc_a-lock.o)
                0x1000022d                __lock___dd_hash_mutex
 .bss.__lock___tz_mutex
                0x1000022e        0x1 C:/Program Files (x86)/Arm GNU Toolchain arm-none-eabi/13.3 rel1/bin/../lib/gcc/arm-none-eabi/13.3.1/thumb/v6-m/nofp\libc_nano.a(libc_a-lock.o)
                0x1000022e                __lock___tz_mutex
 .bss.__lock___env_recursive_mutex
                0x1000022f        0x1 C:/Program Files (x86)/Arm GNU Toolchain arm-none-eabi/13.3 rel1/bin/../lib/gcc/arm-none-eabi/13.3.1/thumb/v6-m/nofp\libc_nano.a(libc_a-lock.o)
                0x1000022f                __lock___env_recursive_mutex
 .bss.__lock___malloc_recursive_mutex
                0x10000230        0x1 C:/Program Files (x86)/Arm GNU Toolchain arm-none-eabi/13.3 rel1/bin/../lib/gcc/arm-none-eabi/13.3.1/thumb/v6-m/nofp\libc_nano.a(libc_a-lock.o)
                0x10000230                __lock___malloc_recursive_mutex
 .bss.__lock___at_quick_exit_mutex
                0x10000231        0x1 C:/Program Files (x86)/Arm GNU Toolchain arm-none-eabi/13.3 rel1/bin/../lib/gcc/arm-none-eabi/13.3.1/thumb/v6-m/nofp\libc_nano.a(libc_a-lock.o)
                0x10000231                __lock___at_quick_exit_mutex
 .bss.__lock___atexit_recursive_mutex
                0x10000232        0x1 C:/Program Files (x86)/Arm GNU Toolchain arm-none-eabi/13.3 rel1/bin/../lib/gcc/arm-none-eabi/13.3.1/thumb/v6-m/nofp\libc_nano.a(libc_a-lock.o)
                0x10000232                __lock___atexit_recursive_mutex
 .bss.__lock___sfp_recursive_mutex
                0x10000233        0x1 C:/Program Files (x86)/Arm GNU Toolchain arm-none-eabi/13.3 rel1/bin/../lib/gcc/arm-none-eabi/13.3.1/thumb/v6-m/nofp\libc_nano.a(libc_a-lock.o)
                0x10000233                __lock___sfp_recursive_mutex
 .bss.heap_end.0
                0x10000234        0x4 C:/Program Files (x86)/Arm GNU Toolchain arm-none-eabi/13.3 rel1/bin/../lib/gcc/arm-none-eabi/13.3.1/thumb/v6-m/nofp\libnosys.a(sbrk.o)
 *(COMMON)
                0x10000238                        . = ALIGN (0x4)
                0x10000238                        __bss_end__ = .
                0x10000238                        __END_BSS = .

.heap           0x10000238      0x400 load address 0x00002d2c
                0x10000238                        . = ALIGN (0x8)
                0x10000238                        __end__ = .
                0x10000238                        PROVIDE (end = .)
                0x10000238                        __HeapBase = .
                0x10000638                        . = (. + HEAP_SIZE)
 *fill*         0x10000238      0x400 
                0x10000638                        __HeapLimit = .
                0x10000638                        __heap_limit = .

.stack          0x10000638      0x800 load address 0x0000312c
                0x10000638                        . = ALIGN (0x8)
                0x10000e38                        . = (. + STACK_SIZE)
 *fill*         0x10000638      0x800 
                0x10001fe0                        __StackTop = (ORIGIN (m_data) + LENGTH (m_data))
                0x100017e0                        __StackLimit = (__StackTop - STACK_SIZE)
                0x10001fe0                        PROVIDE (__stack = __StackTop)

.ARM.attributes
                0x00000000       0x28
 *(.ARM.attributes)
 .ARM.attributes
                0x00000000       0x1e C:/Program Files (x86)/Arm GNU Toolchain arm-none-eabi/13.3 rel1/bin/../lib/gcc/arm-none-eabi/13.3.1/thumb/v6-m/nofp/crti.o
 .ARM.attributes
                0x0000001e       0x2c C:/Program Files (x86)/Arm GNU Toolchain arm-none-eabi/13.3 rel1/bin/../lib/gcc/arm-none-eabi/13.3.1/thumb/v6-m/nofp/crtbegin.o
 .ARM.attributes
                0x0000004a       0x1b C:/Program Files (x86)/Arm GNU Toolchain arm-none-eabi/13.3 rel1/bin/../lib/gcc/arm-none-eabi/13.3.1/thumb/v6-m/nofp/crt0.o
 .ARM.attributes
                0x00000065       0x2c build/EX2_PART1.o
 .ARM.attributes
                0x00000091       0x2c build/pin_mux.o
 .ARM.attributes
                0x000000bd       0x2c build/system_LPC824.o
 .ARM.attributes
                0x000000e9       0x2c build/fsl_common.o
 .ARM.attributes
                0x00000115       0x2c build/fsl_common_arm.o
 .ARM.attributes
                0x00000141       0x2c build/fsl_gpio.o
 .ARM.attributes
                0x0000016d       0x2c build/fsl_power.o
 .ARM.attributes
                0x00000199       0x2c build/fsl_clock.o
 .ARM.attributes
                0x000001c5       0x2c build/fsl_reset.o
 .ARM.attributes
                0x000001f1       0x2c build/fsl_swm.o
 .ARM.attributes
                0x0000021d       0x2c build/fsl_syscon.o
 .ARM.attributes
                0x00000249       0x2c build/fsl_mrt.o
 .ARM.attributes
                0x00000275       0x2c build/fsl_sctimer.o
 .ARM.attributes
                0x000002a1       0x2c build/fsl_pint.o
 .ARM.attributes
                0x000002cd       0x1b build/startup_LPC824.o
 .ARM.attributes
                0x000002e8       0x1e C:/Program Files (x86)/Arm GNU Toolchain arm-none-eabi/13.3 rel1/bin/../lib/gcc/arm-none-eabi/13.3.1/thumb/v6-m/nofp\libgcc.a(_thumb1_case_uqi.o)
 .ARM.attributes
                0x00000306       0x1e C:/Program Files (x86)/Arm GNU Toolchain arm-none-eabi/13.3 rel1/bin/../lib/gcc/arm-none-eabi/13.3.1/thumb/v6-m/nofp\libgcc.a(_udivsi3.o)
 .ARM.attributes
                0x00000324       0x1e C:/Program Files (x86)/Arm GNU Toolchain arm-none-eabi/13.3 rel1/bin/../lib/gcc/arm-none-eabi/13.3.1/thumb/v6-m/nofp\libgcc.a(_divsi3.o)
 .ARM.attributes
                0x00000342       0x1e C:/Program Files (x86)/Arm GNU Toolchain arm-none-eabi/13.3 rel1/bin/../lib/gcc/arm-none-eabi/13.3.1/thumb/v6-m/nofp\libgcc.a(_dvmd_tls.o)
 .ARM.attributes
                0x00000360       0x1e C:/Program Files (x86)/Arm GNU Toolchain arm-none-eabi/13.3 rel1/bin/../lib/gcc/arm-none-eabi/13.3.1/thumb/v6-m/nofp\libgcc.a(_aeabi_ldivmod.o)
 .ARM.attributes
                0x0000037e       0x1e C:/Program Files (x86)/Arm GNU Toolchain arm-none-eabi/13.3 rel1/bin/../lib/gcc/arm-none-eabi/13.3.1/thumb/v6-m/nofp\libgcc.a(_aeabi_uldivmod.o)
 .ARM.attributes
                0x0000039c       0x2c C:/Program Files (x86)/Arm GNU Toolchain arm-none-eabi/13.3 rel1/bin/../lib/gcc/arm-none-eabi/13.3.1/thumb/v6-m/nofp\libgcc.a(_muldi3.o)
 .ARM.attributes
                0x000003c8       0x2c C:/Program Files (x86)/Arm GNU Toolchain arm-none-eabi/13.3 rel1/bin/../lib/gcc/arm-none-eabi/13.3.1/thumb/v6-m/nofp\libgcc.a(_udivmoddi4.o)
 .ARM.attributes
                0x000003f4       0x2c C:/Program Files (x86)/Arm GNU Toolchain arm-none-eabi/13.3 rel1/bin/../lib/gcc/arm-none-eabi/13.3.1/thumb/v6-m/nofp\libgcc.a(bpabi.o)
 .ARM.attributes
                0x00000420       0x1e C:/Program Files (x86)/Arm GNU Toolchain arm-none-eabi/13.3 rel1/bin/../lib/gcc/arm-none-eabi/13.3.1/thumb/v6-m/nofp\libgcc.a(_clzdi2.o)
 .ARM.attributes
                0x0000043e       0x2c C:/Program Files (x86)/Arm GNU Toolchain arm-none-eabi/13.3 rel1/bin/../lib/gcc/arm-none-eabi/13.3.1/thumb/v6-m/nofp\libgcc.a(_divdi3.o)
 .ARM.attributes
                0x0000046a       0x1e C:/Program Files (x86)/Arm GNU Toolchain arm-none-eabi/13.3 rel1/bin/../lib/gcc/arm-none-eabi/13.3.1/thumb/v6-m/nofp\libgcc.a(_clzsi2.o)
 .ARM.attributes
                0x00000488       0x2c C:/Program Files (x86)/Arm GNU Toolchain arm-none-eabi/13.3 rel1/bin/../lib/gcc/arm-none-eabi/13.3.1/thumb/v6-m/nofp\libc_nano.a(libc_a-exit.o)
 .ARM.attributes
                0x000004b4       0x2c C:/Program Files (x86)/Arm GNU Toolchain arm-none-eabi/13.3 rel1/bin/../lib/gcc/arm-none-eabi/13.3.1/thumb/v6-m/nofp\libc_nano.a(libc_a-malloc.o)
 .ARM.attributes
                0x000004e0       0x2c C:/Program Files (x86)/Arm GNU Toolchain arm-none-eabi/13.3 rel1/bin/../lib/gcc/arm-none-eabi/13.3.1/thumb/v6-m/nofp\libc_nano.a(libc_a-mallocr.o)
 .ARM.attributes
                0x0000050c       0x2c C:/Program Files (x86)/Arm GNU Toolchain arm-none-eabi/13.3 rel1/bin/../lib/gcc/arm-none-eabi/13.3.1/thumb/v6-m/nofp\libc_nano.a(libc_a-mlock.o)
 .ARM.attributes
                0x00000538       0x2c C:/Program Files (x86)/Arm GNU Toolchain arm-none-eabi/13.3 rel1/bin/../lib/gcc/arm-none-eabi/13.3.1/thumb/v6-m/nofp\libc_nano.a(libc_a-findfp.o)
 .ARM.attributes
                0x00000564       0x2c C:/Program Files (x86)/Arm GNU Toolchain arm-none-eabi/13.3 rel1/bin/../lib/gcc/arm-none-eabi/13.3.1/thumb/v6-m/nofp\libc_nano.a(libc_a-fwalk.o)
 .ARM.attributes
                0x00000590       0x2c C:/Program Files (x86)/Arm GNU Toolchain arm-none-eabi/13.3 rel1/bin/../lib/gcc/arm-none-eabi/13.3.1/thumb/v6-m/nofp\libc_nano.a(libc_a-stdio.o)
 .ARM.attributes
                0x000005bc       0x2c C:/Program Files (x86)/Arm GNU Toolchain arm-none-eabi/13.3 rel1/bin/../lib/gcc/arm-none-eabi/13.3.1/thumb/v6-m/nofp\libc_nano.a(libc_a-memset.o)
 .ARM.attributes
                0x000005e8       0x2c C:/Program Files (x86)/Arm GNU Toolchain arm-none-eabi/13.3 rel1/bin/../lib/gcc/arm-none-eabi/13.3.1/thumb/v6-m/nofp\libc_nano.a(libc_a-closer.o)
 .ARM.attributes
                0x00000614       0x2c C:/Program Files (x86)/Arm GNU Toolchain arm-none-eabi/13.3 rel1/bin/../lib/gcc/arm-none-eabi/13.3.1/thumb/v6-m/nofp\libc_nano.a(libc_a-reent.o)
 .ARM.attributes
                0x00000640       0x2c C:/Program Files (x86)/Arm GNU Toolchain arm-none-eabi/13.3 rel1/bin/../lib/gcc/arm-none-eabi/13.3.1/thumb/v6-m/nofp\libc_nano.a(libc_a-impure.o)
 .ARM.attributes
                0x0000066c       0x2c C:/Program Files (x86)/Arm GNU Toolchain arm-none-eabi/13.3 rel1/bin/../lib/gcc/arm-none-eabi/13.3.1/thumb/v6-m/nofp\libc_nano.a(libc_a-lseekr.o)
 .ARM.attributes
                0x00000698       0x2c C:/Program Files (x86)/Arm GNU Toolchain arm-none-eabi/13.3 rel1/bin/../lib/gcc/arm-none-eabi/13.3.1/thumb/v6-m/nofp\libc_nano.a(libc_a-readr.o)
 .ARM.attributes
                0x000006c4       0x2c C:/Program Files (x86)/Arm GNU Toolchain arm-none-eabi/13.3 rel1/bin/../lib/gcc/arm-none-eabi/13.3.1/thumb/v6-m/nofp\libc_nano.a(libc_a-sbrkr.o)
 .ARM.attributes
                0x000006f0       0x2c C:/Program Files (x86)/Arm GNU Toolchain arm-none-eabi/13.3 rel1/bin/../lib/gcc/arm-none-eabi/13.3.1/thumb/v6-m/nofp\libc_nano.a(libc_a-writer.o)
 .ARM.attributes
                0x0000071c       0x2c C:/Program Files (x86)/Arm GNU Toolchain arm-none-eabi/13.3 rel1/bin/../lib/gcc/arm-none-eabi/13.3.1/thumb/v6-m/nofp\libc_nano.a(libc_a-init.o)
 .ARM.attributes
                0x00000748       0x2c C:/Program Files (x86)/Arm GNU Toolchain arm-none-eabi/13.3 rel1/bin/../lib/gcc/arm-none-eabi/13.3.1/thumb/v6-m/nofp\libc_nano.a(libc_a-lock.o)
 .ARM.attributes
                0x00000774       0x2c C:/Program Files (x86)/Arm GNU Toolchain arm-none-eabi/13.3 rel1/bin/../lib/gcc/arm-none-eabi/13.3.1/thumb/v6-m/nofp\libc_nano.a(libc_a-freer.o)
 .ARM.attributes
                0x000007a0       0x2c C:/Program Files (x86)/Arm GNU Toolchain arm-none-eabi/13.3 rel1/bin/../lib/gcc/arm-none-eabi/13.3.1/thumb/v6-m/nofp\libc_nano.a(libc_a-fflush.o)
 .ARM.attributes
                0x000007cc       0x2c C:/Program Files (x86)/Arm GNU Toolchain arm-none-eabi/13.3 rel1/bin/../lib/gcc/arm-none-eabi/13.3.1/thumb/v6-m/nofp\libnosys.a(close.o)
 .ARM.attributes
                0x000007f8       0x2c C:/Program Files (x86)/Arm GNU Toolchain arm-none-eabi/13.3 rel1/bin/../lib/gcc/arm-none-eabi/13.3.1/thumb/v6-m/nofp\libnosys.a(lseek.o)
 .ARM.attributes
                0x00000824       0x2c C:/Program Files (x86)/Arm GNU Toolchain arm-none-eabi/13.3 rel1/bin/../lib/gcc/arm-none-eabi/13.3.1/thumb/v6-m/nofp\libnosys.a(read.o)
 .ARM.attributes
                0x00000850       0x2c C:/Program Files (x86)/Arm GNU Toolchain arm-none-eabi/13.3 rel1/bin/../lib/gcc/arm-none-eabi/13.3.1/thumb/v6-m/nofp\libnosys.a(sbrk.o)
 .ARM.attributes
                0x0000087c       0x2c C:/Program Files (x86)/Arm GNU Toolchain arm-none-eabi/13.3 rel1/bin/../lib/gcc/arm-none-eabi/13.3.1/thumb/v6-m/nofp\libnosys.a(write.o)
 .ARM.attributes
                0x000008a8       0x2c C:/Program Files (x86)/Arm GNU Toolchain arm-none-eabi/13.3 rel1/bin/../lib/gcc/arm-none-eabi/13.3.1/thumb/v6-m/nofp\libnosys.a(_exit.o)
 .ARM.attributes
                0x000008d4       0x2c C:/Program Files (x86)/Arm GNU Toolchain arm-none-eabi/13.3 rel1/bin/../lib/gcc/arm-none-eabi/13.3.1/thumb/v6-m/nofp/crtend.o
 .ARM.attributes
                0x00000900       0x1e C:/Program Files (x86)/Arm GNU Toolchain arm-none-eabi/13.3 rel1/bin/../lib/gcc/arm-none-eabi/13.3.1/thumb/v6-m/nofp/crtn.o
                0x00000001                        ASSERT ((__StackLimit >= __HeapLimit), region m_data overflowed with stack and heap)
OUTPUT(build/EX2_PART1.elf elf32-littlearm)
LOAD linker stubs

.debug_line_str
                0x00000000      0x1a7
 .debug_line_str
                0x00000000      0x1a7 C:/Program Files (x86)/Arm GNU Toolchain arm-none-eabi/13.3 rel1/bin/../lib/gcc/arm-none-eabi/13.3.1/thumb/v6-m/nofp/crt0.o
                                 0xd2 (size before relaxing)
 .debug_line_str
                0x000001a7       0xc9 C:/Program Files (x86)/Arm GNU Toolchain arm-none-eabi/13.3 rel1/bin/../lib/gcc/arm-none-eabi/13.3.1/thumb/v6-m/nofp\libgcc.a(_thumb1_case_uqi.o)
 .debug_line_str
                0x000001a7       0xc9 C:/Program Files (x86)/Arm GNU Toolchain arm-none-eabi/13.3 rel1/bin/../lib/gcc/arm-none-eabi/13.3.1/thumb/v6-m/nofp\libgcc.a(_udivsi3.o)
 .debug_line_str
                0x000001a7       0xc9 C:/Program Files (x86)/Arm GNU Toolchain arm-none-eabi/13.3 rel1/bin/../lib/gcc/arm-none-eabi/13.3.1/thumb/v6-m/nofp\libgcc.a(_divsi3.o)
 .debug_line_str
                0x000001a7       0xc9 C:/Program Files (x86)/Arm GNU Toolchain arm-none-eabi/13.3 rel1/bin/../lib/gcc/arm-none-eabi/13.3.1/thumb/v6-m/nofp\libgcc.a(_dvmd_tls.o)
 .debug_line_str
                0x000001a7       0xc9 C:/Program Files (x86)/Arm GNU Toolchain arm-none-eabi/13.3 rel1/bin/../lib/gcc/arm-none-eabi/13.3.1/thumb/v6-m/nofp\libgcc.a(_aeabi_ldivmod.o)
 .debug_line_str
                0x000001a7       0xc9 C:/Program Files (x86)/Arm GNU Toolchain arm-none-eabi/13.3 rel1/bin/../lib/gcc/arm-none-eabi/13.3.1/thumb/v6-m/nofp\libgcc.a(_aeabi_uldivmod.o)
 .debug_line_str
                0x000001a7       0xc9 C:/Program Files (x86)/Arm GNU Toolchain arm-none-eabi/13.3 rel1/bin/../lib/gcc/arm-none-eabi/13.3.1/thumb/v6-m/nofp\libgcc.a(_clzdi2.o)
 .debug_line_str
                0x000001a7       0xc9 C:/Program Files (x86)/Arm GNU Toolchain arm-none-eabi/13.3 rel1/bin/../lib/gcc/arm-none-eabi/13.3.1/thumb/v6-m/nofp\libgcc.a(_clzsi2.o)

.comment        0x00000000       0x45
 .comment       0x00000000       0x45 build/EX2_PART1.o
                                 0x46 (size before relaxing)
 .comment       0x00000045       0x46 build/pin_mux.o
 .comment       0x00000045       0x46 build/system_LPC824.o
 .comment       0x00000045       0x46 build/fsl_common.o
 .comment       0x00000045       0x46 build/fsl_common_arm.o
 .comment       0x00000045       0x46 build/fsl_gpio.o
 .comment       0x00000045       0x46 build/fsl_power.o
 .comment       0x00000045       0x46 build/fsl_clock.o
 .comment       0x00000045       0x46 build/fsl_reset.o
 .comment       0x00000045       0x46 build/fsl_swm.o
 .comment       0x00000045       0x46 build/fsl_syscon.o
 .comment       0x00000045       0x46 build/fsl_mrt.o
 .comment       0x00000045       0x46 build/fsl_sctimer.o
 .comment       0x00000045       0x46 build/fsl_pint.o

.debug_frame    0x00000000      0x770
 .debug_frame   0x00000000       0x20 C:/Program Files (x86)/Arm GNU Toolchain arm-none-eabi/13.3 rel1/bin/../lib/gcc/arm-none-eabi/13.3.1/thumb/v6-m/nofp\libgcc.a(_udivsi3.o)
 .debug_frame   0x00000020       0x20 C:/Program Files (x86)/Arm GNU Toolchain arm-none-eabi/13.3 rel1/bin/../lib/gcc/arm-none-eabi/13.3.1/thumb/v6-m/nofp\libgcc.a(_divsi3.o)
 .debug_frame   0x00000040       0x34 C:/Program Files (x86)/Arm GNU Toolchain arm-none-eabi/13.3 rel1/bin/../lib/gcc/arm-none-eabi/13.3.1/thumb/v6-m/nofp\libgcc.a(_muldi3.o)
 .debug_frame   0x00000074       0x3c C:/Program Files (x86)/Arm GNU Toolchain arm-none-eabi/13.3 rel1/bin/../lib/gcc/arm-none-eabi/13.3.1/thumb/v6-m/nofp\libgcc.a(_udivmoddi4.o)
 .debug_frame   0x000000b0       0x38 C:/Program Files (x86)/Arm GNU Toolchain arm-none-eabi/13.3 rel1/bin/../lib/gcc/arm-none-eabi/13.3.1/thumb/v6-m/nofp\libgcc.a(bpabi.o)
 .debug_frame   0x000000e8       0x3c C:/Program Files (x86)/Arm GNU Toolchain arm-none-eabi/13.3 rel1/bin/../lib/gcc/arm-none-eabi/13.3.1/thumb/v6-m/nofp\libgcc.a(_divdi3.o)
 .debug_frame   0x00000124       0x28 C:/Program Files (x86)/Arm GNU Toolchain arm-none-eabi/13.3 rel1/bin/../lib/gcc/arm-none-eabi/13.3.1/thumb/v6-m/nofp\libc_nano.a(libc_a-exit.o)
 .debug_frame   0x0000014c       0x40 C:/Program Files (x86)/Arm GNU Toolchain arm-none-eabi/13.3 rel1/bin/../lib/gcc/arm-none-eabi/13.3.1/thumb/v6-m/nofp\libc_nano.a(libc_a-malloc.o)
 .debug_frame   0x0000018c       0x50 C:/Program Files (x86)/Arm GNU Toolchain arm-none-eabi/13.3 rel1/bin/../lib/gcc/arm-none-eabi/13.3.1/thumb/v6-m/nofp\libc_nano.a(libc_a-mallocr.o)
 .debug_frame   0x000001dc       0x40 C:/Program Files (x86)/Arm GNU Toolchain arm-none-eabi/13.3 rel1/bin/../lib/gcc/arm-none-eabi/13.3.1/thumb/v6-m/nofp\libc_nano.a(libc_a-mlock.o)
 .debug_frame   0x0000021c      0x138 C:/Program Files (x86)/Arm GNU Toolchain arm-none-eabi/13.3 rel1/bin/../lib/gcc/arm-none-eabi/13.3.1/thumb/v6-m/nofp\libc_nano.a(libc_a-findfp.o)
 .debug_frame   0x00000354       0x34 C:/Program Files (x86)/Arm GNU Toolchain arm-none-eabi/13.3 rel1/bin/../lib/gcc/arm-none-eabi/13.3.1/thumb/v6-m/nofp\libc_nano.a(libc_a-fwalk.o)
 .debug_frame   0x00000388       0x90 C:/Program Files (x86)/Arm GNU Toolchain arm-none-eabi/13.3 rel1/bin/../lib/gcc/arm-none-eabi/13.3.1/thumb/v6-m/nofp\libc_nano.a(libc_a-stdio.o)
 .debug_frame   0x00000418       0x20 C:/Program Files (x86)/Arm GNU Toolchain arm-none-eabi/13.3 rel1/bin/../lib/gcc/arm-none-eabi/13.3.1/thumb/v6-m/nofp\libc_nano.a(libc_a-memset.o)
 .debug_frame   0x00000438       0x2c C:/Program Files (x86)/Arm GNU Toolchain arm-none-eabi/13.3 rel1/bin/../lib/gcc/arm-none-eabi/13.3.1/thumb/v6-m/nofp\libc_nano.a(libc_a-closer.o)
 .debug_frame   0x00000464       0x2c C:/Program Files (x86)/Arm GNU Toolchain arm-none-eabi/13.3 rel1/bin/../lib/gcc/arm-none-eabi/13.3.1/thumb/v6-m/nofp\libc_nano.a(libc_a-reent.o)
 .debug_frame   0x00000490       0x2c C:/Program Files (x86)/Arm GNU Toolchain arm-none-eabi/13.3 rel1/bin/../lib/gcc/arm-none-eabi/13.3.1/thumb/v6-m/nofp\libc_nano.a(libc_a-lseekr.o)
 .debug_frame   0x000004bc       0x2c C:/Program Files (x86)/Arm GNU Toolchain arm-none-eabi/13.3 rel1/bin/../lib/gcc/arm-none-eabi/13.3.1/thumb/v6-m/nofp\libc_nano.a(libc_a-readr.o)
 .debug_frame   0x000004e8       0x2c C:/Program Files (x86)/Arm GNU Toolchain arm-none-eabi/13.3 rel1/bin/../lib/gcc/arm-none-eabi/13.3.1/thumb/v6-m/nofp\libc_nano.a(libc_a-sbrkr.o)
 .debug_frame   0x00000514       0x2c C:/Program Files (x86)/Arm GNU Toolchain arm-none-eabi/13.3 rel1/bin/../lib/gcc/arm-none-eabi/13.3.1/thumb/v6-m/nofp\libc_nano.a(libc_a-writer.o)
 .debug_frame   0x00000540       0x2c C:/Program Files (x86)/Arm GNU Toolchain arm-none-eabi/13.3 rel1/bin/../lib/gcc/arm-none-eabi/13.3.1/thumb/v6-m/nofp\libc_nano.a(libc_a-init.o)
 .debug_frame   0x0000056c       0xb0 C:/Program Files (x86)/Arm GNU Toolchain arm-none-eabi/13.3 rel1/bin/../lib/gcc/arm-none-eabi/13.3.1/thumb/v6-m/nofp\libc_nano.a(libc_a-lock.o)
 .debug_frame   0x0000061c       0x2c C:/Program Files (x86)/Arm GNU Toolchain arm-none-eabi/13.3 rel1/bin/../lib/gcc/arm-none-eabi/13.3.1/thumb/v6-m/nofp\libc_nano.a(libc_a-freer.o)
 .debug_frame   0x00000648       0x68 C:/Program Files (x86)/Arm GNU Toolchain arm-none-eabi/13.3 rel1/bin/../lib/gcc/arm-none-eabi/13.3.1/thumb/v6-m/nofp\libc_nano.a(libc_a-fflush.o)
 .debug_frame   0x000006b0       0x20 C:/Program Files (x86)/Arm GNU Toolchain arm-none-eabi/13.3 rel1/bin/../lib/gcc/arm-none-eabi/13.3.1/thumb/v6-m/nofp\libnosys.a(close.o)
 .debug_frame   0x000006d0       0x20 C:/Program Files (x86)/Arm GNU Toolchain arm-none-eabi/13.3 rel1/bin/../lib/gcc/arm-none-eabi/13.3.1/thumb/v6-m/nofp\libnosys.a(lseek.o)
 .debug_frame   0x000006f0       0x20 C:/Program Files (x86)/Arm GNU Toolchain arm-none-eabi/13.3 rel1/bin/../lib/gcc/arm-none-eabi/13.3.1/thumb/v6-m/nofp\libnosys.a(read.o)
 .debug_frame   0x00000710       0x20 C:/Program Files (x86)/Arm GNU Toolchain arm-none-eabi/13.3 rel1/bin/../lib/gcc/arm-none-eabi/13.3.1/thumb/v6-m/nofp\libnosys.a(sbrk.o)
 .debug_frame   0x00000730       0x20 C:/Program Files (x86)/Arm GNU Toolchain arm-none-eabi/13.3 rel1/bin/../lib/gcc/arm-none-eabi/13.3.1/thumb/v6-m/nofp\libnosys.a(write.o)
 .debug_frame   0x00000750       0x20 C:/Program Files (x86)/Arm GNU Toolchain arm-none-eabi/13.3 rel1/bin/../lib/gcc/arm-none-eabi/13.3.1/thumb/v6-m/nofp\libnosys.a(_exit.o)
