Archive member included to satisfy reference by file (symbol)

C:/Program Files (x86)/Arm GNU Toolchain arm-none-eabi/13.3 rel1/bin/../lib/gcc/arm-none-eabi/13.3.1/thumb/v6-m/nofp\libgcc.a(_thumb1_case_sqi.o)
                              build/fsl_str.o (__gnu_thumb1_case_sqi)
C:/Program Files (x86)/Arm GNU Toolchain arm-none-eabi/13.3 rel1/bin/../lib/gcc/arm-none-eabi/13.3.1/thumb/v6-m/nofp\libgcc.a(_thumb1_case_uqi.o)
                              build/fsl_clock.o (__gnu_thumb1_case_uqi)
C:/Program Files (x86)/Arm GNU Toolchain arm-none-eabi/13.3 rel1/bin/../lib/gcc/arm-none-eabi/13.3.1/thumb/v6-m/nofp\libgcc.a(_thumb1_case_shi.o)
                              build/xprintf.o (__gnu_thumb1_case_shi)
C:/Program Files (x86)/Arm GNU Toolchain arm-none-eabi/13.3 rel1/bin/../lib/gcc/arm-none-eabi/13.3.1/thumb/v6-m/nofp\libgcc.a(_udivsi3.o)
                              build/EX3_PART2.o (__aeabi_uidiv)
C:/Program Files (x86)/Arm GNU Toolchain arm-none-eabi/13.3 rel1/bin/../lib/gcc/arm-none-eabi/13.3.1/thumb/v6-m/nofp\libgcc.a(_divsi3.o)
                              build/system_LPC824.o (__aeabi_idiv)
C:/Program Files (x86)/Arm GNU Toolchain arm-none-eabi/13.3 rel1/bin/../lib/gcc/arm-none-eabi/13.3.1/thumb/v6-m/nofp\libgcc.a(_dvmd_tls.o)
                              C:/Program Files (x86)/Arm GNU Toolchain arm-none-eabi/13.3 rel1/bin/../lib/gcc/arm-none-eabi/13.3.1/thumb/v6-m/nofp\libgcc.a(_udivsi3.o) (__aeabi_idiv0)
C:/Program Files (x86)/Arm GNU Toolchain arm-none-eabi/13.3 rel1/bin/../lib/gcc/arm-none-eabi/13.3.1/thumb/v6-m/nofp\libgcc.a(_aeabi_ldivmod.o)
                              build/fsl_clock.o (__aeabi_ldivmod)
C:/Program Files (x86)/Arm GNU Toolchain arm-none-eabi/13.3 rel1/bin/../lib/gcc/arm-none-eabi/13.3.1/thumb/v6-m/nofp\libgcc.a(_aeabi_uldivmod.o)
                              build/fsl_common_arm.o (__aeabi_uldivmod)
C:/Program Files (x86)/Arm GNU Toolchain arm-none-eabi/13.3 rel1/bin/../lib/gcc/arm-none-eabi/13.3.1/thumb/v6-m/nofp\libgcc.a(_muldi3.o)
                              build/fsl_common_arm.o (__aeabi_lmul)
C:/Program Files (x86)/Arm GNU Toolchain arm-none-eabi/13.3 rel1/bin/../lib/gcc/arm-none-eabi/13.3.1/thumb/v6-m/nofp\libgcc.a(_udivmoddi4.o)
                              C:/Program Files (x86)/Arm GNU Toolchain arm-none-eabi/13.3 rel1/bin/../lib/gcc/arm-none-eabi/13.3.1/thumb/v6-m/nofp\libgcc.a(_aeabi_uldivmod.o) (__udivmoddi4)
C:/Program Files (x86)/Arm GNU Toolchain arm-none-eabi/13.3 rel1/bin/../lib/gcc/arm-none-eabi/13.3.1/thumb/v6-m/nofp\libgcc.a(bpabi.o)
                              C:/Program Files (x86)/Arm GNU Toolchain arm-none-eabi/13.3 rel1/bin/../lib/gcc/arm-none-eabi/13.3.1/thumb/v6-m/nofp\libgcc.a(_aeabi_ldivmod.o) (__gnu_ldivmod_helper)
C:/Program Files (x86)/Arm GNU Toolchain arm-none-eabi/13.3 rel1/bin/../lib/gcc/arm-none-eabi/13.3.1/thumb/v6-m/nofp\libgcc.a(_clzdi2.o)
                              C:/Program Files (x86)/Arm GNU Toolchain arm-none-eabi/13.3 rel1/bin/../lib/gcc/arm-none-eabi/13.3.1/thumb/v6-m/nofp\libgcc.a(_udivmoddi4.o) (__clzdi2)
C:/Program Files (x86)/Arm GNU Toolchain arm-none-eabi/13.3 rel1/bin/../lib/gcc/arm-none-eabi/13.3.1/thumb/v6-m/nofp\libgcc.a(_divdi3.o)
                              C:/Program Files (x86)/Arm GNU Toolchain arm-none-eabi/13.3 rel1/bin/../lib/gcc/arm-none-eabi/13.3.1/thumb/v6-m/nofp\libgcc.a(bpabi.o) (__divdi3)
C:/Program Files (x86)/Arm GNU Toolchain arm-none-eabi/13.3 rel1/bin/../lib/gcc/arm-none-eabi/13.3.1/thumb/v6-m/nofp\libgcc.a(_clzsi2.o)
                              C:/Program Files (x86)/Arm GNU Toolchain arm-none-eabi/13.3 rel1/bin/../lib/gcc/arm-none-eabi/13.3.1/thumb/v6-m/nofp\libgcc.a(_clzdi2.o) (__clzsi2)
C:/Program Files (x86)/Arm GNU Toolchain arm-none-eabi/13.3 rel1/bin/../lib/gcc/arm-none-eabi/13.3.1/thumb/v6-m/nofp\libc_nano.a(libc_a-exit.o)
                              C:/Program Files (x86)/Arm GNU Toolchain arm-none-eabi/13.3 rel1/bin/../lib/gcc/arm-none-eabi/13.3.1/thumb/v6-m/nofp/crt0.o (exit)
C:/Program Files (x86)/Arm GNU Toolchain arm-none-eabi/13.3 rel1/bin/../lib/gcc/arm-none-eabi/13.3.1/thumb/v6-m/nofp\libc_nano.a(libc_a-malloc.o)
                              build/fsl_common.o (malloc)
C:/Program Files (x86)/Arm GNU Toolchain arm-none-eabi/13.3 rel1/bin/../lib/gcc/arm-none-eabi/13.3.1/thumb/v6-m/nofp\libc_nano.a(libc_a-mallocr.o)
                              C:/Program Files (x86)/Arm GNU Toolchain arm-none-eabi/13.3 rel1/bin/../lib/gcc/arm-none-eabi/13.3.1/thumb/v6-m/nofp\libc_nano.a(libc_a-malloc.o) (_malloc_r)
C:/Program Files (x86)/Arm GNU Toolchain arm-none-eabi/13.3 rel1/bin/../lib/gcc/arm-none-eabi/13.3.1/thumb/v6-m/nofp\libc_nano.a(libc_a-mlock.o)
                              C:/Program Files (x86)/Arm GNU Toolchain arm-none-eabi/13.3 rel1/bin/../lib/gcc/arm-none-eabi/13.3.1/thumb/v6-m/nofp\libc_nano.a(libc_a-mallocr.o) (__malloc_lock)
[...]
Memory Configuration

Name             Origin             Length             Attributes
m_interrupts     0x00000000         0x00000200         xr
m_crp            0x000002fc         0x00000004         xr
m_text           0x00000300         0x00007d00         xr
m_data           0x10000000         0x00001fe0         rw
*default*        0x00000000         0xffffffff

Linker script and memory map

LOAD C:/Program Files (x86)/Arm GNU Toolchain arm-none-eabi/13.3 rel1/bin/../lib/gcc/arm-none-eabi/13.3.1/thumb/v6-m/nofp/crti.o
LOAD C:/Program Files (x86)/Arm GNU Toolchain arm-none-eabi/13.3 rel1/bin/../lib/gcc/arm-none-eabi/13.3.1/thumb/v6-m/nofp/crtbegin.o
LOAD C:/Program Files (x86)/Arm GNU Toolchain arm-none-eabi/13.3 rel1/bin/../lib/gcc/arm-none-eabi/13.3.1/thumb/v6-m/nofp/crt0.o
LOAD build/EX3_PART2.o
LOAD build/pin_mux.o
LOAD build/board.o
LOAD build/clock_config.o
LOAD build/xprintf.o
LOAD build/system_LPC824.o
LOAD build/fsl_common.o
LOAD build/fsl_common_arm.o
LOAD build/fsl_gpio.o
LOAD build/fsl_power.o
LOAD build/fsl_clock.o
LOAD build/fsl_reset.o
LOAD build/fsl_swm.o
LOAD build/fsl_syscon.o
LOAD build/fsl_adc.o
LOAD build/fsl_sctimer.o
LOAD build/fsl_usart.o
LOAD build/fsl_adapter_miniusart.o
LOAD build/fsl_debug_console.o
LOAD build/fsl_str.o
LOAD build/startup_LPC824.o
START GROUP
LOAD C:/Program Files (x86)/Arm GNU Toolchain arm-none-eabi/13.3 rel1/bin/../lib/gcc/arm-none-eabi/13.3.1/thumb/v6-m/nofp\libgcc.a
LOAD C:/Program Files (x86)/Arm GNU Toolchain arm-none-eabi/13.3 rel1/bin/../lib/gcc/arm-none-eabi/13.3.1/thumb/v6-m/nofp\libc_nano.a
END GROUP
START GROUP
LOAD C:/Program Files (x86)/Arm GNU Toolchain arm-none-eabi/13.3 rel1/bin/../lib/gcc/arm-none-eabi/13.3.1/thumb/v6-m/nofp\libgcc.a
LOAD C:/Program Files (x86)/Arm GNU Toolchain arm-none-eabi/13.3 rel1/bin/../lib/gcc/arm-none-eabi/13.3.1/thumb/v6-m/nofp\libc_nano.a
LOAD C:/Program Files (x86)/Arm GNU Toolchain arm-none-eabi/13.3 rel1/bin/../lib/gcc/arm-none-eabi/13.3.1/thumb/v6-m/nofp\libnosys.a
END GROUP
START GROUP
LOAD C:/Program Files (x86)/Arm GNU Toolchain arm-none-eabi/13.3 rel1/bin/../lib/gcc/arm-none-eabi/13.3.1/thumb/v6-m/nofp\libgcc.a
LOAD C:/Program Files (x86)/Arm GNU Toolchain arm-none-eabi/13.3 rel1/bin/../lib/gcc/arm-none-eabi/13.3.1/thumb/v6-m/nofp\libc_nano.a
LOAD C:/Program Files (x86)/Arm GNU Toolchain arm-none-eabi/13.3 rel1/bin/../lib/gcc/arm-none-eabi/13.3.1/thumb/v6-m/nofp\libnosys.a
END GROUP
LOAD C:/Program Files (x86)/Arm GNU Toolchain arm-none-eabi/13.3 rel1/bin/../lib/gcc/arm-none-eabi/13.3.1/thumb/v6-m/nofp/crtend.o
LOAD C:/Program Files (x86)/Arm GNU Toolchain arm-none-eabi/13.3 rel1/bin/../lib/gcc/arm-none-eabi/13.3.1/thumb/v6-m/nofp/crtn.o
                0x00000400                        HEAP_SIZE = DEFINED (__heap_size__)?__heap_size__:0x400
                0x00000800                        STACK_SIZE = DEFINED (__stack_size__)?__stack_size__:0x800

.interrupts     0x00000000       0xc0
                0x00000000                        . = ALIGN (0x4)
 *(.isr_vector)
 .isr_vector    0x00000000       0xc0 build/startup_LPC824.o
                0x00000000                __Vectors
                0x000000c0                        . = ALIGN (0x4)

.crp            0x000002fc        0x4
                0x000002fc                        . = ALIGN (0x4)
 *(.crp)
 .crp           0x000002fc        0x4 build/startup_LPC824.o
                0x00000300                        . = ALIGN (0x4)

.text           0x00000300     0x3cac
                0x00000300                        . = ALIGN (0x4)
 *(.text)
 .text          0x00000300        0x0 C:/Program Files (x86)/Arm GNU Toolchain arm-none-eabi/13.3 rel1/bin/../lib/gcc/arm-none-eabi/13.3.1/thumb/v6-m/nofp/crti.o
 .text          0x00000300        0x0 C:/Program Files (x86)/Arm GNU Toolchain arm-none-eabi/13.3 rel1/bin/../lib/gcc/arm-none-eabi/13.3.1/thumb/v6-m/nofp/crtbegin.o
 .text          0x00000300       0x80 C:/Program Files (x86)/Arm GNU Toolchain arm-none-eabi/13.3 rel1/bin/../lib/gcc/arm-none-eabi/13.3.1/thumb/v6-m/nofp/crt0.o
                0x00000300                _stack_init
                0x0000030c                _start
                0x0000030c                _mainCRTStartup
 .text          0x00000380      0x184 build/EX3_PART2.o
                0x00000380                uart_putch
                0x00000398                SCT0_IRQHandler
                0x000003cc                ADC0_SEQA_IRQHandler
                0x00000404                ADC_Configuration
                0x0000044c                uart_init
                0x00000490                SCT_Configuration
 .text          0x00000504       0x78 build/pin_mux.o
                0x00000504                BOARD_InitPins
 .text          0x0000057c       0x38 build/board.o
                0x0000057c                BOARD_InitDebugConsole
 .text          0x000005b4       0xd0 build/clock_config.o
                0x000005b4                BOARD_BootClockIRC12M
                0x00000618                BOARD_BootClockPll24M
                0x0000067c                BOARD_InitBootClocks
 .text          0x00000684      0x308 build/xprintf.o
                0x00000684                strlen
                0x00000686                xfputc
                0x000006a8                xputc
                0x00000900                xfputs
                0x00000918                xputs
                0x0000092c                xprintf
                0x0000094c                xfprintf
                0x00000962                xsprintf
 .text          0x0000098c       0xbc build/system_LPC824.o
                0x0000098c                SystemCoreClockUpdate
                0x00000a20                SystemInitHook
                0x00000a22                SystemInit
 .text          0x00000a48       0x60 build/fsl_common.o
                0x00000a48                SDK_Malloc
                0x00000a8c                SDK_Free
 .text          0x00000aa8       0x28 build/fsl_common_arm.o
                0x00000aa8                SDK_DelayAtLeastUs
 .text          0x00000ad0       0x64 build/fsl_gpio.o
                0x00000ad0                GPIO_PortInit
                0x00000ae8                GPIO_PinInit
 .text          0x00000b34      0x178 build/fsl_power.o
                0x00000b34                POWER_EnterSleep
                0x00000b60                POWER_EnterDeepSleep
                0x00000ba8                POWER_EnterPowerDown
                0x00000bf0                POWER_EnterDeepPowerDownMode
                0x00000c24                EnableDeepSleepIRQ
                0x00000c68                DisableDeepSleepIRQ
 .text          0x00000cac      0x428 build/fsl_clock.o
                0x00000cc0                CLOCK_GetIrcFreq
                0x00000cc8                CLOCK_GetSysOscFreq
                0x00000ce4                CLOCK_GetSystemPLLInClockRate
                0x00000d1c                CLOCK_GetMainClkFreq
                0x00000d60                CLOCK_GetClockOutClkFreq
                0x00000db0                CLOCK_GetUartClkFreq
                0x00000de8                CLOCK_GetUart0ClkFreq
                0x00000df0                CLOCK_GetUart2ClkFreq
                0x00000df8                CLOCK_GetUart1ClkFreq
                0x00000e00                CLOCK_GetFreq
                0x00000e5c                CLOCK_InitSystemPll
                0x00000ef8                CLOCK_InitExtClkin
                0x00000f28                CLOCK_InitXtalin
                0x00000f80                CLOCK_InitSysOsc
                0x00000ff0                CLOCK_InitWdtOsc
                0x00001034                CLOCK_SetMainClkSrc
                0x00001068                CLOCK_SetUARTFRGClkFreq
                0x000010c4                CLOCK_UpdateClkOUTsrc
 .text          0x000010d4       0x18 build/fsl_reset.o
                0x000010d4                RESET_PeripheralReset
 .text          0x000010ec       0x42 build/fsl_swm.o
                0x000010ec                SWM_SetMovablePinSelect
                0x0000110a                SWM_SetFixedPinSelect
 .text          0x0000112e        0xe build/fsl_syscon.o
                0x0000112e                SYSCON_AttachSignal
 .text          0x0000113c      0x1c0 build/fsl_adc.o
                0x0000113c                ADC_Init
                0x0000117c                ADC_GetDefaultConfig
                0x00001188                ADC_Deinit
                0x0000119c                ADC_DoSelfCalibration
                0x000011f4                ADC_SetConvSeqAConfig
                0x0000123c                ADC_SetConvSeqBConfig
                0x00001284                ADC_GetConvSeqAGlobalConversionResult
                0x000012aa                ADC_GetConvSeqBGlobalConversionResult
                0x000012d0                ADC_GetChannelConversionResult
 .text          0x000012fc      0x554 build/fsl_sctimer.o
                0x000012fc                SCTIMER_EventHandleIRQ
                0x0000133c                SCTIMER_Init
                0x000013e4                SCTIMER_Deinit
                0x00001404                SCTIMER_GetDefaultConfig
                0x0000141c                SCTIMER_UpdatePwmDutycycle
                0x000014a6                SCTIMER_CreateAndScheduleEvent
                0x000015c4                SCTIMER_SetupPwm
                0x0000172c                SCTIMER_ScheduleEvent
                0x0000174c                SCTIMER_IncreaseState
                0x00001764                SCTIMER_GetCurrentState
                0x00001770                SCTIMER_SetupOutputToggleAction
                0x000017a0                SCTIMER_SetupCaptureAction
                0x00001830                SCTIMER_SetCallback
                0x0000183c                SCT0_DriverIRQHandler
 .text          0x00001850      0x630 build/fsl_usart.o
                0x00001850                USART_GetInstance
                0x0000187c                USART_TransferGetRxRingBufferLength
                0x00001896                USART_TransferHandleIRQ
                0x000019dc                USART_TransferStartRingBuffer
                0x000019ee                USART_TransferStopRingBuffer
                0x00001a0a                USART_Deinit
                0x00001a38                USART_GetDefaultConfig
                0x00001a52                USART_SetBaudRate
                0x00001ae8                USART_Init
                0x00001be4                USART_WriteBlocking
                0x00001c08                USART_ReadBlocking
                0x00001c7c                USART_TransferCreateHandle
                0x00001cdc                USART_TransferSendNonBlocking
                0x00001d10                USART_TransferAbortSend
                0x00001d26                USART_TransferGetSendCount
                0x00001d3e                USART_TransferReceiveNonBlocking
                0x00001e08                USART_TransferAbortReceive
                0x00001e20                USART_TransferGetReceiveCount
                0x00001e38                USART0_DriverIRQHandler
                0x00001e50                USART1_DriverIRQHandler
                0x00001e68                USART2_DriverIRQHandler
 .text          0x00001e80       0xc8 build/fsl_adapter_miniusart.o
                0x00001e80                HAL_UartInit
                0x00001eec                HAL_UartDeinit
                0x00001f04                HAL_UartReceiveBlocking
                0x00001f28                HAL_UartSendBlocking
                0x00001f40                HAL_UartEnterLowpower
                0x00001f44                HAL_UartExitLowpower
 .text          0x00001f48      0x360 build/fsl_debug_console.o
                0x00001f96                DbgConsole_Init
                0x00001fe0                DbgConsole_Deinit
                0x00001ffc                DbgConsole_Putchar
                0x00002020                DbgConsole_Vprintf
                0x00002208                DbgConsole_Printf
                0x0000221e                DbgConsole_Getchar
                0x00002248                DbgConsole_Scanf
 .text          0x000022a8      0x498 build/fsl_str.o
                0x0000232e                StrFormatPrintf
                0x000024b0                StrFormatScanf
 .text          0x00002740      0x164 build/startup_LPC824.o
                0x00002740                Reset_Handler
                0x00002774                I2C0_DriverIRQHandler
                0x00002774                Reserved39_DriverIRQHandler
                0x00002774                FLASH_DriverIRQHandler
                0x00002774                ADC0_OVR_DriverIRQHandler
                0x00002774                SPI0_DriverIRQHandler
                0x00002774                DMA0_DriverIRQHandler
                0x00002774                Reserved22_DriverIRQHandler
                0x00002774                SPI1_DriverIRQHandler
                0x00002774                ADC0_SEQA_DriverIRQHandler
                0x00002774                PIN_INT6_DriverIRQHandler
                0x00002774                PIN_INT7_DriverIRQHandler
                0x00002774                ADC0_THCMP_DriverIRQHandler
                0x00002774                CMP_DriverIRQHandler
                0x00002774                I2C3_DriverIRQHandler
                0x00002774                I2C1_DriverIRQHandler
                0x00002774                PIN_INT3_DriverIRQHandler
                0x00002774                PIN_INT2_DriverIRQHandler
                0x00002774                BOD_DriverIRQHandler
                0x00002774                I2C2_DriverIRQHandler
                0x00002774                PIN_INT0_DriverIRQHandler
                0x00002774                Reserved18_DriverIRQHandler
                0x00002774                PIN_INT5_DriverIRQHandler
                0x00002774                PIN_INT1_DriverIRQHandler
                0x00002774                DefaultISR
                0x00002774                WDT_DriverIRQHandler
                0x00002774                WKT_DriverIRQHandler
                0x00002774                MRT0_DriverIRQHandler
                0x00002774                PIN_INT4_DriverIRQHandler
                0x00002774                ADC0_SEQB_DriverIRQHandler
                0x00002778                NMI_Handler
                0x0000277c                HardFault_Handler
                0x00002780                SVC_Handler
                0x00002784                PendSV_Handler
                0x00002788                SysTick_Handler
                0x0000278c                SPI0_IRQHandler
                0x00002790                SPI1_IRQHandler
                0x00002794                Reserved18_IRQHandler
                0x00002798                USART0_IRQHandler
                0x0000279c                USART1_IRQHandler
                0x000027a0                USART2_IRQHandler
                0x000027a4                Reserved22_IRQHandler
                0x000027a8                I2C1_IRQHandler
                0x000027ac                I2C0_IRQHandler
                0x000027b4                MRT0_IRQHandler
                0x000027b8                CMP_IRQHandler
                0x000027bc                WDT_IRQHandler
                0x000027c0                BOD_IRQHandler
                0x000027c4                FLASH_IRQHandler
                0x000027c8                WKT_IRQHandler
                0x000027d0                ADC0_SEQB_IRQHandler
                0x000027d4                ADC0_THCMP_IRQHandler
                0x000027d8                ADC0_OVR_IRQHandler
                0x000027dc                DMA0_IRQHandler
                0x000027e0                I2C2_IRQHandler
                0x000027e4                I2C3_IRQHandler
                0x000027e8                Reserved39_IRQHandler
                0x000027ec                PIN_INT0_IRQHandler
                0x000027f0                PIN_INT1_IRQHandler
                0x000027f4                PIN_INT2_IRQHandler
                0x000027f8                PIN_INT3_IRQHandler
                0x000027fc                PIN_INT4_IRQHandler
                0x00002800                PIN_INT5_IRQHandler
                0x00002804                PIN_INT6_IRQHandler
                0x00002808                PIN_INT7_IRQHandler
 .text          0x000028a4       0x14 C:/Program Files (x86)/Arm GNU Toolchain arm-none-eabi/13.3 rel1/bin/../lib/gcc/arm-none-eabi/13.3.1/thumb/v6-m/nofp\libgcc.a(_thumb1_case_sqi.o)
                0x000028a4                __gnu_thumb1_case_sqi
 .text          0x000028b8       0x14 C:/Program Files (x86)/Arm GNU Toolchain arm-none-eabi/13.3 rel1/bin/../lib/gcc/arm-none-eabi/13.3.1/thumb/v6-m/nofp\libgcc.a(_thumb1_case_uqi.o)
                0x000028b8                __gnu_thumb1_case_uqi
 .text          0x000028cc       0x14 C:/Program Files (x86)/Arm GNU Toolchain arm-none-eabi/13.3 rel1/bin/../lib/gcc/arm-none-eabi/13.3.1/thumb/v6-m/nofp\libgcc.a(_thumb1_case_shi.o)
                0x000028cc                __gnu_thumb1_case_shi
 .text          0x000028e0      0x114 C:/Program Files (x86)/Arm GNU Toolchain arm-none-eabi/13.3 rel1/bin/../lib/gcc/arm-none-eabi/13.3.1/thumb/v6-m/nofp\libgcc.a(_udivsi3.o)
                0x000028e0                __aeabi_uidiv
                0x000028e0                __udivsi3
                0x000029ec                __aeabi_uidivmod
 .text          0x000029f4      0x1d4 C:/Program Files (x86)/Arm GNU Toolchain arm-none-eabi/13.3 rel1/bin/../lib/gcc/arm-none-eabi/13.3.1/thumb/v6-m/nofp\libgcc.a(_divsi3.o)
                0x000029f4                __divsi3
                0x000029f4                __aeabi_idiv
                0x00002bc0                __aeabi_idivmod
 .text          0x00002bc8        0x4 C:/Program Files (x86)/Arm GNU Toolchain arm-none-eabi/13.3 rel1/bin/../lib/gcc/arm-none-eabi/13.3.1/thumb/v6-m/nofp\libgcc.a(_dvmd_tls.o)
                0x00002bc8                __aeabi_idiv0
                0x00002bc8                __aeabi_ldiv0
 .text          0x00002bcc       0x48 C:/Program Files (x86)/Arm GNU Toolchain arm-none-eabi/13.3 rel1/bin/../lib/gcc/arm-none-eabi/13.3.1/thumb/v6-m/nofp\libgcc.a(_aeabi_ldivmod.o)
                0x00002bcc                __aeabi_ldivmod
 .text          0x00002c14       0x40 C:/Program Files (x86)/Arm GNU Toolchain arm-none-eabi/13.3 rel1/bin/../lib/gcc/arm-none-eabi/13.3.1/thumb/v6-m/nofp\libgcc.a(_aeabi_uldivmod.o)
                0x00002c14                __aeabi_uldivmod
 .text          0x00002c54        0x0 C:/Program Files (x86)/Arm GNU Toolchain arm-none-eabi/13.3 rel1/bin/../lib/gcc/arm-none-eabi/13.3.1/thumb/v6-m/nofp\libgcc.a(_muldi3.o)
 .text          0x00002c54        0x0 C:/Program Files (x86)/Arm GNU Toolchain arm-none-eabi/13.3 rel1/bin/../lib/gcc/arm-none-eabi/13.3.1/thumb/v6-m/nofp\libgcc.a(_udivmoddi4.o)
 .text          0x00002c54        0x0 C:/Program Files (x86)/Arm GNU Toolchain arm-none-eabi/13.3 rel1/bin/../lib/gcc/arm-none-eabi/13.3.1/thumb/v6-m/nofp\libgcc.a(bpabi.o)
 .text          0x00002c54       0x18 C:/Program Files (x86)/Arm GNU Toolchain arm-none-eabi/13.3 rel1/bin/../lib/gcc/arm-none-eabi/13.3.1/thumb/v6-m/nofp\libgcc.a(_clzdi2.o)
                0x00002c54                __clzdi2
 .text          0x00002c6c        0x0 C:/Program Files (x86)/Arm GNU Toolchain arm-none-eabi/13.3 rel1/bin/../lib/gcc/arm-none-eabi/13.3.1/thumb/v6-m/nofp\libgcc.a(_divdi3.o)
 .text          0x00002c6c       0x3c C:/Program Files (x86)/Arm GNU Toolchain arm-none-eabi/13.3 rel1/bin/../lib/gcc/arm-none-eabi/13.3.1/thumb/v6-m/nofp\libgcc.a(_clzsi2.o)
                0x00002c6c                __clzsi2
 .text          0x00002ca8        0x0 C:/Program Files (x86)/Arm GNU Toolchain arm-none-eabi/13.3 rel1/bin/../lib/gcc/arm-none-eabi/13.3.1/thumb/v6-m/nofp\libc_nano.a(libc_a-exit.o)
 .text          0x00002ca8        0x0 C:/Program Files (x86)/Arm GNU Toolchain arm-none-eabi/13.3 rel1/bin/../lib/gcc/arm-none-eabi/13.3.1/thumb/v6-m/nofp\libc_nano.a(libc_a-malloc.o)
 .text          0x00002ca8        0x0 C:/Program Files (x86)/Arm GNU Toolchain arm-none-eabi/13.3 rel1/bin/../lib/gcc/arm-none-eabi/13.3.1/thumb/v6-m/nofp\libc_nano.a(libc_a-mallocr.o)
 .text          0x00002ca8        0x0 C:/Program Files (x86)/Arm GNU Toolchain arm-none-eabi/13.3 rel1/bin/../lib/gcc/arm-none-eabi/13.3.1/thumb/v6-m/nofp\libc_nano.a(libc_a-mlock.o)
 .text          0x00002ca8        0x0 C:/Program Files (x86)/Arm GNU Toolchain arm-none-eabi/13.3 rel1/bin/../lib/gcc/arm-none-eabi/13.3.1/thumb/v6-m/nofp\libc_nano.a(libc_a-strtoul.o)
 .text          0x00002ca8        0x0 C:/Program Files (x86)/Arm GNU Toolchain arm-none-eabi/13.3 rel1/bin/../lib/gcc/arm-none-eabi/13.3.1/thumb/v6-m/nofp\libc_nano.a(libc_a-ctype_.o)
 .text          0x00002ca8        0x0 C:/Program Files (x86)/Arm GNU Toolchain arm-none-eabi/13.3 rel1/bin/../lib/gcc/arm-none-eabi/13.3.1/thumb/v6-m/nofp\libc_nano.a(libc_a-findfp.o)
 .text          0x00002ca8        0x0 C:/Program Files (x86)/Arm GNU Toolchain arm-none-eabi/13.3 rel1/bin/../lib/gcc/arm-none-eabi/13.3.1/thumb/v6-m/nofp\libc_nano.a(libc_a-fwalk.o)
 .text          0x00002ca8        0x0 C:/Program Files (x86)/Arm GNU Toolchain arm-none-eabi/13.3 rel1/bin/../lib/gcc/arm-none-eabi/13.3.1/thumb/v6-m/nofp\libc_nano.a(libc_a-stdio.o)
 .text          0x00002ca8        0x0 C:/Program Files (x86)/Arm GNU Toolchain arm-none-eabi/13.3 rel1/bin/../lib/gcc/arm-none-eabi/13.3.1/thumb/v6-m/nofp\libc_nano.a(libc_a-memset.o)
 .text          0x00002ca8        0x0 C:/Program Files (x86)/Arm GNU Toolchain arm-none-eabi/13.3 rel1/bin/../lib/gcc/arm-none-eabi/13.3.1/thumb/v6-m/nofp\libc_nano.a(libc_a-closer.o)
 .text          0x00002ca8        0x0 C:/Program Files (x86)/Arm GNU Toolchain arm-none-eabi/13.3 rel1/bin/../lib/gcc/arm-none-eabi/13.3.1/thumb/v6-m/nofp\libc_nano.a(libc_a-reent.o)
 .text          0x00002ca8        0x0 C:/Program Files (x86)/Arm GNU Toolchain arm-none-eabi/13.3 rel1/bin/../lib/gcc/arm-none-eabi/13.3.1/thumb/v6-m/nofp\libc_nano.a(libc_a-impure.o)
 .text          0x00002ca8        0x0 C:/Program Files (x86)/Arm GNU Toolchain arm-none-eabi/13.3 rel1/bin/../lib/gcc/arm-none-eabi/13.3.1/thumb/v6-m/nofp\libc_nano.a(libc_a-lseekr.o)
 .text          0x00002ca8        0x0 C:/Program Files (x86)/Arm GNU Toolchain arm-none-eabi/13.3 rel1/bin/../lib/gcc/arm-none-eabi/13.3.1/thumb/v6-m/nofp\libc_nano.a(libc_a-readr.o)
 .text          0x00002ca8        0x0 C:/Program Files (x86)/Arm GNU Toolchain arm-none-eabi/13.3 rel1/bin/../lib/gcc/arm-none-eabi/13.3.1/thumb/v6-m/nofp\libc_nano.a(libc_a-sbrkr.o)
 .text          0x00002ca8        0x0 C:/Program Files (x86)/Arm GNU Toolchain arm-none-eabi/13.3 rel1/bin/../lib/gcc/arm-none-eabi/13.3.1/thumb/v6-m/nofp\libc_nano.a(libc_a-writer.o)
 .text          0x00002ca8        0x0 C:/Program Files (x86)/Arm GNU Toolchain arm-none-eabi/13.3 rel1/bin/../lib/gcc/arm-none-eabi/13.3.1/thumb/v6-m/nofp\libc_nano.a(libc_a-errno.o)
 .text          0x00002ca8        0x0 C:/Program Files (x86)/Arm GNU Toolchain arm-none-eabi/13.3 rel1/bin/../lib/gcc/arm-none-eabi/13.3.1/thumb/v6-m/nofp\libc_nano.a(libc_a-init.o)
 .text          0x00002ca8        0x0 C:/Program Files (x86)/Arm GNU Toolchain arm-none-eabi/13.3 rel1/bin/../lib/gcc/arm-none-eabi/13.3.1/thumb/v6-m/nofp\libc_nano.a(libc_a-lock.o)
 .text          0x00002ca8        0x0 C:/Program Files (x86)/Arm GNU Toolchain arm-none-eabi/13.3 rel1/bin/../lib/gcc/arm-none-eabi/13.3.1/thumb/v6-m/nofp\libc_nano.a(libc_a-memcpy-stub.o)
 .text          0x00002ca8        0x0 C:/Program Files (x86)/Arm GNU Toolchain arm-none-eabi/13.3 rel1/bin/../lib/gcc/arm-none-eabi/13.3.1/thumb/v6-m/nofp\libc_nano.a(libc_a-freer.o)
 .text          0x00002ca8        0x0 C:/Program Files (x86)/Arm GNU Toolchain arm-none-eabi/13.3 rel1/bin/../lib/gcc/arm-none-eabi/13.3.1/thumb/v6-m/nofp\libc_nano.a(libc_a-fflush.o)
 .text          0x00002ca8        0x0 C:/Program Files (x86)/Arm GNU Toolchain arm-none-eabi/13.3 rel1/bin/../lib/gcc/arm-none-eabi/13.3.1/thumb/v6-m/nofp\libnosys.a(close.o)
 .text          0x00002ca8        0x0 C:/Program Files (x86)/Arm GNU Toolchain arm-none-eabi/13.3 rel1/bin/../lib/gcc/arm-none-eabi/13.3.1/thumb/v6-m/nofp\libnosys.a(lseek.o)
 .text          0x00002ca8        0x0 C:/Program Files (x86)/Arm GNU Toolchain arm-none-eabi/13.3 rel1/bin/../lib/gcc/arm-none-eabi/13.3.1/thumb/v6-m/nofp\libnosys.a(read.o)
 .text          0x00002ca8        0x0 C:/Program Files (x86)/Arm GNU Toolchain arm-none-eabi/13.3 rel1/bin/../lib/gcc/arm-none-eabi/13.3.1/thumb/v6-m/nofp\libnosys.a(sbrk.o)
 .text          0x00002ca8        0x0 C:/Program Files (x86)/Arm GNU Toolchain arm-none-eabi/13.3 rel1/bin/../lib/gcc/arm-none-eabi/13.3.1/thumb/v6-m/nofp\libnosys.a(write.o)
 .text          0x00002ca8        0x0 C:/Program Files (x86)/Arm GNU Toolchain arm-none-eabi/13.3 rel1/bin/../lib/gcc/arm-none-eabi/13.3.1/thumb/v6-m/nofp\libnosys.a(_exit.o)
 .text          0x00002ca8        0x0 C:/Program Files (x86)/Arm GNU Toolchain arm-none-eabi/13.3 rel1/bin/../lib/gcc/arm-none-eabi/13.3.1/thumb/v6-m/nofp/crtend.o
 .text          0x00002ca8        0x0 C:/Program Files (x86)/Arm GNU Toolchain arm-none-eabi/13.3 rel1/bin/../lib/gcc/arm-none-eabi/13.3.1/thumb/v6-m/nofp/crtn.o
 *(.text*)
 .text.deregister_tm_clones
                0x00002ca8       0x20 C:/Program Files (x86)/Arm GNU Toolchain arm-none-eabi/13.3 rel1/bin/../lib/gcc/arm-none-eabi/13.3.1/thumb/v6-m/nofp/crtbegin.o
 .text.register_tm_clones
                0x00002cc8       0x28 C:/Program Files (x86)/Arm GNU Toolchain arm-none-eabi/13.3 rel1/bin/../lib/gcc/arm-none-eabi/13.3.1/thumb/v6-m/nofp/crtbegin.o
 .text.__do_global_dtors_aux
                0x00002cf0       0x2c C:/Program Files (x86)/Arm GNU Toolchain arm-none-eabi/13.3 rel1/bin/../lib/gcc/arm-none-eabi/13.3.1/thumb/v6-m/nofp/crtbegin.o
 .text.frame_dummy
                0x00002d1c       0x24 C:/Program Files (x86)/Arm GNU Toolchain arm-none-eabi/13.3 rel1/bin/../lib/gcc/arm-none-eabi/13.3.1/thumb/v6-m/nofp/crtbegin.o
 .text.startup  0x00002d40      0x150 build/EX3_PART2.o
                0x00002d40                main
 .text.__muldi3
                0x00002e90       0x5c C:/Program Files (x86)/Arm GNU Toolchain arm-none-eabi/13.3 rel1/bin/../lib/gcc/arm-none-eabi/13.3.1/thumb/v6-m/nofp\libgcc.a(_muldi3.o)
                0x00002e90                __muldi3
                0x00002e90                __aeabi_lmul
 .text.__udivmoddi4
                0x00002eec      0x198 C:/Program Files (x86)/Arm GNU Toolchain arm-none-eabi/13.3 rel1/bin/../lib/gcc/arm-none-eabi/13.3.1/thumb/v6-m/nofp\libgcc.a(_udivmoddi4.o)
                0x00002eec                __udivmoddi4
 .text.__gnu_ldivmod_helper
                0x00003084       0x3c C:/Program Files (x86)/Arm GNU Toolchain arm-none-eabi/13.3 rel1/bin/../lib/gcc/arm-none-eabi/13.3.1/thumb/v6-m/nofp\libgcc.a(bpabi.o)
                0x00003084                __gnu_ldivmod_helper
 .text.__divdi3
                0x000030c0      0x1e4 C:/Program Files (x86)/Arm GNU Toolchain arm-none-eabi/13.3 rel1/bin/../lib/gcc/arm-none-eabi/13.3.1/thumb/v6-m/nofp\libgcc.a(_divdi3.o)
                0x000030c0                __divdi3
 .text.exit     0x000032a4       0x28 C:/Program Files (x86)/Arm GNU Toolchain arm-none-eabi/13.3 rel1/bin/../lib/gcc/arm-none-eabi/13.3.1/thumb/v6-m/nofp\libc_nano.a(libc_a-exit.o)
                0x000032a4                exit
 .text.malloc   0x000032cc       0x14 C:/Program Files (x86)/Arm GNU Toolchain arm-none-eabi/13.3 rel1/bin/../lib/gcc/arm-none-eabi/13.3.1/thumb/v6-m/nofp\libc_nano.a(libc_a-malloc.o)
                0x000032cc                malloc
 .text.free     0x000032e0       0x14 C:/Program Files (x86)/Arm GNU Toolchain arm-none-eabi/13.3 rel1/bin/../lib/gcc/arm-none-eabi/13.3.1/thumb/v6-m/nofp\libc_nano.a(libc_a-malloc.o)
                0x000032e0                free
 .text.sbrk_aligned
                0x000032f4       0x44 C:/Program Files (x86)/Arm GNU Toolchain arm-none-eabi/13.3 rel1/bin/../lib/gcc/arm-none-eabi/13.3.1/thumb/v6-m/nofp\libc_nano.a(libc_a-mallocr.o)
 .text._malloc_r
                0x00003338      0x100 C:/Program Files (x86)/Arm GNU Toolchain arm-none-eabi/13.3 rel1/bin/../lib/gcc/arm-none-eabi/13.3.1/thumb/v6-m/nofp\libc_nano.a(libc_a-mallocr.o)
                0x00003338                _malloc_r
 .text.__malloc_lock
                0x00003438       0x10 C:/Program Files (x86)/Arm GNU Toolchain arm-none-eabi/13.3 rel1/bin/../lib/gcc/arm-none-eabi/13.3.1/thumb/v6-m/nofp\libc_nano.a(libc_a-mlock.o)
                0x00003438                __malloc_lock
 .text.__malloc_unlock
                0x00003448       0x10 C:/Program Files (x86)/Arm GNU Toolchain arm-none-eabi/13.3 rel1/bin/../lib/gcc/arm-none-eabi/13.3.1/thumb/v6-m/nofp\libc_nano.a(libc_a-mlock.o)
                0x00003448                __malloc_unlock
 .text._strtoul_l.isra.0
                0x00003458      0x104 C:/Program Files (x86)/Arm GNU Toolchain arm-none-eabi/13.3 rel1/bin/../lib/gcc/arm-none-eabi/13.3.1/thumb/v6-m/nofp\libc_nano.a(libc_a-strtoul.o)
 .text._strtoul_r
                0x0000355c        0x8 C:/Program Files (x86)/Arm GNU Toolchain arm-none-eabi/13.3 rel1/bin/../lib/gcc/arm-none-eabi/13.3.1/thumb/v6-m/nofp\libc_nano.a(libc_a-strtoul.o)
                0x0000355c                _strtoul_r
 .text.strtoul_l
                0x00003564       0x18 C:/Program Files (x86)/Arm GNU Toolchain arm-none-eabi/13.3 rel1/bin/../lib/gcc/arm-none-eabi/13.3.1/thumb/v6-m/nofp\libc_nano.a(libc_a-strtoul.o)
                0x00003564                strtoul_l
 .text.strtoul  0x0000357c       0x18 C:/Program Files (x86)/Arm GNU Toolchain arm-none-eabi/13.3 rel1/bin/../lib/gcc/arm-none-eabi/13.3.1/thumb/v6-m/nofp\libc_nano.a(libc_a-strtoul.o)
                0x0000357c                strtoul
 .text.std      0x00003594       0x6c C:/Program Files (x86)/Arm GNU Toolchain arm-none-eabi/13.3 rel1/bin/../lib/gcc/arm-none-eabi/13.3.1/thumb/v6-m/nofp\libc_nano.a(libc_a-findfp.o)
 .text.stdio_exit_handler
                0x00003600       0x1c C:/Program Files (x86)/Arm GNU Toolchain arm-none-eabi/13.3 rel1/bin/../lib/gcc/arm-none-eabi/13.3.1/thumb/v6-m/nofp\libc_nano.a(libc_a-findfp.o)
 .text.cleanup_stdio
                0x0000361c       0x3c C:/Program Files (x86)/Arm GNU Toolchain arm-none-eabi/13.3 rel1/bin/../lib/gcc/arm-none-eabi/13.3.1/thumb/v6-m/nofp\libc_nano.a(libc_a-findfp.o)
 .text.__fp_lock
                0x00003658       0x18 C:/Program Files (x86)/Arm GNU Toolchain arm-none-eabi/13.3 rel1/bin/../lib/gcc/arm-none-eabi/13.3.1/thumb/v6-m/nofp\libc_nano.a(libc_a-findfp.o)
 .text.__fp_unlock
                0x00003670       0x18 C:/Program Files (x86)/Arm GNU Toolchain arm-none-eabi/13.3 rel1/bin/../lib/gcc/arm-none-eabi/13.3.1/thumb/v6-m/nofp\libc_nano.a(libc_a-findfp.o)
 .text.global_stdio_init.part.0
                0x00003688       0x3c C:/Program Files (x86)/Arm GNU Toolchain arm-none-eabi/13.3 rel1/bin/../lib/gcc/arm-none-eabi/13.3.1/thumb/v6-m/nofp\libc_nano.a(libc_a-findfp.o)
 .text.__sfp_lock_acquire
                0x000036c4       0x10 C:/Program Files (x86)/Arm GNU Toolchain arm-none-eabi/13.3 rel1/bin/../lib/gcc/arm-none-eabi/13.3.1/thumb/v6-m/nofp\libc_nano.a(libc_a-findfp.o)
                0x000036c4                __sfp_lock_acquire
 .text.__sfp_lock_release
                0x000036d4       0x10 C:/Program Files (x86)/Arm GNU Toolchain arm-none-eabi/13.3 rel1/bin/../lib/gcc/arm-none-eabi/13.3.1/thumb/v6-m/nofp\libc_nano.a(libc_a-findfp.o)
                0x000036d4                __sfp_lock_release
 .text.__sfp    0x000036e4       0xa8 C:/Program Files (x86)/Arm GNU Toolchain arm-none-eabi/13.3 rel1/bin/../lib/gcc/arm-none-eabi/13.3.1/thumb/v6-m/nofp\libc_nano.a(libc_a-findfp.o)
                0x000036e4                __sfp
 .text.__sinit  0x0000378c       0x30 C:/Program Files (x86)/Arm GNU Toolchain arm-none-eabi/13.3 rel1/bin/../lib/gcc/arm-none-eabi/13.3.1/thumb/v6-m/nofp\libc_nano.a(libc_a-findfp.o)
                0x0000378c                __sinit
 .text.__fp_lock_all
                0x000037bc       0x1c C:/Program Files (x86)/Arm GNU Toolchain arm-none-eabi/13.3 rel1/bin/../lib/gcc/arm-none-eabi/13.3.1/thumb/v6-m/nofp\libc_nano.a(libc_a-findfp.o)
                0x000037bc                __fp_lock_all
 .text.__fp_unlock_all
                0x000037d8       0x1c C:/Program Files (x86)/Arm GNU Toolchain arm-none-eabi/13.3 rel1/bin/../lib/gcc/arm-none-eabi/13.3.1/thumb/v6-m/nofp\libc_nano.a(libc_a-findfp.o)
                0x000037d8                __fp_unlock_all
 .text._fwalk_sglue
                0x000037f4       0x38 C:/Program Files (x86)/Arm GNU Toolchain arm-none-eabi/13.3 rel1/bin/../lib/gcc/arm-none-eabi/13.3.1/thumb/v6-m/nofp\libc_nano.a(libc_a-fwalk.o)
                0x000037f4                _fwalk_sglue
 .text.__sread  0x0000382c       0x28 C:/Program Files (x86)/Arm GNU Toolchain arm-none-eabi/13.3 rel1/bin/../lib/gcc/arm-none-eabi/13.3.1/thumb/v6-m/nofp\libc_nano.a(libc_a-stdio.o)
                0x0000382c                __sread
 .text.__seofread
                0x00003854        0x4 C:/Program Files (x86)/Arm GNU Toolchain arm-none-eabi/13.3 rel1/bin/../lib/gcc/arm-none-eabi/13.3.1/thumb/v6-m/nofp\libc_nano.a(libc_a-stdio.o)
                0x00003854                __seofread
 .text.__swrite
                0x00003858       0x38 C:/Program Files (x86)/Arm GNU Toolchain arm-none-eabi/13.3 rel1/bin/../lib/gcc/arm-none-eabi/13.3.1/thumb/v6-m/nofp\libc_nano.a(libc_a-stdio.o)
                0x00003858                __swrite
 .text.__sseek  0x00003890       0x2c C:/Program Files (x86)/Arm GNU Toolchain arm-none-eabi/13.3 rel1/bin/../lib/gcc/arm-none-eabi/13.3.1/thumb/v6-m/nofp\libc_nano.a(libc_a-stdio.o)
                0x00003890                __sseek
 .text.__sclose
                0x000038bc        0xc C:/Program Files (x86)/Arm GNU Toolchain arm-none-eabi/13.3 rel1/bin/../lib/gcc/arm-none-eabi/13.3.1/thumb/v6-m/nofp\libc_nano.a(libc_a-stdio.o)
                0x000038bc                __sclose
 .text.memset   0x000038c8       0x10 C:/Program Files (x86)/Arm GNU Toolchain arm-none-eabi/13.3 rel1/bin/../lib/gcc/arm-none-eabi/13.3.1/thumb/v6-m/nofp\libc_nano.a(libc_a-memset.o)
                0x000038c8                memset
 .text._close_r
                0x000038d8       0x24 C:/Program Files (x86)/Arm GNU Toolchain arm-none-eabi/13.3 rel1/bin/../lib/gcc/arm-none-eabi/13.3.1/thumb/v6-m/nofp\libc_nano.a(libc_a-closer.o)
                0x000038d8                _close_r
 .text._reclaim_reent
                0x000038fc       0xd4 C:/Program Files (x86)/Arm GNU Toolchain arm-none-eabi/13.3 rel1/bin/../lib/gcc/arm-none-eabi/13.3.1/thumb/v6-m/nofp\libc_nano.a(libc_a-reent.o)
                0x000038fc                _reclaim_reent
 .text._lseek_r
                0x000039d0       0x28 C:/Program Files (x86)/Arm GNU Toolchain arm-none-eabi/13.3 rel1/bin/../lib/gcc/arm-none-eabi/13.3.1/thumb/v6-m/nofp\libc_nano.a(libc_a-lseekr.o)
                0x000039d0                _lseek_r
 .text._read_r  0x000039f8       0x28 C:/Program Files (x86)/Arm GNU Toolchain arm-none-eabi/13.3 rel1/bin/../lib/gcc/arm-none-eabi/13.3.1/thumb/v6-m/nofp\libc_nano.a(libc_a-readr.o)
                0x000039f8                _read_r
 .text._sbrk_r  0x00003a20       0x24 C:/Program Files (x86)/Arm GNU Toolchain arm-none-eabi/13.3 rel1/bin/../lib/gcc/arm-none-eabi/13.3.1/thumb/v6-m/nofp\libc_nano.a(libc_a-sbrkr.o)
                0x00003a20                _sbrk_r
 .text._write_r
                0x00003a44       0x28 C:/Program Files (x86)/Arm GNU Toolchain arm-none-eabi/13.3 rel1/bin/../lib/gcc/arm-none-eabi/13.3.1/thumb/v6-m/nofp\libc_nano.a(libc_a-writer.o)
                0x00003a44                _write_r
 .text.__errno  0x00003a6c        0xc C:/Program Files (x86)/Arm GNU Toolchain arm-none-eabi/13.3 rel1/bin/../lib/gcc/arm-none-eabi/13.3.1/thumb/v6-m/nofp\libc_nano.a(libc_a-errno.o)
                0x00003a6c                __errno
 .text.__libc_init_array
                0x00003a78       0x48 C:/Program Files (x86)/Arm GNU Toolchain arm-none-eabi/13.3 rel1/bin/../lib/gcc/arm-none-eabi/13.3.1/thumb/v6-m/nofp\libc_nano.a(libc_a-init.o)
                0x00003a78                __libc_init_array
 .text.__retarget_lock_init
                0x00003ac0        0x2 C:/Program Files (x86)/Arm GNU Toolchain arm-none-eabi/13.3 rel1/bin/../lib/gcc/arm-none-eabi/13.3.1/thumb/v6-m/nofp\libc_nano.a(libc_a-lock.o)
                0x00003ac0                __retarget_lock_init
 .text.__retarget_lock_init_recursive
                0x00003ac2        0x2 C:/Program Files (x86)/Arm GNU Toolchain arm-none-eabi/13.3 rel1/bin/../lib/gcc/arm-none-eabi/13.3.1/thumb/v6-m/nofp\libc_nano.a(libc_a-lock.o)
                0x00003ac2                __retarget_lock_init_recursive
 .text.__retarget_lock_close
                0x00003ac4        0x2 C:/Program Files (x86)/Arm GNU Toolchain arm-none-eabi/13.3 rel1/bin/../lib/gcc/arm-none-eabi/13.3.1/thumb/v6-m/nofp\libc_nano.a(libc_a-lock.o)
                0x00003ac4                __retarget_lock_close
 .text.__retarget_lock_close_recursive
                0x00003ac6        0x2 C:/Program Files (x86)/Arm GNU Toolchain arm-none-eabi/13.3 rel1/bin/../lib/gcc/arm-none-eabi/13.3.1/thumb/v6-m/nofp\libc_nano.a(libc_a-lock.o)
                0x00003ac6                __retarget_lock_close_recursive
 .text.__retarget_lock_acquire
                0x00003ac8        0x2 C:/Program Files (x86)/Arm GNU Toolchain arm-none-eabi/13.3 rel1/bin/../lib/gcc/arm-none-eabi/13.3.1/thumb/v6-m/nofp\libc_nano.a(libc_a-lock.o)
                0x00003ac8                __retarget_lock_acquire
 .text.__retarget_lock_acquire_recursive
                0x00003aca        0x2 C:/Program Files (x86)/Arm GNU Toolchain arm-none-eabi/13.3 rel1/bin/../lib/gcc/arm-none-eabi/13.3.1/thumb/v6-m/nofp\libc_nano.a(libc_a-lock.o)
                0x00003aca                __retarget_lock_acquire_recursive
 .text.__retarget_lock_try_acquire
                0x00003acc        0x4 C:/Program Files (x86)/Arm GNU Toolchain arm-none-eabi/13.3 rel1/bin/../lib/gcc/arm-none-eabi/13.3.1/thumb/v6-m/nofp\libc_nano.a(libc_a-lock.o)
                0x00003acc                __retarget_lock_try_acquire
 .text.__retarget_lock_try_acquire_recursive
                0x00003ad0        0x4 C:/Program Files (x86)/Arm GNU Toolchain arm-none-eabi/13.3 rel1/bin/../lib/gcc/arm-none-eabi/13.3.1/thumb/v6-m/nofp\libc_nano.a(libc_a-lock.o)
                0x00003ad0                __retarget_lock_try_acquire_recursive
 .text.__retarget_lock_release
                0x00003ad4        0x2 C:/Program Files (x86)/Arm GNU Toolchain arm-none-eabi/13.3 rel1/bin/../lib/gcc/arm-none-eabi/13.3.1/thumb/v6-m/nofp\libc_nano.a(libc_a-lock.o)
                0x00003ad4                __retarget_lock_release
 .text.__retarget_lock_release_recursive
                0x00003ad6        0x2 C:/Program Files (x86)/Arm GNU Toolchain arm-none-eabi/13.3 rel1/bin/../lib/gcc/arm-none-eabi/13.3.1/thumb/v6-m/nofp\libc_nano.a(libc_a-lock.o)
                0x00003ad6                __retarget_lock_release_recursive
 .text.memcpy   0x00003ad8       0x12 C:/Program Files (x86)/Arm GNU Toolchain arm-none-eabi/13.3 rel1/bin/../lib/gcc/arm-none-eabi/13.3.1/thumb/v6-m/nofp\libc_nano.a(libc_a-memcpy-stub.o)
                0x00003ad8                memcpy
 *fill*         0x00003aea        0x2 
 .text._free_r  0x00003aec       0x94 C:/Program Files (x86)/Arm GNU Toolchain arm-none-eabi/13.3 rel1/bin/../lib/gcc/arm-none-eabi/13.3.1/thumb/v6-m/nofp\libc_nano.a(libc_a-freer.o)
                0x00003aec                _free_r
 .text.__sflush_r
                0x00003b80      0x10c C:/Program Files (x86)/Arm GNU Toolchain arm-none-eabi/13.3 rel1/bin/../lib/gcc/arm-none-eabi/13.3.1/thumb/v6-m/nofp\libc_nano.a(libc_a-fflush.o)
                0x00003b80                __sflush_r
 .text._fflush_r
                0x00003c8c       0x56 C:/Program Files (x86)/Arm GNU Toolchain arm-none-eabi/13.3 rel1/bin/../lib/gcc/arm-none-eabi/13.3.1/thumb/v6-m/nofp\libc_nano.a(libc_a-fflush.o)
                0x00003c8c                _fflush_r
 *fill*         0x00003ce2        0x2 
 .text.fflush   0x00003ce4       0x30 C:/Program Files (x86)/Arm GNU Toolchain arm-none-eabi/13.3 rel1/bin/../lib/gcc/arm-none-eabi/13.3.1/thumb/v6-m/nofp\libc_nano.a(libc_a-fflush.o)
                0x00003ce4                fflush
 .text._close   0x00003d14       0x10 C:/Program Files (x86)/Arm GNU Toolchain arm-none-eabi/13.3 rel1/bin/../lib/gcc/arm-none-eabi/13.3.1/thumb/v6-m/nofp\libnosys.a(close.o)
                0x00003d14                _close
 .text._lseek   0x00003d24       0x10 C:/Program Files (x86)/Arm GNU Toolchain arm-none-eabi/13.3 rel1/bin/../lib/gcc/arm-none-eabi/13.3.1/thumb/v6-m/nofp\libnosys.a(lseek.o)
                0x00003d24                _lseek
 .text._read    0x00003d34       0x10 C:/Program Files (x86)/Arm GNU Toolchain arm-none-eabi/13.3 rel1/bin/../lib/gcc/arm-none-eabi/13.3.1/thumb/v6-m/nofp\libnosys.a(read.o)
                0x00003d34                _read
 .text._sbrk    0x00003d44       0x1c C:/Program Files (x86)/Arm GNU Toolchain arm-none-eabi/13.3 rel1/bin/../lib/gcc/arm-none-eabi/13.3.1/thumb/v6-m/nofp\libnosys.a(sbrk.o)
                0x00003d44                _sbrk
 .text._write   0x00003d60       0x10 C:/Program Files (x86)/Arm GNU Toolchain arm-none-eabi/13.3 rel1/bin/../lib/gcc/arm-none-eabi/13.3.1/thumb/v6-m/nofp\libnosys.a(write.o)
                0x00003d60                _write
 .text._exit    0x00003d70        0x4 C:/Program Files (x86)/Arm GNU Toolchain arm-none-eabi/13.3 rel1/bin/../lib/gcc/arm-none-eabi/13.3.1/thumb/v6-m/nofp\libnosys.a(_exit.o)
                0x00003d70                _exit
 *(.rodata)
 .rodata        0x00003d74        0x4 build/board.o
                0x00003d74                ExtClockIn
 .rodata        0x00003d78       0x3c build/system_LPC824.o
 .rodata        0x00003db4        0x9 build/fsl_usart.o
 *fill*         0x00003dbd        0x3 
 .rodata        0x00003dc0        0xc build/fsl_adapter_miniusart.o
 .rodata        0x00003dcc        0xf build/fsl_str.o
 *(.rodata*)
 *fill*         0x00003ddb        0x1 
 .rodata.all_implied_fbits
                0x00003ddc       0x24 C:/Program Files (x86)/Arm GNU Toolchain arm-none-eabi/13.3 rel1/bin/../lib/gcc/arm-none-eabi/13.3.1/thumb/v6-m/nofp/crtbegin.o
 .rodata.str1.1
                0x00003e00       0x6b build/EX3_PART2.o
 .rodata.str1.1
                0x00003e6b        0x1 build/xprintf.o
 .rodata._ctype_
                0x00003e6b      0x101 C:/Program Files (x86)/Arm GNU Toolchain arm-none-eabi/13.3 rel1/bin/../lib/gcc/arm-none-eabi/13.3.1/thumb/v6-m/nofp\libc_nano.a(libc_a-ctype_.o)
                0x00003e6b                _ctype_
 .rodata.all_implied_fbits
                0x00003f6c       0x24 C:/Program Files (x86)/Arm GNU Toolchain arm-none-eabi/13.3 rel1/bin/../lib/gcc/arm-none-eabi/13.3.1/thumb/v6-m/nofp/crtend.o
 *(.glue_7)
 .glue_7        0x00003f90        0x0 linker stubs
 *(.glue_7t)
 .glue_7t       0x00003f90        0x0 linker stubs
 *(.eh_frame)
 .eh_frame      0x00003f90        0x0 C:/Program Files (x86)/Arm GNU Toolchain arm-none-eabi/13.3 rel1/bin/../lib/gcc/arm-none-eabi/13.3.1/thumb/v6-m/nofp/crtbegin.o
 .eh_frame      0x00003f90        0x4 C:/Program Files (x86)/Arm GNU Toolchain arm-none-eabi/13.3 rel1/bin/../lib/gcc/arm-none-eabi/13.3.1/thumb/v6-m/nofp/crtend.o
 *(.init)
 .init          0x00003f94        0x4 C:/Program Files (x86)/Arm GNU Toolchain arm-none-eabi/13.3 rel1/bin/../lib/gcc/arm-none-eabi/13.3.1/thumb/v6-m/nofp/crti.o
                0x00003f94                _init
 .init          0x00003f98        0x8 C:/Program Files (x86)/Arm GNU Toolchain arm-none-eabi/13.3 rel1/bin/../lib/gcc/arm-none-eabi/13.3.1/thumb/v6-m/nofp/crtn.o
 *(.fini)
 .fini          0x00003fa0        0x4 C:/Program Files (x86)/Arm GNU Toolchain arm-none-eabi/13.3 rel1/bin/../lib/gcc/arm-none-eabi/13.3.1/thumb/v6-m/nofp/crti.o
                0x00003fa0                _fini
 .fini          0x00003fa4        0x8 C:/Program Files (x86)/Arm GNU Toolchain arm-none-eabi/13.3 rel1/bin/../lib/gcc/arm-none-eabi/13.3.1/thumb/v6-m/nofp/crtn.o
                0x00003fac                        . = ALIGN (0x4)

.vfp11_veneer   0x00003fac        0x0
 .vfp11_veneer  0x00003fac        0x0 linker stubs

.v4_bx          0x00003fac        0x0
 .v4_bx         0x00003fac        0x0 linker stubs

.iplt           0x00003fac        0x0
 .iplt          0x00003fac        0x0 C:/Program Files (x86)/Arm GNU Toolchain arm-none-eabi/13.3 rel1/bin/../lib/gcc/arm-none-eabi/13.3.1/thumb/v6-m/nofp/crtbegin.o

.ARM.extab      0x00003fac        0x0
 *(.ARM.extab* .gnu.linkonce.armextab.*)
 .ARM.extab     0x00003fac        0x0 C:/Program Files (x86)/Arm GNU Toolchain arm-none-eabi/13.3 rel1/bin/../lib/gcc/arm-none-eabi/13.3.1/thumb/v6-m/nofp/crt0.o
 .ARM.extab.text.__udivmoddi4
                0x00003fac        0x0 C:/Program Files (x86)/Arm GNU Toolchain arm-none-eabi/13.3 rel1/bin/../lib/gcc/arm-none-eabi/13.3.1/thumb/v6-m/nofp\libgcc.a(_udivmoddi4.o)
 .ARM.extab.text.__divdi3
                0x00003fac        0x0 C:/Program Files (x86)/Arm GNU Toolchain arm-none-eabi/13.3 rel1/bin/../lib/gcc/arm-none-eabi/13.3.1/thumb/v6-m/nofp\libgcc.a(_divdi3.o)

.ARM            0x00003fac        0x8
                0x00003fac                        __exidx_start = .
 *(.ARM.exidx*)
 .ARM.exidx     0x00003fac        0x8 C:/Program Files (x86)/Arm GNU Toolchain arm-none-eabi/13.3 rel1/bin/../lib/gcc/arm-none-eabi/13.3.1/thumb/v6-m/nofp/crt0.o
                                 0x10 (size before relaxing)
 .ARM.exidx.text.__udivmoddi4
                0x00003fb4        0x0 C:/Program Files (x86)/Arm GNU Toolchain arm-none-eabi/13.3 rel1/bin/../lib/gcc/arm-none-eabi/13.3.1/thumb/v6-m/nofp\libgcc.a(_udivmoddi4.o)
                                  0x8 (size before relaxing)
 .ARM.exidx.text.__divdi3
                0x00003fb4        0x0 C:/Program Files (x86)/Arm GNU Toolchain arm-none-eabi/13.3 rel1/bin/../lib/gcc/arm-none-eabi/13.3.1/thumb/v6-m/nofp\libgcc.a(_divdi3.o)
                                  0x8 (size before relaxing)
                0x00003fb4                        __exidx_end = .

.rel.dyn        0x00003fb4        0x0
 .rel.iplt      0x00003fb4        0x0 C:/Program Files (x86)/Arm GNU Toolchain arm-none-eabi/13.3 rel1/bin/../lib/gcc/arm-none-eabi/13.3.1/thumb/v6-m/nofp/crtbegin.o

.ctors          0x00003fb4        0x0
                0x00003fb4                        __CTOR_LIST__ = .
 *crtbegin.o(.ctors)
 *crtbegin?.o(.ctors)
 *(EXCLUDE_FILE(*crtend.o *crtend?.o) .ctors)
 *(SORT_BY_NAME(.ctors.*))
 *(.ctors)
                0x00003fb4                        __CTOR_END__ = .

.dtors          0x00003fb4        0x0
                0x00003fb4                        __DTOR_LIST__ = .
 *crtbegin.o(.dtors)
 *crtbegin?.o(.dtors)
 *(EXCLUDE_FILE(*crtend.o *crtend?.o) .dtors)
 *(SORT_BY_NAME(.dtors.*))
 *(.dtors)
                0x00003fb4                        __DTOR_END__ = .

.preinit_array  0x00003fb4        0x0
                0x00003fb4                        PROVIDE (__preinit_array_start = .)
 *(.preinit_array*)
                0x00003fb4                        PROVIDE (__preinit_array_end = .)

.init_array     0x00003fb4        0x4
                0x00003fb4                        PROVIDE (__init_array_start = .)
 *(SORT_BY_NAME(.init_array.*))
 *(.init_array*)
 .init_array    0x00003fb4        0x4 C:/Program Files (x86)/Arm GNU Toolchain arm-none-eabi/13.3 rel1/bin/../lib/gcc/arm-none-eabi/13.3.1/thumb/v6-m/nofp/crtbegin.o
                0x00003fb8                        PROVIDE (__init_array_end = .)

.fini_array     0x00003fb8        0x4
                [!provide]                        PROVIDE (__fini_array_start = .)
 *(SORT_BY_NAME(.fini_array.*))
 *(.fini_array*)
 .fini_array    0x00003fb8        0x4 C:/Program Files (x86)/Arm GNU Toolchain arm-none-eabi/13.3 rel1/bin/../lib/gcc/arm-none-eabi/13.3.1/thumb/v6-m/nofp/crtbegin.o
                [!provide]                        PROVIDE (__fini_array_end = .)
                0x00003fbc                        __etext = .
                0x00003fbc                        __DATA_ROM = .

.data           0x10000000       0x68 load address 0x00003fbc
                0x10000000                        . = ALIGN (0x4)
                0x10000000                        __DATA_RAM = .
                0x10000000                        __data_start__ = .
 *(.ramfunc*)
 *(.data)
 .data          0x10000000        0x0 C:/Program Files (x86)/Arm GNU Toolchain arm-none-eabi/13.3 rel1/bin/../lib/gcc/arm-none-eabi/13.3.1/thumb/v6-m/nofp/crti.o
 .data          0x10000000        0x0 C:/Program Files (x86)/Arm GNU Toolchain arm-none-eabi/13.3 rel1/bin/../lib/gcc/arm-none-eabi/13.3.1/thumb/v6-m/nofp/crtbegin.o
 .data          0x10000000        0x0 C:/Program Files (x86)/Arm GNU Toolchain arm-none-eabi/13.3 rel1/bin/../lib/gcc/arm-none-eabi/13.3.1/thumb/v6-m/nofp/crt0.o
 .data          0x10000000        0x1 build/EX3_PART2.o
                0x10000000                start_conversion
 .data          0x10000001        0x0 build/pin_mux.o
 .data          0x10000001        0x0 build/board.o
 .data          0x10000001        0x0 build/clock_config.o
 .data          0x10000001        0x0 build/xprintf.o
 *fill*         0x10000001        0x3 
 .data          0x10000004        0x4 build/system_LPC824.o
                0x10000004                SystemCoreClock
 .data          0x10000008        0x0 build/fsl_common.o
 .data          0x10000008        0x0 build/fsl_common_arm.o
 .data          0x10000008        0x0 build/fsl_gpio.o
 .data          0x10000008        0x0 build/fsl_power.o
 .data          0x10000008        0x0 build/fsl_clock.o
 .data          0x10000008        0x0 build/fsl_reset.o
 .data          0x10000008        0x0 build/fsl_swm.o
 .data          0x10000008        0x0 build/fsl_syscon.o
 .data          0x10000008        0x0 build/fsl_adc.o
 .data          0x10000008        0x0 build/fsl_sctimer.o
 .data          0x10000008        0x0 build/fsl_usart.o
 .data          0x10000008        0x0 build/fsl_adapter_miniusart.o
 .data          0x10000008        0x0 build/fsl_debug_console.o
 .data          0x10000008        0x0 build/fsl_str.o
 .data          0x10000008        0x0 build/startup_LPC824.o
 .data          0x10000008        0x0 C:/Program Files (x86)/Arm GNU Toolchain arm-none-eabi/13.3 rel1/bin/../lib/gcc/arm-none-eabi/13.3.1/thumb/v6-m/nofp\libgcc.a(_thumb1_case_sqi.o)
 .data          0x10000008        0x0 C:/Program Files (x86)/Arm GNU Toolchain arm-none-eabi/13.3 rel1/bin/../lib/gcc/arm-none-eabi/13.3.1/thumb/v6-m/nofp\libgcc.a(_thumb1_case_uqi.o)
 .data          0x10000008        0x0 C:/Program Files (x86)/Arm GNU Toolchain arm-none-eabi/13.3 rel1/bin/../lib/gcc/arm-none-eabi/13.3.1/thumb/v6-m/nofp\libgcc.a(_thumb1_case_shi.o)
 .data          0x10000008        0x0 C:/Program Files (x86)/Arm GNU Toolchain arm-none-eabi/13.3 rel1/bin/../lib/gcc/arm-none-eabi/13.3.1/thumb/v6-m/nofp\libgcc.a(_udivsi3.o)
 .data          0x10000008        0x0 C:/Program Files (x86)/Arm GNU Toolchain arm-none-eabi/13.3 rel1/bin/../lib/gcc/arm-none-eabi/13.3.1/thumb/v6-m/nofp\libgcc.a(_divsi3.o)
 .data          0x10000008        0x0 C:/Program Files (x86)/Arm GNU Toolchain arm-none-eabi/13.3 rel1/bin/../lib/gcc/arm-none-eabi/13.3.1/thumb/v6-m/nofp\libgcc.a(_dvmd_tls.o)
 .data          0x10000008        0x0 C:/Program Files (x86)/Arm GNU Toolchain arm-none-eabi/13.3 rel1/bin/../lib/gcc/arm-none-eabi/13.3.1/thumb/v6-m/nofp\libgcc.a(_aeabi_ldivmod.o)
 .data          0x10000008        0x0 C:/Program Files (x86)/Arm GNU Toolchain arm-none-eabi/13.3 rel1/bin/../lib/gcc/arm-none-eabi/13.3.1/thumb/v6-m/nofp\libgcc.a(_aeabi_uldivmod.o)
 .data          0x10000008        0x0 C:/Program Files (x86)/Arm GNU Toolchain arm-none-eabi/13.3 rel1/bin/../lib/gcc/arm-none-eabi/13.3.1/thumb/v6-m/nofp\libgcc.a(_muldi3.o)
 .data          0x10000008        0x0 C:/Program Files (x86)/Arm GNU Toolchain arm-none-eabi/13.3 rel1/bin/../lib/gcc/arm-none-eabi/13.3.1/thumb/v6-m/nofp\libgcc.a(_udivmoddi4.o)
 .data          0x10000008        0x0 C:/Program Files (x86)/Arm GNU Toolchain arm-none-eabi/13.3 rel1/bin/../lib/gcc/arm-none-eabi/13.3.1/thumb/v6-m/nofp\libgcc.a(bpabi.o)
 .data          0x10000008        0x0 C:/Program Files (x86)/Arm GNU Toolchain arm-none-eabi/13.3 rel1/bin/../lib/gcc/arm-none-eabi/13.3.1/thumb/v6-m/nofp\libgcc.a(_clzdi2.o)
 .data          0x10000008        0x0 C:/Program Files (x86)/Arm GNU Toolchain arm-none-eabi/13.3 rel1/bin/../lib/gcc/arm-none-eabi/13.3.1/thumb/v6-m/nofp\libgcc.a(_divdi3.o)
 .data          0x10000008        0x0 C:/Program Files (x86)/Arm GNU Toolchain arm-none-eabi/13.3 rel1/bin/../lib/gcc/arm-none-eabi/13.3.1/thumb/v6-m/nofp\libgcc.a(_clzsi2.o)
 .data          0x10000008        0x0 C:/Program Files (x86)/Arm GNU Toolchain arm-none-eabi/13.3 rel1/bin/../lib/gcc/arm-none-eabi/13.3.1/thumb/v6-m/nofp\libc_nano.a(libc_a-exit.o)
 .data          0x10000008        0x0 C:/Program Files (x86)/Arm GNU Toolchain arm-none-eabi/13.3 rel1/bin/../lib/gcc/arm-none-eabi/13.3.1/thumb/v6-m/nofp\libc_nano.a(libc_a-malloc.o)
 .data          0x10000008        0x0 C:/Program Files (x86)/Arm GNU Toolchain arm-none-eabi/13.3 rel1/bin/../lib/gcc/arm-none-eabi/13.3.1/thumb/v6-m/nofp\libc_nano.a(libc_a-mallocr.o)
 .data          0x10000008        0x0 C:/Program Files (x86)/Arm GNU Toolchain arm-none-eabi/13.3 rel1/bin/../lib/gcc/arm-none-eabi/13.3.1/thumb/v6-m/nofp\libc_nano.a(libc_a-mlock.o)
 .data          0x10000008        0x0 C:/Program Files (x86)/Arm GNU Toolchain arm-none-eabi/13.3 rel1/bin/../lib/gcc/arm-none-eabi/13.3.1/thumb/v6-m/nofp\libc_nano.a(libc_a-strtoul.o)
 .data          0x10000008        0x0 C:/Program Files (x86)/Arm GNU Toolchain arm-none-eabi/13.3 rel1/bin/../lib/gcc/arm-none-eabi/13.3.1/thumb/v6-m/nofp\libc_nano.a(libc_a-ctype_.o)
 .data          0x10000008        0x0 C:/Program Files (x86)/Arm GNU Toolchain arm-none-eabi/13.3 rel1/bin/../lib/gcc/arm-none-eabi/13.3.1/thumb/v6-m/nofp\libc_nano.a(libc_a-findfp.o)
 .data          0x10000008        0x0 C:/Program Files (x86)/Arm GNU Toolchain arm-none-eabi/13.3 rel1/bin/../lib/gcc/arm-none-eabi/13.3.1/thumb/v6-m/nofp\libc_nano.a(libc_a-fwalk.o)
 .data          0x10000008        0x0 C:/Program Files (x86)/Arm GNU Toolchain arm-none-eabi/13.3 rel1/bin/../lib/gcc/arm-none-eabi/13.3.1/thumb/v6-m/nofp\libc_nano.a(libc_a-stdio.o)
 .data          0x10000008        0x0 C:/Program Files (x86)/Arm GNU Toolchain arm-none-eabi/13.3 rel1/bin/../lib/gcc/arm-none-eabi/13.3.1/thumb/v6-m/nofp\libc_nano.a(libc_a-memset.o)
 .data          0x10000008        0x0 C:/Program Files (x86)/Arm GNU Toolchain arm-none-eabi/13.3 rel1/bin/../lib/gcc/arm-none-eabi/13.3.1/thumb/v6-m/nofp\libc_nano.a(libc_a-closer.o)
 .data          0x10000008        0x0 C:/Program Files (x86)/Arm GNU Toolchain arm-none-eabi/13.3 rel1/bin/../lib/gcc/arm-none-eabi/13.3.1/thumb/v6-m/nofp\libc_nano.a(libc_a-reent.o)
 .data          0x10000008        0x0 C:/Program Files (x86)/Arm GNU Toolchain arm-none-eabi/13.3 rel1/bin/../lib/gcc/arm-none-eabi/13.3.1/thumb/v6-m/nofp\libc_nano.a(libc_a-impure.o)
 .data          0x10000008        0x0 C:/Program Files (x86)/Arm GNU Toolchain arm-none-eabi/13.3 rel1/bin/../lib/gcc/arm-none-eabi/13.3.1/thumb/v6-m/nofp\libc_nano.a(libc_a-lseekr.o)
 .data          0x10000008        0x0 C:/Program Files (x86)/Arm GNU Toolchain arm-none-eabi/13.3 rel1/bin/../lib/gcc/arm-none-eabi/13.3.1/thumb/v6-m/nofp\libc_nano.a(libc_a-readr.o)
 .data          0x10000008        0x0 C:/Program Files (x86)/Arm GNU Toolchain arm-none-eabi/13.3 rel1/bin/../lib/gcc/arm-none-eabi/13.3.1/thumb/v6-m/nofp\libc_nano.a(libc_a-sbrkr.o)
 .data          0x10000008        0x0 C:/Program Files (x86)/Arm GNU Toolchain arm-none-eabi/13.3 rel1/bin/../lib/gcc/arm-none-eabi/13.3.1/thumb/v6-m/nofp\libc_nano.a(libc_a-writer.o)
 .data          0x10000008        0x0 C:/Program Files (x86)/Arm GNU Toolchain arm-none-eabi/13.3 rel1/bin/../lib/gcc/arm-none-eabi/13.3.1/thumb/v6-m/nofp\libc_nano.a(libc_a-errno.o)
 .data          0x10000008        0x0 C:/Program Files (x86)/Arm GNU Toolchain arm-none-eabi/13.3 rel1/bin/../lib/gcc/arm-none-eabi/13.3.1/thumb/v6-m/nofp\libc_nano.a(libc_a-init.o)
 .data          0x10000008        0x0 C:/Program Files (x86)/Arm GNU Toolchain arm-none-eabi/13.3 rel1/bin/../lib/gcc/arm-none-eabi/13.3.1/thumb/v6-m/nofp\libc_nano.a(libc_a-lock.o)
 .data          0x10000008        0x0 C:/Program Files (x86)/Arm GNU Toolchain arm-none-eabi/13.3 rel1/bin/../lib/gcc/arm-none-eabi/13.3.1/thumb/v6-m/nofp\libc_nano.a(libc_a-memcpy-stub.o)
 .data          0x10000008        0x0 C:/Program Files (x86)/Arm GNU Toolchain arm-none-eabi/13.3 rel1/bin/../lib/gcc/arm-none-eabi/13.3.1/thumb/v6-m/nofp\libc_nano.a(libc_a-freer.o)
 .data          0x10000008        0x0 C:/Program Files (x86)/Arm GNU Toolchain arm-none-eabi/13.3 rel1/bin/../lib/gcc/arm-none-eabi/13.3.1/thumb/v6-m/nofp\libc_nano.a(libc_a-fflush.o)
 .data          0x10000008        0x0 C:/Program Files (x86)/Arm GNU Toolchain arm-none-eabi/13.3 rel1/bin/../lib/gcc/arm-none-eabi/13.3.1/thumb/v6-m/nofp\libnosys.a(close.o)
 .data          0x10000008        0x0 C:/Program Files (x86)/Arm GNU Toolchain arm-none-eabi/13.3 rel1/bin/../lib/gcc/arm-none-eabi/13.3.1/thumb/v6-m/nofp\libnosys.a(lseek.o)
 .data          0x10000008        0x0 C:/Program Files (x86)/Arm GNU Toolchain arm-none-eabi/13.3 rel1/bin/../lib/gcc/arm-none-eabi/13.3.1/thumb/v6-m/nofp\libnosys.a(read.o)
 .data          0x10000008        0x0 C:/Program Files (x86)/Arm GNU Toolchain arm-none-eabi/13.3 rel1/bin/../lib/gcc/arm-none-eabi/13.3.1/thumb/v6-m/nofp\libnosys.a(sbrk.o)
 .data          0x10000008        0x0 C:/Program Files (x86)/Arm GNU Toolchain arm-none-eabi/13.3 rel1/bin/../lib/gcc/arm-none-eabi/13.3.1/thumb/v6-m/nofp\libnosys.a(write.o)
 .data          0x10000008        0x0 C:/Program Files (x86)/Arm GNU Toolchain arm-none-eabi/13.3 rel1/bin/../lib/gcc/arm-none-eabi/13.3.1/thumb/v6-m/nofp\libnosys.a(_exit.o)
 .data          0x10000008        0x0 C:/Program Files (x86)/Arm GNU Toolchain arm-none-eabi/13.3 rel1/bin/../lib/gcc/arm-none-eabi/13.3.1/thumb/v6-m/nofp/crtend.o
 .data          0x10000008        0x0 C:/Program Files (x86)/Arm GNU Toolchain arm-none-eabi/13.3 rel1/bin/../lib/gcc/arm-none-eabi/13.3.1/thumb/v6-m/nofp/crtn.o
 *(.data*)
 .data.__dso_handle
                0x10000008        0x4 C:/Program Files (x86)/Arm GNU Toolchain arm-none-eabi/13.3 rel1/bin/../lib/gcc/arm-none-eabi/13.3.1/thumb/v6-m/nofp/crtbegin.o
                0x10000008                __dso_handle
 .data.__sglue  0x1000000c        0xc C:/Program Files (x86)/Arm GNU Toolchain arm-none-eabi/13.3 rel1/bin/../lib/gcc/arm-none-eabi/13.3.1/thumb/v6-m/nofp\libc_nano.a(libc_a-findfp.o)
                0x1000000c                __sglue
 .data._impure_ptr
                0x10000018        0x4 C:/Program Files (x86)/Arm GNU Toolchain arm-none-eabi/13.3 rel1/bin/../lib/gcc/arm-none-eabi/13.3.1/thumb/v6-m/nofp\libc_nano.a(libc_a-impure.o)
                0x10000018                _impure_ptr
 .data._impure_data
                0x1000001c       0x4c C:/Program Files (x86)/Arm GNU Toolchain arm-none-eabi/13.3 rel1/bin/../lib/gcc/arm-none-eabi/13.3.1/thumb/v6-m/nofp\libc_nano.a(libc_a-impure.o)
                0x1000001c                _impure_data
 *(.jcr*)
                0x10000068                        . = ALIGN (0x4)
                0x10000068                        __data_end__ = .
                0x00004024                        __DATA_END = (__DATA_ROM + (__data_end__ - __data_start__))
                0x00008000                        text_end = (ORIGIN (m_text) + LENGTH (m_text))
                0x00000001                        ASSERT ((__DATA_END <= text_end), region m_text overflowed with text and data)

.tm_clone_table
                0x10000068        0x0 load address 0x00004024
 .tm_clone_table
                0x10000068        0x0 C:/Program Files (x86)/Arm GNU Toolchain arm-none-eabi/13.3 rel1/bin/../lib/gcc/arm-none-eabi/13.3.1/thumb/v6-m/nofp/crtbegin.o
 .tm_clone_table
                0x10000068        0x0 C:/Program Files (x86)/Arm GNU Toolchain arm-none-eabi/13.3 rel1/bin/../lib/gcc/arm-none-eabi/13.3.1/thumb/v6-m/nofp/crtend.o

.igot.plt       0x10000068        0x0 load address 0x00004024
 .igot.plt      0x10000068        0x0 C:/Program Files (x86)/Arm GNU Toolchain arm-none-eabi/13.3 rel1/bin/../lib/gcc/arm-none-eabi/13.3.1/thumb/v6-m/nofp/crtbegin.o

.bss            0x10000068      0x208 load address 0x00004024
                0x10000068                        . = ALIGN (0x4)
                0x10000068                        __START_BSS = .
                0x10000068                        __bss_start__ = .
 *(.bss)
 .bss           0x10000068        0x0 C:/Program Files (x86)/Arm GNU Toolchain arm-none-eabi/13.3 rel1/bin/../lib/gcc/arm-none-eabi/13.3.1/thumb/v6-m/nofp/crti.o
 .bss           0x10000068        0x0 C:/Program Files (x86)/Arm GNU Toolchain arm-none-eabi/13.3 rel1/bin/../lib/gcc/arm-none-eabi/13.3.1/thumb/v6-m/nofp/crtbegin.o
 .bss           0x10000068        0x0 C:/Program Files (x86)/Arm GNU Toolchain arm-none-eabi/13.3 rel1/bin/../lib/gcc/arm-none-eabi/13.3.1/thumb/v6-m/nofp/crt0.o
 .bss           0x10000068       0x2c build/EX3_PART2.o
                0x10000068                ADCResultStruct
                0x10000088                adc_conversion_done
                0x1000008c                eventCounterL
                0x10000090                led_status
 .bss           0x10000094        0x0 build/pin_mux.o
 .bss           0x10000094        0x0 build/board.o
 .bss           0x10000094        0x0 build/clock_config.o
 .bss           0x10000094        0x8 build/xprintf.o
                0x10000098                xfunc_output
 .bss           0x1000009c        0x0 build/system_LPC824.o
 .bss           0x1000009c        0x0 build/fsl_common.o
 .bss           0x1000009c        0x0 build/fsl_common_arm.o
 .bss           0x1000009c        0x0 build/fsl_gpio.o
 .bss           0x1000009c        0x0 build/fsl_power.o
 .bss           0x1000009c        0xc build/fsl_clock.o
                0x1000009c                g_Ext_Clk_Freq
                0x100000a0                g_Wdt_Osc_Freq
 .bss           0x100000a8        0x0 build/fsl_reset.o
 .bss           0x100000a8        0x0 build/fsl_swm.o
 .bss           0x100000a8        0x0 build/fsl_syscon.o
 .bss           0x100000a8        0x0 build/fsl_adc.o
 .bss           0x100000a8       0x34 build/fsl_sctimer.o
 .bss           0x100000dc       0x10 build/fsl_usart.o
 .bss           0x100000ec        0x0 build/fsl_adapter_miniusart.o
 .bss           0x100000ec       0x14 build/fsl_debug_console.o
 .bss           0x10000100        0x0 build/fsl_str.o
 .bss           0x10000100        0x0 build/startup_LPC824.o
 .bss           0x10000100        0x0 C:/Program Files (x86)/Arm GNU Toolchain arm-none-eabi/13.3 rel1/bin/../lib/gcc/arm-none-eabi/13.3.1/thumb/v6-m/nofp\libgcc.a(_thumb1_case_sqi.o)
 .bss           0x10000100        0x0 C:/Program Files (x86)/Arm GNU Toolchain arm-none-eabi/13.3 rel1/bin/../lib/gcc/arm-none-eabi/13.3.1/thumb/v6-m/nofp\libgcc.a(_thumb1_case_uqi.o)
 .bss           0x10000100        0x0 C:/Program Files (x86)/Arm GNU Toolchain arm-none-eabi/13.3 rel1/bin/../lib/gcc/arm-none-eabi/13.3.1/thumb/v6-m/nofp\libgcc.a(_thumb1_case_shi.o)
 .bss           0x10000100        0x0 C:/Program Files (x86)/Arm GNU Toolchain arm-none-eabi/13.3 rel1/bin/../lib/gcc/arm-none-eabi/13.3.1/thumb/v6-m/nofp\libgcc.a(_udivsi3.o)
 .bss           0x10000100        0x0 C:/Program Files (x86)/Arm GNU Toolchain arm-none-eabi/13.3 rel1/bin/../lib/gcc/arm-none-eabi/13.3.1/thumb/v6-m/nofp\libgcc.a(_divsi3.o)
 .bss           0x10000100        0x0 C:/Program Files (x86)/Arm GNU Toolchain arm-none-eabi/13.3 rel1/bin/../lib/gcc/arm-none-eabi/13.3.1/thumb/v6-m/nofp\libgcc.a(_dvmd_tls.o)
 .bss           0x10000100        0x0 C:/Program Files (x86)/Arm GNU Toolchain arm-none-eabi/13.3 rel1/bin/../lib/gcc/arm-none-eabi/13.3.1/thumb/v6-m/nofp\libgcc.a(_aeabi_ldivmod.o)
 .bss           0x10000100        0x0 C:/Program Files (x86)/Arm GNU Toolchain arm-none-eabi/13.3 rel1/bin/../lib/gcc/arm-none-eabi/13.3.1/thumb/v6-m/nofp\libgcc.a(_aeabi_uldivmod.o)
 .bss           0x10000100        0x0 C:/Program Files (x86)/Arm GNU Toolchain arm-none-eabi/13.3 rel1/bin/../lib/gcc/arm-none-eabi/13.3.1/thumb/v6-m/nofp\libgcc.a(_muldi3.o)
 .bss           0x10000100        0x0 C:/Program Files (x86)/Arm GNU Toolchain arm-none-eabi/13.3 rel1/bin/../lib/gcc/arm-none-eabi/13.3.1/thumb/v6-m/nofp\libgcc.a(_udivmoddi4.o)
 .bss           0x10000100        0x0 C:/Program Files (x86)/Arm GNU Toolchain arm-none-eabi/13.3 rel1/bin/../lib/gcc/arm-none-eabi/13.3.1/thumb/v6-m/nofp\libgcc.a(bpabi.o)
 .bss           0x10000100        0x0 C:/Program Files (x86)/Arm GNU Toolchain arm-none-eabi/13.3 rel1/bin/../lib/gcc/arm-none-eabi/13.3.1/thumb/v6-m/nofp\libgcc.a(_clzdi2.o)
 .bss           0x10000100        0x0 C:/Program Files (x86)/Arm GNU Toolchain arm-none-eabi/13.3 rel1/bin/../lib/gcc/arm-none-eabi/13.3.1/thumb/v6-m/nofp\libgcc.a(_divdi3.o)
 .bss           0x10000100        0x0 C:/Program Files (x86)/Arm GNU Toolchain arm-none-eabi/13.3 rel1/bin/../lib/gcc/arm-none-eabi/13.3.1/thumb/v6-m/nofp\libgcc.a(_clzsi2.o)
 .bss           0x10000100        0x0 C:/Program Files (x86)/Arm GNU Toolchain arm-none-eabi/13.3 rel1/bin/../lib/gcc/arm-none-eabi/13.3.1/thumb/v6-m/nofp\libc_nano.a(libc_a-exit.o)
 .bss           0x10000100        0x0 C:/Program Files (x86)/Arm GNU Toolchain arm-none-eabi/13.3 rel1/bin/../lib/gcc/arm-none-eabi/13.3.1/thumb/v6-m/nofp\libc_nano.a(libc_a-malloc.o)
 .bss           0x10000100        0x0 C:/Program Files (x86)/Arm GNU Toolchain arm-none-eabi/13.3 rel1/bin/../lib/gcc/arm-none-eabi/13.3.1/thumb/v6-m/nofp\libc_nano.a(libc_a-mallocr.o)
 .bss           0x10000100        0x0 C:/Program Files (x86)/Arm GNU Toolchain arm-none-eabi/13.3 rel1/bin/../lib/gcc/arm-none-eabi/13.3.1/thumb/v6-m/nofp\libc_nano.a(libc_a-mlock.o)
 .bss           0x10000100        0x0 C:/Program Files (x86)/Arm GNU Toolchain arm-none-eabi/13.3 rel1/bin/../lib/gcc/arm-none-eabi/13.3.1/thumb/v6-m/nofp\libc_nano.a(libc_a-strtoul.o)
 .bss           0x10000100        0x0 C:/Program Files (x86)/Arm GNU Toolchain arm-none-eabi/13.3 rel1/bin/../lib/gcc/arm-none-eabi/13.3.1/thumb/v6-m/nofp\libc_nano.a(libc_a-ctype_.o)
 .bss           0x10000100        0x0 C:/Program Files (x86)/Arm GNU Toolchain arm-none-eabi/13.3 rel1/bin/../lib/gcc/arm-none-eabi/13.3.1/thumb/v6-m/nofp\libc_nano.a(libc_a-findfp.o)
 .bss           0x10000100        0x0 C:/Program Files (x86)/Arm GNU Toolchain arm-none-eabi/13.3 rel1/bin/../lib/gcc/arm-none-eabi/13.3.1/thumb/v6-m/nofp\libc_nano.a(libc_a-fwalk.o)
 .bss           0x10000100        0x0 C:/Program Files (x86)/Arm GNU Toolchain arm-none-eabi/13.3 rel1/bin/../lib/gcc/arm-none-eabi/13.3.1/thumb/v6-m/nofp\libc_nano.a(libc_a-stdio.o)
 .bss           0x10000100        0x0 C:/Program Files (x86)/Arm GNU Toolchain arm-none-eabi/13.3 rel1/bin/../lib/gcc/arm-none-eabi/13.3.1/thumb/v6-m/nofp\libc_nano.a(libc_a-memset.o)
 .bss           0x10000100        0x0 C:/Program Files (x86)/Arm GNU Toolchain arm-none-eabi/13.3 rel1/bin/../lib/gcc/arm-none-eabi/13.3.1/thumb/v6-m/nofp\libc_nano.a(libc_a-closer.o)
 .bss           0x10000100        0x0 C:/Program Files (x86)/Arm GNU Toolchain arm-none-eabi/13.3 rel1/bin/../lib/gcc/arm-none-eabi/13.3.1/thumb/v6-m/nofp\libc_nano.a(libc_a-reent.o)
 .bss           0x10000100        0x0 C:/Program Files (x86)/Arm GNU Toolchain arm-none-eabi/13.3 rel1/bin/../lib/gcc/arm-none-eabi/13.3.1/thumb/v6-m/nofp\libc_nano.a(libc_a-impure.o)
 .bss           0x10000100        0x0 C:/Program Files (x86)/Arm GNU Toolchain arm-none-eabi/13.3 rel1/bin/../lib/gcc/arm-none-eabi/13.3.1/thumb/v6-m/nofp\libc_nano.a(libc_a-lseekr.o)
 .bss           0x10000100        0x0 C:/Program Files (x86)/Arm GNU Toolchain arm-none-eabi/13.3 rel1/bin/../lib/gcc/arm-none-eabi/13.3.1/thumb/v6-m/nofp\libc_nano.a(libc_a-readr.o)
 .bss           0x10000100        0x0 C:/Program Files (x86)/Arm GNU Toolchain arm-none-eabi/13.3 rel1/bin/../lib/gcc/arm-none-eabi/13.3.1/thumb/v6-m/nofp\libc_nano.a(libc_a-sbrkr.o)
 .bss           0x10000100        0x0 C:/Program Files (x86)/Arm GNU Toolchain arm-none-eabi/13.3 rel1/bin/../lib/gcc/arm-none-eabi/13.3.1/thumb/v6-m/nofp\libc_nano.a(libc_a-writer.o)
 .bss           0x10000100        0x0 C:/Program Files (x86)/Arm GNU Toolchain arm-none-eabi/13.3 rel1/bin/../lib/gcc/arm-none-eabi/13.3.1/thumb/v6-m/nofp\libc_nano.a(libc_a-errno.o)
 .bss           0x10000100        0x0 C:/Program Files (x86)/Arm GNU Toolchain arm-none-eabi/13.3 rel1/bin/../lib/gcc/arm-none-eabi/13.3.1/thumb/v6-m/nofp\libc_nano.a(libc_a-init.o)
 .bss           0x10000100        0x0 C:/Program Files (x86)/Arm GNU Toolchain arm-none-eabi/13.3 rel1/bin/../lib/gcc/arm-none-eabi/13.3.1/thumb/v6-m/nofp\libc_nano.a(libc_a-lock.o)
 .bss           0x10000100        0x0 C:/Program Files (x86)/Arm GNU Toolchain arm-none-eabi/13.3 rel1/bin/../lib/gcc/arm-none-eabi/13.3.1/thumb/v6-m/nofp\libc_nano.a(libc_a-memcpy-stub.o)
 .bss           0x10000100        0x0 C:/Program Files (x86)/Arm GNU Toolchain arm-none-eabi/13.3 rel1/bin/../lib/gcc/arm-none-eabi/13.3.1/thumb/v6-m/nofp\libc_nano.a(libc_a-freer.o)
 .bss           0x10000100        0x0 C:/Program Files (x86)/Arm GNU Toolchain arm-none-eabi/13.3 rel1/bin/../lib/gcc/arm-none-eabi/13.3.1/thumb/v6-m/nofp\libc_nano.a(libc_a-fflush.o)
 .bss           0x10000100        0x0 C:/Program Files (x86)/Arm GNU Toolchain arm-none-eabi/13.3 rel1/bin/../lib/gcc/arm-none-eabi/13.3.1/thumb/v6-m/nofp\libnosys.a(close.o)
 .bss           0x10000100        0x0 C:/Program Files (x86)/Arm GNU Toolchain arm-none-eabi/13.3 rel1/bin/../lib/gcc/arm-none-eabi/13.3.1/thumb/v6-m/nofp\libnosys.a(lseek.o)
 .bss           0x10000100        0x0 C:/Program Files (x86)/Arm GNU Toolchain arm-none-eabi/13.3 rel1/bin/../lib/gcc/arm-none-eabi/13.3.1/thumb/v6-m/nofp\libnosys.a(read.o)
 .bss           0x10000100        0x0 C:/Program Files (x86)/Arm GNU Toolchain arm-none-eabi/13.3 rel1/bin/../lib/gcc/arm-none-eabi/13.3.1/thumb/v6-m/nofp\libnosys.a(sbrk.o)
 .bss           0x10000100        0x0 C:/Program Files (x86)/Arm GNU Toolchain arm-none-eabi/13.3 rel1/bin/../lib/gcc/arm-none-eabi/13.3.1/thumb/v6-m/nofp\libnosys.a(write.o)
 .bss           0x10000100        0x0 C:/Program Files (x86)/Arm GNU Toolchain arm-none-eabi/13.3 rel1/bin/../lib/gcc/arm-none-eabi/13.3.1/thumb/v6-m/nofp\libnosys.a(_exit.o)
 .bss           0x10000100        0x0 C:/Program Files (x86)/Arm GNU Toolchain arm-none-eabi/13.3 rel1/bin/../lib/gcc/arm-none-eabi/13.3.1/thumb/v6-m/nofp/crtend.o
 .bss           0x10000100        0x0 C:/Program Files (x86)/Arm GNU Toolchain arm-none-eabi/13.3 rel1/bin/../lib/gcc/arm-none-eabi/13.3.1/thumb/v6-m/nofp/crtn.o
 *(.bss*)
 .bss.completed.1
                0x10000100        0x1 C:/Program Files (x86)/Arm GNU Toolchain arm-none-eabi/13.3 rel1/bin/../lib/gcc/arm-none-eabi/13.3.1/thumb/v6-m/nofp/crtbegin.o
 *fill*         0x10000101        0x3 
 .bss.object.0  0x10000104       0x18 C:/Program Files (x86)/Arm GNU Toolchain arm-none-eabi/13.3 rel1/bin/../lib/gcc/arm-none-eabi/13.3.1/thumb/v6-m/nofp/crtbegin.o
 .bss.__malloc_sbrk_start
                0x1000011c        0x4 C:/Program Files (x86)/Arm GNU Toolchain arm-none-eabi/13.3 rel1/bin/../lib/gcc/arm-none-eabi/13.3.1/thumb/v6-m/nofp\libc_nano.a(libc_a-mallocr.o)
                0x1000011c                __malloc_sbrk_start
 .bss.__malloc_free_list
                0x10000120        0x4 C:/Program Files (x86)/Arm GNU Toolchain arm-none-eabi/13.3 rel1/bin/../lib/gcc/arm-none-eabi/13.3.1/thumb/v6-m/nofp\libc_nano.a(libc_a-mallocr.o)
                0x10000120                __malloc_free_list
 .bss.__sf      0x10000124      0x138 C:/Program Files (x86)/Arm GNU Toolchain arm-none-eabi/13.3 rel1/bin/../lib/gcc/arm-none-eabi/13.3.1/thumb/v6-m/nofp\libc_nano.a(libc_a-findfp.o)
                0x10000124                __sf
 .bss.__stdio_exit_handler
                0x1000025c        0x4 C:/Program Files (x86)/Arm GNU Toolchain arm-none-eabi/13.3 rel1/bin/../lib/gcc/arm-none-eabi/13.3.1/thumb/v6-m/nofp\libc_nano.a(libc_a-findfp.o)
                0x1000025c                __stdio_exit_handler
 .bss.errno     0x10000260        0x4 C:/Program Files (x86)/Arm GNU Toolchain arm-none-eabi/13.3 rel1/bin/../lib/gcc/arm-none-eabi/13.3.1/thumb/v6-m/nofp\libc_nano.a(libc_a-reent.o)
                0x10000260                errno
 .bss.__lock___arc4random_mutex
                0x10000264        0x1 C:/Program Files (x86)/Arm GNU Toolchain arm-none-eabi/13.3 rel1/bin/../lib/gcc/arm-none-eabi/13.3.1/thumb/v6-m/nofp\libc_nano.a(libc_a-lock.o)
                0x10000264                __lock___arc4random_mutex
 .bss.__lock___dd_hash_mutex
                0x10000265        0x1 C:/Program Files (x86)/Arm GNU Toolchain arm-none-eabi/13.3 rel1/bin/../lib/gcc/arm-none-eabi/13.3.1/thumb/v6-m/nofp\libc_nano.a(libc_a-lock.o)
                0x10000265                __lock___dd_hash_mutex
 .bss.__lock___tz_mutex
                0x10000266        0x1 C:/Program Files (x86)/Arm GNU Toolchain arm-none-eabi/13.3 rel1/bin/../lib/gcc/arm-none-eabi/13.3.1/thumb/v6-m/nofp\libc_nano.a(libc_a-lock.o)
                0x10000266                __lock___tz_mutex
 .bss.__lock___env_recursive_mutex
                0x10000267        0x1 C:/Program Files (x86)/Arm GNU Toolchain arm-none-eabi/13.3 rel1/bin/../lib/gcc/arm-none-eabi/13.3.1/thumb/v6-m/nofp\libc_nano.a(libc_a-lock.o)
                0x10000267                __lock___env_recursive_mutex
 .bss.__lock___malloc_recursive_mutex
                0x10000268        0x1 C:/Program Files (x86)/Arm GNU Toolchain arm-none-eabi/13.3 rel1/bin/../lib/gcc/arm-none-eabi/13.3.1/thumb/v6-m/nofp\libc_nano.a(libc_a-lock.o)
                0x10000268                __lock___malloc_recursive_mutex
 .bss.__lock___at_quick_exit_mutex
                0x10000269        0x1 C:/Program Files (x86)/Arm GNU Toolchain arm-none-eabi/13.3 rel1/bin/../lib/gcc/arm-none-eabi/13.3.1/thumb/v6-m/nofp\libc_nano.a(libc_a-lock.o)
                0x10000269                __lock___at_quick_exit_mutex
 .bss.__lock___atexit_recursive_mutex
                0x1000026a        0x1 C:/Program Files (x86)/Arm GNU Toolchain arm-none-eabi/13.3 rel1/bin/../lib/gcc/arm-none-eabi/13.3.1/thumb/v6-m/nofp\libc_nano.a(libc_a-lock.o)
                0x1000026a                __lock___atexit_recursive_mutex
 .bss.__lock___sfp_recursive_mutex
                0x1000026b        0x1 C:/Program Files (x86)/Arm GNU Toolchain arm-none-eabi/13.3 rel1/bin/../lib/gcc/arm-none-eabi/13.3.1/thumb/v6-m/nofp\libc_nano.a(libc_a-lock.o)
                0x1000026b                __lock___sfp_recursive_mutex
 .bss.heap_end.0
                0x1000026c        0x4 C:/Program Files (x86)/Arm GNU Toolchain arm-none-eabi/13.3 rel1/bin/../lib/gcc/arm-none-eabi/13.3.1/thumb/v6-m/nofp\libnosys.a(sbrk.o)
 *(COMMON)
                0x10000270                        . = ALIGN (0x4)
                0x10000270                        __bss_end__ = .
                0x10000270                        __END_BSS = .

.heap           0x10000270      0x400 load address 0x0000422c
                0x10000270                        . = ALIGN (0x8)
                0x10000270                        __end__ = .
                0x10000270                        PROVIDE (end = .)
                0x10000270                        __HeapBase = .
                0x10000670                        . = (. + HEAP_SIZE)
 *fill*         0x10000270      0x400 
                0x10000670                        __HeapLimit = .
                0x10000670                        __heap_limit = .

.stack          0x10000670      0x800 load address 0x0000462c
                0x10000670                        . = ALIGN (0x8)
                0x10000e70                        . = (. + STACK_SIZE)
 *fill*         0x10000670      0x800 
                0x10001fe0                        __StackTop = (ORIGIN (m_data) + LENGTH (m_data))
                0x100017e0                        __StackLimit = (__StackTop - STACK_SIZE)
                0x10001fe0                        PROVIDE (__stack = __StackTop)

.ARM.attributes
                0x00000000       0x28
 *(.ARM.attributes)
 .ARM.attributes
                0x00000000       0x1e C:/Program Files (x86)/Arm GNU Toolchain arm-none-eabi/13.3 rel1/bin/../lib/gcc/arm-none-eabi/13.3.1/thumb/v6-m/nofp/crti.o
 .ARM.attributes
                0x0000001e       0x2c C:/Program Files (x86)/Arm GNU Toolchain arm-none-eabi/13.3 rel1/bin/../lib/gcc/arm-none-eabi/13.3.1/thumb/v6-m/nofp/crtbegin.o
 .ARM.attributes
                0x0000004a       0x1b C:/Program Files (x86)/Arm GNU Toolchain arm-none-eabi/13.3 rel1/bin/../lib/gcc/arm-none-eabi/13.3.1/thumb/v6-m/nofp/crt0.o
 .ARM.attributes
                0x00000065       0x2c build/EX3_PART2.o
 .ARM.attributes
                0x00000091       0x2c build/pin_mux.o
 .ARM.attributes
                0x000000bd       0x2c build/board.o
 .ARM.attributes
                0x000000e9       0x2c build/clock_config.o
 .ARM.attributes
                0x00000115       0x2c build/xprintf.o
 .ARM.attributes
                0x00000141       0x2c build/system_LPC824.o
 .ARM.attributes
                0x0000016d       0x2c build/fsl_common.o
 .ARM.attributes
                0x00000199       0x2c build/fsl_common_arm.o
 .ARM.attributes
                0x000001c5       0x2c build/fsl_gpio.o
 .ARM.attributes
                0x000001f1       0x2c build/fsl_power.o
 .ARM.attributes
                0x0000021d       0x2c build/fsl_clock.o
 .ARM.attributes
                0x00000249       0x2c build/fsl_reset.o
 .ARM.attributes
                0x00000275       0x2c build/fsl_swm.o
 .ARM.attributes
                0x000002a1       0x2c build/fsl_syscon.o
 .ARM.attributes
                0x000002cd       0x2c build/fsl_adc.o
 .ARM.attributes
                0x000002f9       0x2c build/fsl_sctimer.o
 .ARM.attributes
                0x00000325       0x2c build/fsl_usart.o
 .ARM.attributes
                0x00000351       0x2c build/fsl_adapter_miniusart.o
 .ARM.attributes
                0x0000037d       0x2c build/fsl_debug_console.o
 .ARM.attributes
                0x000003a9       0x2c build/fsl_str.o
 .ARM.attributes
                0x000003d5       0x1b build/startup_LPC824.o
 .ARM.attributes
                0x000003f0       0x1e C:/Program Files (x86)/Arm GNU Toolchain arm-none-eabi/13.3 rel1/bin/../lib/gcc/arm-none-eabi/13.3.1/thumb/v6-m/nofp\libgcc.a(_thumb1_case_sqi.o)
 .ARM.attributes
                0x0000040e       0x1e C:/Program Files (x86)/Arm GNU Toolchain arm-none-eabi/13.3 rel1/bin/../lib/gcc/arm-none-eabi/13.3.1/thumb/v6-m/nofp\libgcc.a(_thumb1_case_uqi.o)
 .ARM.attributes
                0x0000042c       0x1e C:/Program Files (x86)/Arm GNU Toolchain arm-none-eabi/13.3 rel1/bin/../lib/gcc/arm-none-eabi/13.3.1/thumb/v6-m/nofp\libgcc.a(_thumb1_case_shi.o)
 .ARM.attributes
                0x0000044a       0x1e C:/Program Files (x86)/Arm GNU Toolchain arm-none-eabi/13.3 rel1/bin/../lib/gcc/arm-none-eabi/13.3.1/thumb/v6-m/nofp\libgcc.a(_udivsi3.o)
 .ARM.attributes
                0x00000468       0x1e C:/Program Files (x86)/Arm GNU Toolchain arm-none-eabi/13.3 rel1/bin/../lib/gcc/arm-none-eabi/13.3.1/thumb/v6-m/nofp\libgcc.a(_divsi3.o)
 .ARM.attributes
                0x00000486       0x1e C:/Program Files (x86)/Arm GNU Toolchain arm-none-eabi/13.3 rel1/bin/../lib/gcc/arm-none-eabi/13.3.1/thumb/v6-m/nofp\libgcc.a(_dvmd_tls.o)
 .ARM.attributes
                0x000004a4       0x1e C:/Program Files (x86)/Arm GNU Toolchain arm-none-eabi/13.3 rel1/bin/../lib/gcc/arm-none-eabi/13.3.1/thumb/v6-m/nofp\libgcc.a(_aeabi_ldivmod.o)
 .ARM.attributes
                0x000004c2       0x1e C:/Program Files (x86)/Arm GNU Toolchain arm-none-eabi/13.3 rel1/bin/../lib/gcc/arm-none-eabi/13.3.1/thumb/v6-m/nofp\libgcc.a(_aeabi_uldivmod.o)
 .ARM.attributes
                0x000004e0       0x2c C:/Program Files (x86)/Arm GNU Toolchain arm-none-eabi/13.3 rel1/bin/../lib/gcc/arm-none-eabi/13.3.1/thumb/v6-m/nofp\libgcc.a(_muldi3.o)
 .ARM.attributes
                0x0000050c       0x2c C:/Program Files (x86)/Arm GNU Toolchain arm-none-eabi/13.3 rel1/bin/../lib/gcc/arm-none-eabi/13.3.1/thumb/v6-m/nofp\libgcc.a(_udivmoddi4.o)
 .ARM.attributes
                0x00000538       0x2c C:/Program Files (x86)/Arm GNU Toolchain arm-none-eabi/13.3 rel1/bin/../lib/gcc/arm-none-eabi/13.3.1/thumb/v6-m/nofp\libgcc.a(bpabi.o)
 .ARM.attributes
                0x00000564       0x1e C:/Program Files (x86)/Arm GNU Toolchain arm-none-eabi/13.3 rel1/bin/../lib/gcc/arm-none-eabi/13.3.1/thumb/v6-m/nofp\libgcc.a(_clzdi2.o)
 .ARM.attributes
                0x00000582       0x2c C:/Program Files (x86)/Arm GNU Toolchain arm-none-eabi/13.3 rel1/bin/../lib/gcc/arm-none-eabi/13.3.1/thumb/v6-m/nofp\libgcc.a(_divdi3.o)
 .ARM.attributes
                0x000005ae       0x1e C:/Program Files (x86)/Arm GNU Toolchain arm-none-eabi/13.3 rel1/bin/../lib/gcc/arm-none-eabi/13.3.1/thumb/v6-m/nofp\libgcc.a(_clzsi2.o)
 .ARM.attributes
                0x000005cc       0x2c C:/Program Files (x86)/Arm GNU Toolchain arm-none-eabi/13.3 rel1/bin/../lib/gcc/arm-none-eabi/13.3.1/thumb/v6-m/nofp\libc_nano.a(libc_a-exit.o)
 .ARM.attributes
                0x000005f8       0x2c C:/Program Files (x86)/Arm GNU Toolchain arm-none-eabi/13.3 rel1/bin/../lib/gcc/arm-none-eabi/13.3.1/thumb/v6-m/nofp\libc_nano.a(libc_a-malloc.o)
 .ARM.attributes
                0x00000624       0x2c C:/Program Files (x86)/Arm GNU Toolchain arm-none-eabi/13.3 rel1/bin/../lib/gcc/arm-none-eabi/13.3.1/thumb/v6-m/nofp\libc_nano.a(libc_a-mallocr.o)
 .ARM.attributes
                0x00000650       0x2c C:/Program Files (x86)/Arm GNU Toolchain arm-none-eabi/13.3 rel1/bin/../lib/gcc/arm-none-eabi/13.3.1/thumb/v6-m/nofp\libc_nano.a(libc_a-mlock.o)
 .ARM.attributes
                0x0000067c       0x2c C:/Program Files (x86)/Arm GNU Toolchain arm-none-eabi/13.3 rel1/bin/../lib/gcc/arm-none-eabi/13.3.1/thumb/v6-m/nofp\libc_nano.a(libc_a-strtoul.o)
 .ARM.attributes
                0x000006a8       0x2c C:/Program Files (x86)/Arm GNU Toolchain arm-none-eabi/13.3 rel1/bin/../lib/gcc/arm-none-eabi/13.3.1/thumb/v6-m/nofp\libc_nano.a(libc_a-ctype_.o)
 .ARM.attributes
                0x000006d4       0x2c C:/Program Files (x86)/Arm GNU Toolchain arm-none-eabi/13.3 rel1/bin/../lib/gcc/arm-none-eabi/13.3.1/thumb/v6-m/nofp\libc_nano.a(libc_a-findfp.o)
 .ARM.attributes
                0x00000700       0x2c C:/Program Files (x86)/Arm GNU Toolchain arm-none-eabi/13.3 rel1/bin/../lib/gcc/arm-none-eabi/13.3.1/thumb/v6-m/nofp\libc_nano.a(libc_a-fwalk.o)
 .ARM.attributes
                0x0000072c       0x2c C:/Program Files (x86)/Arm GNU Toolchain arm-none-eabi/13.3 rel1/bin/../lib/gcc/arm-none-eabi/13.3.1/thumb/v6-m/nofp\libc_nano.a(libc_a-stdio.o)
 .ARM.attributes
                0x00000758       0x2c C:/Program Files (x86)/Arm GNU Toolchain arm-none-eabi/13.3 rel1/bin/../lib/gcc/arm-none-eabi/13.3.1/thumb/v6-m/nofp\libc_nano.a(libc_a-memset.o)
 .ARM.attributes
                0x00000784       0x2c C:/Program Files (x86)/Arm GNU Toolchain arm-none-eabi/13.3 rel1/bin/../lib/gcc/arm-none-eabi/13.3.1/thumb/v6-m/nofp\libc_nano.a(libc_a-closer.o)
 .ARM.attributes
                0x000007b0       0x2c C:/Program Files (x86)/Arm GNU Toolchain arm-none-eabi/13.3 rel1/bin/../lib/gcc/arm-none-eabi/13.3.1/thumb/v6-m/nofp\libc_nano.a(libc_a-reent.o)
 .ARM.attributes
                0x000007dc       0x2c C:/Program Files (x86)/Arm GNU Toolchain arm-none-eabi/13.3 rel1/bin/../lib/gcc/arm-none-eabi/13.3.1/thumb/v6-m/nofp\libc_nano.a(libc_a-impure.o)
 .ARM.attributes
                0x00000808       0x2c C:/Program Files (x86)/Arm GNU Toolchain arm-none-eabi/13.3 rel1/bin/../lib/gcc/arm-none-eabi/13.3.1/thumb/v6-m/nofp\libc_nano.a(libc_a-lseekr.o)
 .ARM.attributes
                0x00000834       0x2c C:/Program Files (x86)/Arm GNU Toolchain arm-none-eabi/13.3 rel1/bin/../lib/gcc/arm-none-eabi/13.3.1/thumb/v6-m/nofp\libc_nano.a(libc_a-readr.o)
 .ARM.attributes
                0x00000860       0x2c C:/Program Files (x86)/Arm GNU Toolchain arm-none-eabi/13.3 rel1/bin/../lib/gcc/arm-none-eabi/13.3.1/thumb/v6-m/nofp\libc_nano.a(libc_a-sbrkr.o)
 .ARM.attributes
                0x0000088c       0x2c C:/Program Files (x86)/Arm GNU Toolchain arm-none-eabi/13.3 rel1/bin/../lib/gcc/arm-none-eabi/13.3.1/thumb/v6-m/nofp\libc_nano.a(libc_a-writer.o)
 .ARM.attributes
                0x000008b8       0x2c C:/Program Files (x86)/Arm GNU Toolchain arm-none-eabi/13.3 rel1/bin/../lib/gcc/arm-none-eabi/13.3.1/thumb/v6-m/nofp\libc_nano.a(libc_a-errno.o)
 .ARM.attributes
                0x000008e4       0x2c C:/Program Files (x86)/Arm GNU Toolchain arm-none-eabi/13.3 rel1/bin/../lib/gcc/arm-none-eabi/13.3.1/thumb/v6-m/nofp\libc_nano.a(libc_a-init.o)
 .ARM.attributes
                0x00000910       0x2c C:/Program Files (x86)/Arm GNU Toolchain arm-none-eabi/13.3 rel1/bin/../lib/gcc/arm-none-eabi/13.3.1/thumb/v6-m/nofp\libc_nano.a(libc_a-lock.o)
 .ARM.attributes
                0x0000093c       0x2c C:/Program Files (x86)/Arm GNU Toolchain arm-none-eabi/13.3 rel1/bin/../lib/gcc/arm-none-eabi/13.3.1/thumb/v6-m/nofp\libc_nano.a(libc_a-memcpy-stub.o)
 .ARM.attributes
                0x00000968       0x2c C:/Program Files (x86)/Arm GNU Toolchain arm-none-eabi/13.3 rel1/bin/../lib/gcc/arm-none-eabi/13.3.1/thumb/v6-m/nofp\libc_nano.a(libc_a-freer.o)
 .ARM.attributes
                0x00000994       0x2c C:/Program Files (x86)/Arm GNU Toolchain arm-none-eabi/13.3 rel1/bin/../lib/gcc/arm-none-eabi/13.3.1/thumb/v6-m/nofp\libc_nano.a(libc_a-fflush.o)
 .ARM.attributes
                0x000009c0       0x2c C:/Program Files (x86)/Arm GNU Toolchain arm-none-eabi/13.3 rel1/bin/../lib/gcc/arm-none-eabi/13.3.1/thumb/v6-m/nofp\libnosys.a(close.o)
 .ARM.attributes
                0x000009ec       0x2c C:/Program Files (x86)/Arm GNU Toolchain arm-none-eabi/13.3 rel1/bin/../lib/gcc/arm-none-eabi/13.3.1/thumb/v6-m/nofp\libnosys.a(lseek.o)
 .ARM.attributes
                0x00000a18       0x2c C:/Program Files (x86)/Arm GNU Toolchain arm-none-eabi/13.3 rel1/bin/../lib/gcc/arm-none-eabi/13.3.1/thumb/v6-m/nofp\libnosys.a(read.o)
 .ARM.attributes
                0x00000a44       0x2c C:/Program Files (x86)/Arm GNU Toolchain arm-none-eabi/13.3 rel1/bin/../lib/gcc/arm-none-eabi/13.3.1/thumb/v6-m/nofp\libnosys.a(sbrk.o)
 .ARM.attributes
                0x00000a70       0x2c C:/Program Files (x86)/Arm GNU Toolchain arm-none-eabi/13.3 rel1/bin/../lib/gcc/arm-none-eabi/13.3.1/thumb/v6-m/nofp\libnosys.a(write.o)
 .ARM.attributes
                0x00000a9c       0x2c C:/Program Files (x86)/Arm GNU Toolchain arm-none-eabi/13.3 rel1/bin/../lib/gcc/arm-none-eabi/13.3.1/thumb/v6-m/nofp\libnosys.a(_exit.o)
 .ARM.attributes
                0x00000ac8       0x2c C:/Program Files (x86)/Arm GNU Toolchain arm-none-eabi/13.3 rel1/bin/../lib/gcc/arm-none-eabi/13.3.1/thumb/v6-m/nofp/crtend.o
 .ARM.attributes
                0x00000af4       0x1e C:/Program Files (x86)/Arm GNU Toolchain arm-none-eabi/13.3 rel1/bin/../lib/gcc/arm-none-eabi/13.3.1/thumb/v6-m/nofp/crtn.o
                0x00000001                        ASSERT ((__StackLimit >= __HeapLimit), region m_data overflowed with stack and heap)
OUTPUT(build/EX3_PART2.elf elf32-littlearm)
LOAD linker stubs

.debug_line_str
                0x00000000      0x1a7
 .debug_line_str
                0x00000000      0x1a7 C:/Program Files (x86)/Arm GNU Toolchain arm-none-eabi/13.3 rel1/bin/../lib/gcc/arm-none-eabi/13.3.1/thumb/v6-m/nofp/crt0.o
                                 0xd2 (size before relaxing)
 .debug_line_str
                0x000001a7       0xc9 C:/Program Files (x86)/Arm GNU Toolchain arm-none-eabi/13.3 rel1/bin/../lib/gcc/arm-none-eabi/13.3.1/thumb/v6-m/nofp\libgcc.a(_thumb1_case_sqi.o)
 .debug_line_str
                0x000001a7       0xc9 C:/Program Files (x86)/Arm GNU Toolchain arm-none-eabi/13.3 rel1/bin/../lib/gcc/arm-none-eabi/13.3.1/thumb/v6-m/nofp\libgcc.a(_thumb1_case_uqi.o)
 .debug_line_str
                0x000001a7       0xc9 C:/Program Files (x86)/Arm GNU Toolchain arm-none-eabi/13.3 rel1/bin/../lib/gcc/arm-none-eabi/13.3.1/thumb/v6-m/nofp\libgcc.a(_thumb1_case_shi.o)
 .debug_line_str
                0x000001a7       0xc9 C:/Program Files (x86)/Arm GNU Toolchain arm-none-eabi/13.3 rel1/bin/../lib/gcc/arm-none-eabi/13.3.1/thumb/v6-m/nofp\libgcc.a(_udivsi3.o)
 .debug_line_str
                0x000001a7       0xc9 C:/Program Files (x86)/Arm GNU Toolchain arm-none-eabi/13.3 rel1/bin/../lib/gcc/arm-none-eabi/13.3.1/thumb/v6-m/nofp\libgcc.a(_divsi3.o)
 .debug_line_str
                0x000001a7       0xc9 C:/Program Files (x86)/Arm GNU Toolchain arm-none-eabi/13.3 rel1/bin/../lib/gcc/arm-none-eabi/13.3.1/thumb/v6-m/nofp\libgcc.a(_dvmd_tls.o)
 .debug_line_str
                0x000001a7       0xc9 C:/Program Files (x86)/Arm GNU Toolchain arm-none-eabi/13.3 rel1/bin/../lib/gcc/arm-none-eabi/13.3.1/thumb/v6-m/nofp\libgcc.a(_aeabi_ldivmod.o)
 .debug_line_str
                0x000001a7       0xc9 C:/Program Files (x86)/Arm GNU Toolchain arm-none-eabi/13.3 rel1/bin/../lib/gcc/arm-none-eabi/13.3.1/thumb/v6-m/nofp\libgcc.a(_aeabi_uldivmod.o)
 .debug_line_str
                0x000001a7       0xc9 C:/Program Files (x86)/Arm GNU Toolchain arm-none-eabi/13.3 rel1/bin/../lib/gcc/arm-none-eabi/13.3.1/thumb/v6-m/nofp\libgcc.a(_clzdi2.o)
 .debug_line_str
                0x000001a7       0xc9 C:/Program Files (x86)/Arm GNU Toolchain arm-none-eabi/13.3 rel1/bin/../lib/gcc/arm-none-eabi/13.3.1/thumb/v6-m/nofp\libgcc.a(_clzsi2.o)

.comment        0x00000000       0x45
 .comment       0x00000000       0x45 build/EX3_PART2.o
                                 0x46 (size before relaxing)
 .comment       0x00000045       0x46 build/pin_mux.o
 .comment       0x00000045       0x46 build/board.o
 .comment       0x00000045       0x46 build/clock_config.o
 .comment       0x00000045       0x46 build/xprintf.o
 .comment       0x00000045       0x46 build/system_LPC824.o
 .comment       0x00000045       0x46 build/fsl_common.o
 .comment       0x00000045       0x46 build/fsl_common_arm.o
 .comment       0x00000045       0x46 build/fsl_gpio.o
 .comment       0x00000045       0x46 build/fsl_power.o
 .comment       0x00000045       0x46 build/fsl_clock.o
 .comment       0x00000045       0x46 build/fsl_reset.o
 .comment       0x00000045       0x46 build/fsl_swm.o
 .comment       0x00000045       0x46 build/fsl_syscon.o
 .comment       0x00000045       0x46 build/fsl_adc.o
 .comment       0x00000045       0x46 build/fsl_sctimer.o
 .comment       0x00000045       0x46 build/fsl_usart.o
 .comment       0x00000045       0x46 build/fsl_adapter_miniusart.o
 .comment       0x00000045       0x46 build/fsl_debug_console.o
 .comment       0x00000045       0x46 build/fsl_str.o

.debug_frame    0x00000000      0x830
 .debug_frame   0x00000000       0x20 C:/Program Files (x86)/Arm GNU Toolchain arm-none-eabi/13.3 rel1/bin/../lib/gcc/arm-none-eabi/13.3.1/thumb/v6-m/nofp\libgcc.a(_udivsi3.o)
 .debug_frame   0x00000020       0x20 C:/Program Files (x86)/Arm GNU Toolchain arm-none-eabi/13.3 rel1/bin/../lib/gcc/arm-none-eabi/13.3.1/thumb/v6-m/nofp\libgcc.a(_divsi3.o)
 .debug_frame   0x00000040       0x34 C:/Program Files (x86)/Arm GNU Toolchain arm-none-eabi/13.3 rel1/bin/../lib/gcc/arm-none-eabi/13.3.1/thumb/v6-m/nofp\libgcc.a(_muldi3.o)
 .debug_frame   0x00000074       0x3c C:/Program Files (x86)/Arm GNU Toolchain arm-none-eabi/13.3 rel1/bin/../lib/gcc/arm-none-eabi/13.3.1/thumb/v6-m/nofp\libgcc.a(_udivmoddi4.o)
 .debug_frame   0x000000b0       0x38 C:/Program Files (x86)/Arm GNU Toolchain arm-none-eabi/13.3 rel1/bin/../lib/gcc/arm-none-eabi/13.3.1/thumb/v6-m/nofp\libgcc.a(bpabi.o)
 .debug_frame   0x000000e8       0x3c C:/Program Files (x86)/Arm GNU Toolchain arm-none-eabi/13.3 rel1/bin/../lib/gcc/arm-none-eabi/13.3.1/thumb/v6-m/nofp\libgcc.a(_divdi3.o)
 .debug_frame   0x00000124       0x28 C:/Program Files (x86)/Arm GNU Toolchain arm-none-eabi/13.3 rel1/bin/../lib/gcc/arm-none-eabi/13.3.1/thumb/v6-m/nofp\libc_nano.a(libc_a-exit.o)
 .debug_frame   0x0000014c       0x40 C:/Program Files (x86)/Arm GNU Toolchain arm-none-eabi/13.3 rel1/bin/../lib/gcc/arm-none-eabi/13.3.1/thumb/v6-m/nofp\libc_nano.a(libc_a-malloc.o)
 .debug_frame   0x0000018c       0x50 C:/Program Files (x86)/Arm GNU Toolchain arm-none-eabi/13.3 rel1/bin/../lib/gcc/arm-none-eabi/13.3.1/thumb/v6-m/nofp\libc_nano.a(libc_a-mallocr.o)
 .debug_frame   0x000001dc       0x40 C:/Program Files (x86)/Arm GNU Toolchain arm-none-eabi/13.3 rel1/bin/../lib/gcc/arm-none-eabi/13.3.1/thumb/v6-m/nofp\libc_nano.a(libc_a-mlock.o)
 .debug_frame   0x0000021c       0x78 C:/Program Files (x86)/Arm GNU Toolchain arm-none-eabi/13.3 rel1/bin/../lib/gcc/arm-none-eabi/13.3.1/thumb/v6-m/nofp\libc_nano.a(libc_a-strtoul.o)
 .debug_frame   0x00000294      0x138 C:/Program Files (x86)/Arm GNU Toolchain arm-none-eabi/13.3 rel1/bin/../lib/gcc/arm-none-eabi/13.3.1/thumb/v6-m/nofp\libc_nano.a(libc_a-findfp.o)
 .debug_frame   0x000003cc       0x34 C:/Program Files (x86)/Arm GNU Toolchain arm-none-eabi/13.3 rel1/bin/../lib/gcc/arm-none-eabi/13.3.1/thumb/v6-m/nofp\libc_nano.a(libc_a-fwalk.o)
 .debug_frame   0x00000400       0x90 C:/Program Files (x86)/Arm GNU Toolchain arm-none-eabi/13.3 rel1/bin/../lib/gcc/arm-none-eabi/13.3.1/thumb/v6-m/nofp\libc_nano.a(libc_a-stdio.o)
 .debug_frame   0x00000490       0x20 C:/Program Files (x86)/Arm GNU Toolchain arm-none-eabi/13.3 rel1/bin/../lib/gcc/arm-none-eabi/13.3.1/thumb/v6-m/nofp\libc_nano.a(libc_a-memset.o)
 .debug_frame   0x000004b0       0x2c C:/Program Files (x86)/Arm GNU Toolchain arm-none-eabi/13.3 rel1/bin/../lib/gcc/arm-none-eabi/13.3.1/thumb/v6-m/nofp\libc_nano.a(libc_a-closer.o)
 .debug_frame   0x000004dc       0x2c C:/Program Files (x86)/Arm GNU Toolchain arm-none-eabi/13.3 rel1/bin/../lib/gcc/arm-none-eabi/13.3.1/thumb/v6-m/nofp\libc_nano.a(libc_a-reent.o)
 .debug_frame   0x00000508       0x2c C:/Program Files (x86)/Arm GNU Toolchain arm-none-eabi/13.3 rel1/bin/../lib/gcc/arm-none-eabi/13.3.1/thumb/v6-m/nofp\libc_nano.a(libc_a-lseekr.o)
 .debug_frame   0x00000534       0x2c C:/Program Files (x86)/Arm GNU Toolchain arm-none-eabi/13.3 rel1/bin/../lib/gcc/arm-none-eabi/13.3.1/thumb/v6-m/nofp\libc_nano.a(libc_a-readr.o)